
> projectspecdrivendevelopment@1.0.0 test
> jest --verbose

PASS tests/simple.test.js
  Test simple
    ✓ debe pasar (14 ms)

  console.log
    2026-04-26T15:04:25.571Z - POST /api/estudiantes - IP: ::ffff:127.0.0.1

      at log (src/middleware/errorHandler.js:83:11)

  console.log
    2026-04-26T15:04:25.567Z - POST /api/estudiantes - IP: ::ffff:127.0.0.1

      at log (src/middleware/errorHandler.js:83:11)

  console.log
    2026-04-26T15:04:25.602Z - POST /api/estudiantes - IP: ::ffff:127.0.0.1

      at log (src/middleware/errorHandler.js:83:11)

  console.log
    2026-04-26T15:04:25.640Z - POST / - 201 - 69ms

      at ServerResponse.log [as send] (src/middleware/errorHandler.js:89:13)

  console.log
    2026-04-26T15:04:25.653Z - POST / - 201 - 51ms

      at ServerResponse.log [as send] (src/middleware/errorHandler.js:89:13)

  console.log
    2026-04-26T15:04:25.655Z - POST / - 201 - 88ms

      at ServerResponse.log [as send] (src/middleware/errorHandler.js:89:13)

  console.log
    2026-04-26T15:04:25.676Z - POST /api/estudiantes - IP: ::ffff:127.0.0.1

      at log (src/middleware/errorHandler.js:83:11)

  console.log
    2026-04-26T15:04:25.678Z - POST /api/estudiantes - IP: ::ffff:127.0.0.1

      at log (src/middleware/errorHandler.js:83:11)

  console.log
    2026-04-26T15:04:25.678Z - POST /api/asistencias - IP: ::ffff:127.0.0.1

      at log (src/middleware/errorHandler.js:83:11)

  console.log
    2026-04-26T15:04:25.682Z - POST / - 201 - 6ms

      at ServerResponse.log [as send] (src/middleware/errorHandler.js:89:13)

  console.log
    2026-04-26T15:04:25.683Z - POST / - 201 - 5ms

      at ServerResponse.log [as send] (src/middleware/errorHandler.js:89:13)

  console.error
    Error capturado: {
      message: 'Datos de entrada inválidos',
      code: 'VALIDATION_ERROR',
      statusCode: 400,
      stack: undefined,
      url: '/api/estudiantes',
      method: 'POST',
      timestamp: '2026-04-26T15:04:25.682Z'
    }

      2 | const errorHandler = (err, req, res, next) => {
      3 |   // Log del error para debugging
    > 4 |   console.error('Error capturado:', {
        |           ^
      5 |     message: err.message,
      6 |     code: err.code,
      7 |     statusCode: err.statusCode,

      at error (src/middleware/errorHandler.js:4:11)
      at Layer.handle_error (node_modules/express/lib/router/layer.js:71:5)
      at trim_prefix (node_modules/express/lib/router/index.js:326:13)
      at node_modules/express/lib/router/index.js:286:9
      at Function.process_params (node_modules/express/lib/router/index.js:346:12)
      at next (node_modules/express/lib/router/index.js:280:10)
      at Layer.handle_error (node_modules/express/lib/router/layer.js:67:12)
      at trim_prefix (node_modules/express/lib/router/index.js:326:13)
      at node_modules/express/lib/router/index.js:286:9
      at Function.process_params (node_modules/express/lib/router/index.js:346:12)
      at next (node_modules/express/lib/router/index.js:280:10)
      at node_modules/express/lib/router/index.js:646:15
      at next (node_modules/express/lib/router/index.js:265:14)
      at next (node_modules/express/lib/router/route.js:141:14)
      at next (src/controllers/EstudiantesController.js:18:16)
      at Layer.handle [as handle_request] (node_modules/express/lib/router/layer.js:95:5)
      at next (node_modules/express/lib/router/route.js:149:13)
      at middleware (node_modules/express-validator/lib/middlewares/check.js:16:13)

  console.log
    2026-04-26T15:04:25.690Z - POST /api/estudiantes - IP: ::ffff:127.0.0.1

      at log (src/middleware/errorHandler.js:83:11)

  console.log
    2026-04-26T15:04:25.691Z - POST /api/estudiantes - 400 - 13ms

      at ServerResponse.log [as send] (src/middleware/errorHandler.js:89:13)

  console.log
    2026-04-26T15:04:25.695Z - POST / - 201 - 5ms

      at ServerResponse.log [as send] (src/middleware/errorHandler.js:89:13)

  console.log
    2026-04-26T15:04:25.699Z - POST /api/estudiantes - IP: ::ffff:127.0.0.1

      at log (src/middleware/errorHandler.js:83:11)

  console.log
    2026-04-26T15:04:25.701Z - POST /api/estudiantes - IP: ::ffff:127.0.0.1

      at log (src/middleware/errorHandler.js:83:11)

  console.log
    2026-04-26T15:04:25.703Z - POST / - 201 - 4ms

      at ServerResponse.log [as send] (src/middleware/errorHandler.js:89:13)

  console.log
    2026-04-26T15:04:25.701Z - POST /api/asistencias - IP: ::ffff:127.0.0.1

      at log (src/middleware/errorHandler.js:83:11)

  console.log
    2026-04-26T15:04:25.704Z - POST / - 201 - 3ms

      at ServerResponse.log [as send] (src/middleware/errorHandler.js:89:13)

  console.log
    2026-04-26T15:04:25.708Z - POST / - 201 - 7ms

      at ServerResponse.log [as send] (src/middleware/errorHandler.js:89:13)

  console.log
    2026-04-26T15:04:25.710Z - POST /api/estudiantes - IP: ::ffff:127.0.0.1

      at log (src/middleware/errorHandler.js:83:11)

  console.log
    2026-04-26T15:04:25.710Z - POST /api/asistencias - IP: ::ffff:127.0.0.1

      at log (src/middleware/errorHandler.js:83:11)

  console.log
    2026-04-26T15:04:25.715Z - POST / - 201 - 5ms

      at ServerResponse.log [as send] (src/middleware/errorHandler.js:89:13)

  console.error
    Error capturado: {
      message: 'Ya existe un estudiante con el código EST00123',
      code: 'DUPLICATE_STUDENT_CODE',
      statusCode: 409,
      stack: undefined,
      url: '/api/estudiantes',
      method: 'POST',
      timestamp: '2026-04-26T15:04:25.713Z'
    }

      2 | const errorHandler = (err, req, res, next) => {
      3 |   // Log del error para debugging
    > 4 |   console.error('Error capturado:', {
        |           ^
      5 |     message: err.message,
      6 |     code: err.code,
      7 |     statusCode: err.statusCode,

      at error (src/middleware/errorHandler.js:4:11)
      at Layer.handle_error (node_modules/express/lib/router/layer.js:71:5)
      at trim_prefix (node_modules/express/lib/router/index.js:326:13)
      at node_modules/express/lib/router/index.js:286:9
      at Function.process_params (node_modules/express/lib/router/index.js:346:12)
      at next (node_modules/express/lib/router/index.js:280:10)
      at Layer.handle_error (node_modules/express/lib/router/layer.js:67:12)
      at trim_prefix (node_modules/express/lib/router/index.js:326:13)
      at node_modules/express/lib/router/index.js:286:9
      at Function.process_params (node_modules/express/lib/router/index.js:346:12)
      at next (node_modules/express/lib/router/index.js:280:10)
      at node_modules/express/lib/router/index.js:646:15
      at next (node_modules/express/lib/router/index.js:265:14)
      at next (node_modules/express/lib/router/route.js:141:14)
      at next (src/controllers/EstudiantesController.js:33:7)

  console.log
    2026-04-26T15:04:25.718Z - POST /api/estudiantes - 409 - 8ms

      at ServerResponse.log [as send] (src/middleware/errorHandler.js:89:13)

  console.log
    2026-04-26T15:04:25.717Z - POST /api/asistencias - IP: ::ffff:127.0.0.1

      at log (src/middleware/errorHandler.js:83:11)

  console.log
    2026-04-26T15:04:25.723Z - POST / - 201 - 6ms

      at ServerResponse.log [as send] (src/middleware/errorHandler.js:89:13)

  console.log
    2026-04-26T15:04:25.726Z - POST /api/estudiantes - IP: ::ffff:127.0.0.1

      at log (src/middleware/errorHandler.js:83:11)

  console.log
    2026-04-26T15:04:25.729Z - POST /api/estudiantes - IP: ::ffff:127.0.0.1

      at log (src/middleware/errorHandler.js:83:11)

  console.log
    2026-04-26T15:04:25.732Z - POST / - 201 - 6ms

      at ServerResponse.log [as send] (src/middleware/errorHandler.js:89:13)

  console.log
    2026-04-26T15:04:25.731Z - POST /api/asistencias - IP: ::ffff:127.0.0.1

      at log (src/middleware/errorHandler.js:83:11)

  console.log
    2026-04-26T15:04:25.735Z - POST / - 201 - 4ms

      at ServerResponse.log [as send] (src/middleware/errorHandler.js:89:13)

  console.error
    Error capturado: {
      message: 'Datos de entrada inválidos',
      code: 'VALIDATION_ERROR',
      statusCode: 400,
      stack: undefined,
      url: '/api/estudiantes',
      method: 'POST',
      timestamp: '2026-04-26T15:04:25.732Z'
    }

      2 | const errorHandler = (err, req, res, next) => {
      3 |   // Log del error para debugging
    > 4 |   console.error('Error capturado:', {
        |           ^
      5 |     message: err.message,
      6 |     code: err.code,
      7 |     statusCode: err.statusCode,

      at error (src/middleware/errorHandler.js:4:11)
      at Layer.handle_error (node_modules/express/lib/router/layer.js:71:5)
      at trim_prefix (node_modules/express/lib/router/index.js:326:13)
      at node_modules/express/lib/router/index.js:286:9
      at Function.process_params (node_modules/express/lib/router/index.js:346:12)
      at next (node_modules/express/lib/router/index.js:280:10)
      at Layer.handle_error (node_modules/express/lib/router/layer.js:67:12)
      at trim_prefix (node_modules/express/lib/router/index.js:326:13)
      at node_modules/express/lib/router/index.js:286:9
      at Function.process_params (node_modules/express/lib/router/index.js:346:12)
      at next (node_modules/express/lib/router/index.js:280:10)
      at node_modules/express/lib/router/index.js:646:15
      at next (node_modules/express/lib/router/index.js:265:14)
      at next (node_modules/express/lib/router/route.js:141:14)
      at next (src/controllers/EstudiantesController.js:18:16)
      at Layer.handle [as handle_request] (node_modules/express/lib/router/layer.js:95:5)
      at next (node_modules/express/lib/router/route.js:149:13)
      at middleware (node_modules/express-validator/lib/middlewares/check.js:16:13)

  console.log
    2026-04-26T15:04:25.736Z - POST /api/estudiantes - 400 - 7ms

      at ServerResponse.log [as send] (src/middleware/errorHandler.js:89:13)

  console.log
    2026-04-26T15:04:25.740Z - POST /api/asistencias - IP: ::ffff:127.0.0.1

      at log (src/middleware/errorHandler.js:83:11)

  console.log
    2026-04-26T15:04:25.741Z - POST /api/asistencias - IP: ::ffff:127.0.0.1

      at log (src/middleware/errorHandler.js:83:11)

  console.log
    2026-04-26T15:04:25.745Z - POST / - 201 - 5ms

      at ServerResponse.log [as send] (src/middleware/errorHandler.js:89:13)

  console.log
    2026-04-26T15:04:25.745Z - POST / - 201 - 4ms

      at ServerResponse.log [as send] (src/middleware/errorHandler.js:89:13)

  console.log
    2026-04-26T15:04:25.746Z - POST /api/estudiantes - IP: ::ffff:127.0.0.1

      at log (src/middleware/errorHandler.js:83:11)

  console.error
    Error capturado: {
      message: 'El nombre del estudiante es requerido',
      code: 'MISSING_REQUIRED_FIELDS',
      statusCode: 400,
      stack: undefined,
      url: '/api/estudiantes',
      method: 'POST',
      timestamp: '2026-04-26T15:04:25.748Z'
    }

      2 | const errorHandler = (err, req, res, next) => {
      3 |   // Log del error para debugging
    > 4 |   console.error('Error capturado:', {
        |           ^
      5 |     message: err.message,
      6 |     code: err.code,
      7 |     statusCode: err.statusCode,

      at error (src/middleware/errorHandler.js:4:11)
      at Layer.handle_error (node_modules/express/lib/router/layer.js:71:5)
      at trim_prefix (node_modules/express/lib/router/index.js:326:13)
      at node_modules/express/lib/router/index.js:286:9
      at Function.process_params (node_modules/express/lib/router/index.js:346:12)
      at next (node_modules/express/lib/router/index.js:280:10)
      at Layer.handle_error (node_modules/express/lib/router/layer.js:67:12)
      at trim_prefix (node_modules/express/lib/router/index.js:326:13)
      at node_modules/express/lib/router/index.js:286:9
      at Function.process_params (node_modules/express/lib/router/index.js:346:12)
      at next (node_modules/express/lib/router/index.js:280:10)
      at node_modules/express/lib/router/index.js:646:15
      at next (node_modules/express/lib/router/index.js:265:14)
      at next (node_modules/express/lib/router/route.js:141:14)
      at next (src/controllers/EstudiantesController.js:33:7)

  console.log
    2026-04-26T15:04:25.750Z - POST /api/asistencias - IP: ::ffff:127.0.0.1

      at log (src/middleware/errorHandler.js:83:11)

  console.log
    2026-04-26T15:04:25.750Z - POST /api/estudiantes - IP: ::ffff:127.0.0.1

      at log (src/middleware/errorHandler.js:83:11)

  console.log
    2026-04-26T15:04:25.750Z - POST /api/estudiantes - 400 - 4ms

      at ServerResponse.log [as send] (src/middleware/errorHandler.js:89:13)

  console.log
    2026-04-26T15:04:25.752Z - POST / - 201 - 2ms

      at ServerResponse.log [as send] (src/middleware/errorHandler.js:89:13)

  console.log
    2026-04-26T15:04:25.753Z - POST / - 201 - 3ms

      at ServerResponse.log [as send] (src/middleware/errorHandler.js:89:13)

  console.log
    2026-04-26T15:04:25.763Z - POST /api/asistencias - IP: ::ffff:127.0.0.1

      at log (src/middleware/errorHandler.js:83:11)

  console.log
    2026-04-26T15:04:25.763Z - POST /api/asistencias - IP: ::ffff:127.0.0.1

      at log (src/middleware/errorHandler.js:83:11)

  console.log
    2026-04-26T15:04:25.766Z - POST /api/estudiantes - IP: ::ffff:127.0.0.1

      at log (src/middleware/errorHandler.js:83:11)

  console.log
    2026-04-26T15:04:25.767Z - POST / - 201 - 4ms

      at ServerResponse.log [as send] (src/middleware/errorHandler.js:89:13)

  console.error
    Error capturado: {
      message: 'Datos de entrada inválidos',
      code: 'VALIDATION_ERROR',
      statusCode: 400,
      stack: undefined,
      url: '/api/estudiantes',
      method: 'POST',
      timestamp: '2026-04-26T15:04:25.768Z'
    }

      2 | const errorHandler = (err, req, res, next) => {
      3 |   // Log del error para debugging
    > 4 |   console.error('Error capturado:', {
        |           ^
      5 |     message: err.message,
      6 |     code: err.code,
      7 |     statusCode: err.statusCode,

      at error (src/middleware/errorHandler.js:4:11)
      at Layer.handle_error (node_modules/express/lib/router/layer.js:71:5)
      at trim_prefix (node_modules/express/lib/router/index.js:326:13)
      at node_modules/express/lib/router/index.js:286:9
      at Function.process_params (node_modules/express/lib/router/index.js:346:12)
      at next (node_modules/express/lib/router/index.js:280:10)
      at Layer.handle_error (node_modules/express/lib/router/layer.js:67:12)
      at trim_prefix (node_modules/express/lib/router/index.js:326:13)
      at node_modules/express/lib/router/index.js:286:9
      at Function.process_params (node_modules/express/lib/router/index.js:346:12)
      at next (node_modules/express/lib/router/index.js:280:10)
      at node_modules/express/lib/router/index.js:646:15
      at next (node_modules/express/lib/router/index.js:265:14)
      at next (node_modules/express/lib/router/route.js:141:14)
      at next (src/controllers/EstudiantesController.js:18:16)
      at Layer.handle [as handle_request] (node_modules/express/lib/router/layer.js:95:5)
      at next (node_modules/express/lib/router/route.js:149:13)
      at middleware (node_modules/express-validator/lib/middlewares/check.js:16:13)

  console.error
    Error capturado: {
      message: 'No se encontró un estudiante con el ID especificado',
      code: 'STUDENT_NOT_FOUND',
      statusCode: 404,
      stack: undefined,
      url: '/api/asistencias',
      method: 'POST',
      timestamp: '2026-04-26T15:04:25.766Z'
    }

      2 | const errorHandler = (err, req, res, next) => {
      3 |   // Log del error para debugging
    > 4 |   console.error('Error capturado:', {
        |           ^
      5 |     message: err.message,
      6 |     code: err.code,
      7 |     statusCode: err.statusCode,

      at error (src/middleware/errorHandler.js:4:11)
      at Layer.handle_error (node_modules/express/lib/router/layer.js:71:5)
      at trim_prefix (node_modules/express/lib/router/index.js:326:13)
      at node_modules/express/lib/router/index.js:286:9
      at Function.process_params (node_modules/express/lib/router/index.js:346:12)
      at next (node_modules/express/lib/router/index.js:280:10)
      at Layer.handle_error (node_modules/express/lib/router/layer.js:67:12)
      at trim_prefix (node_modules/express/lib/router/index.js:326:13)
      at node_modules/express/lib/router/index.js:286:9
      at Function.process_params (node_modules/express/lib/router/index.js:346:12)
      at next (node_modules/express/lib/router/index.js:280:10)
      at node_modules/express/lib/router/index.js:646:15
      at next (node_modules/express/lib/router/index.js:265:14)
      at next (node_modules/express/lib/router/route.js:141:14)
      at next (src/controllers/AsistenciasController.js:33:7)

  console.log
    2026-04-26T15:04:25.770Z - POST /api/estudiantes - 400 - 4ms

      at ServerResponse.log [as send] (src/middleware/errorHandler.js:89:13)

  console.log
    2026-04-26T15:04:25.771Z - POST /api/asistencias - 404 - 8ms

      at ServerResponse.log [as send] (src/middleware/errorHandler.js:89:13)

  console.log
    2026-04-26T15:04:25.779Z - GET /api/estudiantes - IP: ::ffff:127.0.0.1

      at log (src/middleware/errorHandler.js:83:11)

  console.log
    2026-04-26T15:04:25.785Z - GET / - 200 - 6ms

      at ServerResponse.log [as send] (src/middleware/errorHandler.js:89:13)

  console.log
    2026-04-26T15:04:25.790Z - POST /api/estudiantes - IP: ::ffff:127.0.0.1

      at log (src/middleware/errorHandler.js:83:11)

  console.log
    2026-04-26T15:04:25.794Z - POST / - 201 - 4ms

      at ServerResponse.log [as send] (src/middleware/errorHandler.js:89:13)

  console.log
    2026-04-26T15:04:25.797Z - POST /api/estudiantes - IP: ::ffff:127.0.0.1

      at log (src/middleware/errorHandler.js:83:11)

  console.log
    2026-04-26T15:04:25.800Z - POST / - 201 - 3ms

      at ServerResponse.log [as send] (src/middleware/errorHandler.js:89:13)

  console.log
    2026-04-26T15:04:25.802Z - POST /api/asistencias - IP: ::ffff:127.0.0.1

      at log (src/middleware/errorHandler.js:83:11)

  console.log
    2026-04-26T15:04:25.803Z - GET /api/reportes/ausentismo - IP: ::ffff:127.0.0.1

      at log (src/middleware/errorHandler.js:83:11)

  console.log
    2026-04-26T15:04:25.808Z - POST /api/estudiantes - IP: ::ffff:127.0.0.1

      at log (src/middleware/errorHandler.js:83:11)

  console.error
    Error capturado: {
      message: 'Datos de entrada inválidos',
      code: 'VALIDATION_ERROR',
      statusCode: 400,
      stack: undefined,
      url: '/api/asistencias',
      method: 'POST',
      timestamp: '2026-04-26T15:04:25.806Z'
    }

      2 | const errorHandler = (err, req, res, next) => {
      3 |   // Log del error para debugging
    > 4 |   console.error('Error capturado:', {
        |           ^
      5 |     message: err.message,
      6 |     code: err.code,
      7 |     statusCode: err.statusCode,

      at error (src/middleware/errorHandler.js:4:11)
      at Layer.handle_error (node_modules/express/lib/router/layer.js:71:5)
      at trim_prefix (node_modules/express/lib/router/index.js:326:13)
      at node_modules/express/lib/router/index.js:286:9
      at Function.process_params (node_modules/express/lib/router/index.js:346:12)
      at next (node_modules/express/lib/router/index.js:280:10)
      at Layer.handle_error (node_modules/express/lib/router/layer.js:67:12)
      at trim_prefix (node_modules/express/lib/router/index.js:326:13)
      at node_modules/express/lib/router/index.js:286:9
      at Function.process_params (node_modules/express/lib/router/index.js:346:12)
      at next (node_modules/express/lib/router/index.js:280:10)
      at node_modules/express/lib/router/index.js:646:15
      at next (node_modules/express/lib/router/index.js:265:14)
      at next (node_modules/express/lib/router/route.js:141:14)
      at next (src/controllers/AsistenciasController.js:18:16)
      at Layer.handle [as handle_request] (node_modules/express/lib/router/layer.js:95:5)
      at next (node_modules/express/lib/router/route.js:149:13)
      at middleware (node_modules/express-validator/lib/middlewares/check.js:16:13)

  console.log
    2026-04-26T15:04:25.809Z - GET /ausentismo - 200 - 6ms

      at ServerResponse.log [as send] (src/middleware/errorHandler.js:89:13)

  console.log
    2026-04-26T15:04:25.810Z - POST /api/asistencias - 400 - 8ms

      at ServerResponse.log [as send] (src/middleware/errorHandler.js:89:13)

  console.log
    2026-04-26T15:04:25.812Z - POST / - 201 - 4ms

      at ServerResponse.log [as send] (src/middleware/errorHandler.js:89:13)

  console.log
    2026-04-26T15:04:25.820Z - POST /api/estudiantes - IP: ::ffff:127.0.0.1

      at log (src/middleware/errorHandler.js:83:11)

  console.log
    2026-04-26T15:04:25.817Z - GET /api/estudiantes - IP: ::ffff:127.0.0.1

      at log (src/middleware/errorHandler.js:83:11)

  console.log
    2026-04-26T15:04:25.823Z - GET / - 200 - 7ms

      at ServerResponse.log [as send] (src/middleware/errorHandler.js:89:13)

  console.log
    2026-04-26T15:04:25.825Z - POST / - 201 - 5ms

      at ServerResponse.log [as send] (src/middleware/errorHandler.js:89:13)

  console.log
    2026-04-26T15:04:25.831Z - POST /api/asistencias - IP: ::ffff:127.0.0.1

      at log (src/middleware/errorHandler.js:83:11)

  console.log
    2026-04-26T15:04:25.832Z - POST /api/estudiantes - IP: ::ffff:127.0.0.1

      at log (src/middleware/errorHandler.js:83:11)

  console.log
    2026-04-26T15:04:25.832Z - POST /api/estudiantes - IP: ::ffff:127.0.0.1

      at log (src/middleware/errorHandler.js:83:11)

  console.log
    2026-04-26T15:04:25.835Z - POST / - 201 - 3ms

      at ServerResponse.log [as send] (src/middleware/errorHandler.js:89:13)

  console.log
    2026-04-26T15:04:25.835Z - POST / - 201 - 3ms

      at ServerResponse.log [as send] (src/middleware/errorHandler.js:89:13)

  console.error
    Error capturado: {
      message: 'Datos de entrada inválidos',
      code: 'VALIDATION_ERROR',
      statusCode: 400,
      stack: undefined,
      url: '/api/asistencias',
      method: 'POST',
      timestamp: '2026-04-26T15:04:25.834Z'
    }

      2 | const errorHandler = (err, req, res, next) => {
      3 |   // Log del error para debugging
    > 4 |   console.error('Error capturado:', {
        |           ^
      5 |     message: err.message,
      6 |     code: err.code,
      7 |     statusCode: err.statusCode,

      at error (src/middleware/errorHandler.js:4:11)
      at Layer.handle_error (node_modules/express/lib/router/layer.js:71:5)
      at trim_prefix (node_modules/express/lib/router/index.js:326:13)
      at node_modules/express/lib/router/index.js:286:9
      at Function.process_params (node_modules/express/lib/router/index.js:346:12)
      at next (node_modules/express/lib/router/index.js:280:10)
      at Layer.handle_error (node_modules/express/lib/router/layer.js:67:12)
      at trim_prefix (node_modules/express/lib/router/index.js:326:13)
      at node_modules/express/lib/router/index.js:286:9
      at Function.process_params (node_modules/express/lib/router/index.js:346:12)
      at next (node_modules/express/lib/router/index.js:280:10)
      at node_modules/express/lib/router/index.js:646:15
      at next (node_modules/express/lib/router/index.js:265:14)
      at next (node_modules/express/lib/router/route.js:141:14)
      at next (src/controllers/AsistenciasController.js:18:16)
      at Layer.handle [as handle_request] (node_modules/express/lib/router/layer.js:95:5)
      at next (node_modules/express/lib/router/route.js:149:13)
      at middleware (node_modules/express-validator/lib/middlewares/check.js:16:13)

  console.log
    2026-04-26T15:04:25.838Z - POST /api/asistencias - 400 - 7ms

      at ServerResponse.log [as send] (src/middleware/errorHandler.js:89:13)

  console.log
    2026-04-26T15:04:25.839Z - POST /api/estudiantes - IP: ::ffff:127.0.0.1

      at log (src/middleware/errorHandler.js:83:11)

  console.log
    2026-04-26T15:04:25.843Z - POST / - 201 - 4ms

      at ServerResponse.log [as send] (src/middleware/errorHandler.js:89:13)

  console.log
    2026-04-26T15:04:25.838Z - GET /api/estudiantes/8e352901-de27-4d37-b022-5f51c5f36cdd - IP: ::ffff:127.0.0.1

      at log (src/middleware/errorHandler.js:83:11)

  console.log
    2026-04-26T15:04:25.846Z - GET /8e352901-de27-4d37-b022-5f51c5f36cdd - 200 - 8ms

      at ServerResponse.log [as send] (src/middleware/errorHandler.js:89:13)

  console.log
    2026-04-26T15:04:25.847Z - POST /api/estudiantes - IP: ::ffff:127.0.0.1

      at log (src/middleware/errorHandler.js:83:11)

  console.log
    2026-04-26T15:04:25.847Z - POST /api/estudiantes - IP: ::ffff:127.0.0.1

      at log (src/middleware/errorHandler.js:83:11)

  console.log
    2026-04-26T15:04:25.850Z - POST / - 201 - 3ms

      at ServerResponse.log [as send] (src/middleware/errorHandler.js:89:13)

  console.log
    2026-04-26T15:04:25.850Z - POST / - 201 - 3ms

      at ServerResponse.log [as send] (src/middleware/errorHandler.js:89:13)

  console.log
    2026-04-26T15:04:25.851Z - GET /api/estudiantes/550e8400-e29b-41d4-a716-446655440000 - IP: ::ffff:127.0.0.1

      at log (src/middleware/errorHandler.js:83:11)

  console.log
    2026-04-26T15:04:25.854Z - POST /api/asistencias - IP: ::ffff:127.0.0.1

      at log (src/middleware/errorHandler.js:83:11)

  console.log
    2026-04-26T15:04:25.856Z - POST /api/asistencias - IP: ::ffff:127.0.0.1

      at log (src/middleware/errorHandler.js:83:11)

  console.error
    Error capturado: {
      message: 'No se encontró un estudiante con el ID especificado',
      code: 'STUDENT_NOT_FOUND',
      statusCode: 404,
      stack: undefined,
      url: '/api/estudiantes/550e8400-e29b-41d4-a716-446655440000',
      method: 'GET',
      timestamp: '2026-04-26T15:04:25.857Z'
    }

      2 | const errorHandler = (err, req, res, next) => {
      3 |   // Log del error para debugging
    > 4 |   console.error('Error capturado:', {
        |           ^
      5 |     message: err.message,
      6 |     code: err.code,
      7 |     statusCode: err.statusCode,

      at error (src/middleware/errorHandler.js:4:11)
      at Layer.handle_error (node_modules/express/lib/router/layer.js:71:5)
      at trim_prefix (node_modules/express/lib/router/index.js:326:13)
      at node_modules/express/lib/router/index.js:286:9
      at Function.process_params (node_modules/express/lib/router/index.js:346:12)
      at next (node_modules/express/lib/router/index.js:280:10)
      at Layer.handle_error (node_modules/express/lib/router/layer.js:67:12)
      at trim_prefix (node_modules/express/lib/router/index.js:326:13)
      at node_modules/express/lib/router/index.js:286:9
      at Function.process_params (node_modules/express/lib/router/index.js:346:12)
      at next (node_modules/express/lib/router/index.js:280:10)
      at node_modules/express/lib/router/index.js:646:15
      at next (node_modules/express/lib/router/index.js:265:14)
      at next (node_modules/express/lib/router/route.js:141:14)
      at next (src/controllers/EstudiantesController.js:79:7)

  console.log
    2026-04-26T15:04:25.860Z - GET /api/estudiantes/550e8400-e29b-41d4-a716-446655440000 - 404 - 9ms

      at ServerResponse.log [as send] (src/middleware/errorHandler.js:89:13)

  console.error
    Error capturado: {
      message: 'Datos de entrada inválidos',
      code: 'VALIDATION_ERROR',
      statusCode: 400,
      stack: undefined,
      url: '/api/asistencias',
      method: 'POST',
      timestamp: '2026-04-26T15:04:25.859Z'
    }

      2 | const errorHandler = (err, req, res, next) => {
      3 |   // Log del error para debugging
    > 4 |   console.error('Error capturado:', {
        |           ^
      5 |     message: err.message,
      6 |     code: err.code,
      7 |     statusCode: err.statusCode,

      at error (src/middleware/errorHandler.js:4:11)
      at Layer.handle_error (node_modules/express/lib/router/layer.js:71:5)
      at trim_prefix (node_modules/express/lib/router/index.js:326:13)
      at node_modules/express/lib/router/index.js:286:9
      at Function.process_params (node_modules/express/lib/router/index.js:346:12)
      at next (node_modules/express/lib/router/index.js:280:10)
      at Layer.handle_error (node_modules/express/lib/router/layer.js:67:12)
      at trim_prefix (node_modules/express/lib/router/index.js:326:13)
      at node_modules/express/lib/router/index.js:286:9
      at Function.process_params (node_modules/express/lib/router/index.js:346:12)
      at next (node_modules/express/lib/router/index.js:280:10)
      at node_modules/express/lib/router/index.js:646:15
      at next (node_modules/express/lib/router/index.js:265:14)
      at next (node_modules/express/lib/router/route.js:141:14)
      at next (src/controllers/AsistenciasController.js:18:16)
      at Layer.handle [as handle_request] (node_modules/express/lib/router/layer.js:95:5)
      at next (node_modules/express/lib/router/route.js:149:13)
      at middleware (node_modules/express-validator/lib/middlewares/check.js:16:13)

  console.log
    2026-04-26T15:04:25.863Z - POST /api/asistencias - 400 - 7ms

      at ServerResponse.log [as send] (src/middleware/errorHandler.js:89:13)

  console.error
    Error capturado: {
      message: 'No se encontró un estudiante con el ID especificado',
      code: 'STUDENT_NOT_FOUND',
      statusCode: 404,
      stack: undefined,
      url: '/api/asistencias',
      method: 'POST',
      timestamp: '2026-04-26T15:04:25.859Z'
    }

      2 | const errorHandler = (err, req, res, next) => {
      3 |   // Log del error para debugging
    > 4 |   console.error('Error capturado:', {
        |           ^
      5 |     message: err.message,
      6 |     code: err.code,
      7 |     statusCode: err.statusCode,

      at error (src/middleware/errorHandler.js:4:11)
      at Layer.handle_error (node_modules/express/lib/router/layer.js:71:5)
      at trim_prefix (node_modules/express/lib/router/index.js:326:13)
      at node_modules/express/lib/router/index.js:286:9
      at Function.process_params (node_modules/express/lib/router/index.js:346:12)
      at next (node_modules/express/lib/router/index.js:280:10)
      at Layer.handle_error (node_modules/express/lib/router/layer.js:67:12)
      at trim_prefix (node_modules/express/lib/router/index.js:326:13)
      at node_modules/express/lib/router/index.js:286:9
      at Function.process_params (node_modules/express/lib/router/index.js:346:12)
      at next (node_modules/express/lib/router/index.js:280:10)
      at node_modules/express/lib/router/index.js:646:15
      at next (node_modules/express/lib/router/index.js:265:14)
      at next (node_modules/express/lib/router/route.js:141:14)
      at next (src/controllers/AsistenciasController.js:33:7)

  console.log
    2026-04-26T15:04:25.865Z - POST /api/asistencias - 404 - 11ms

      at ServerResponse.log [as send] (src/middleware/errorHandler.js:89:13)

  console.log
    2026-04-26T15:04:25.866Z - GET /api/estudiantes/id-invalido - IP: ::ffff:127.0.0.1

      at log (src/middleware/errorHandler.js:83:11)

  console.log
    2026-04-26T15:04:25.870Z - POST /api/asistencias - IP: ::ffff:127.0.0.1

      at log (src/middleware/errorHandler.js:83:11)

  console.log
    2026-04-26T15:04:25.869Z - POST /api/estudiantes - IP: ::ffff:127.0.0.1

      at log (src/middleware/errorHandler.js:83:11)

  console.log
    2026-04-26T15:04:25.873Z - POST / - 201 - 4ms

      at ServerResponse.log [as send] (src/middleware/errorHandler.js:89:13)

  console.error
    Error capturado: {
      message: 'ID inválido',
      code: 'VALIDATION_ERROR',
      statusCode: 400,
      stack: undefined,
      url: '/api/estudiantes/id-invalido',
      method: 'GET',
      timestamp: '2026-04-26T15:04:25.871Z'
    }

      2 | const errorHandler = (err, req, res, next) => {
      3 |   // Log del error para debugging
    > 4 |   console.error('Error capturado:', {
        |           ^
      5 |     message: err.message,
      6 |     code: err.code,
      7 |     statusCode: err.statusCode,

      at error (src/middleware/errorHandler.js:4:11)
      at Layer.handle_error (node_modules/express/lib/router/layer.js:71:5)
      at trim_prefix (node_modules/express/lib/router/index.js:326:13)
      at node_modules/express/lib/router/index.js:286:9
      at Function.process_params (node_modules/express/lib/router/index.js:346:12)
      at next (node_modules/express/lib/router/index.js:280:10)
      at Layer.handle_error (node_modules/express/lib/router/layer.js:67:12)
      at trim_prefix (node_modules/express/lib/router/index.js:326:13)
      at node_modules/express/lib/router/index.js:286:9
      at Function.process_params (node_modules/express/lib/router/index.js:346:12)
      at next (node_modules/express/lib/router/index.js:280:10)
      at node_modules/express/lib/router/index.js:646:15
      at next (node_modules/express/lib/router/index.js:265:14)
      at next (node_modules/express/lib/router/route.js:141:14)
      at next (src/controllers/EstudiantesController.js:65:16)
      at Layer.handle [as handle_request] (node_modules/express/lib/router/layer.js:95:5)
      at next (node_modules/express/lib/router/route.js:149:13)
      at middleware (node_modules/express-validator/lib/middlewares/check.js:16:13)

  console.log
    2026-04-26T15:04:25.875Z - GET /api/estudiantes/id-invalido - 400 - 9ms

      at ServerResponse.log [as send] (src/middleware/errorHandler.js:89:13)

  console.error
    Error capturado: {
      message: 'No se encontró un estudiante con el ID especificado',
      code: 'STUDENT_NOT_FOUND',
      statusCode: 404,
      stack: undefined,
      url: '/api/asistencias',
      method: 'POST',
      timestamp: '2026-04-26T15:04:25.873Z'
    }

      2 | const errorHandler = (err, req, res, next) => {
      3 |   // Log del error para debugging
    > 4 |   console.error('Error capturado:', {
        |           ^
      5 |     message: err.message,
      6 |     code: err.code,
      7 |     statusCode: err.statusCode,

      at error (src/middleware/errorHandler.js:4:11)
      at Layer.handle_error (node_modules/express/lib/router/layer.js:71:5)
      at trim_prefix (node_modules/express/lib/router/index.js:326:13)
      at node_modules/express/lib/router/index.js:286:9
      at Function.process_params (node_modules/express/lib/router/index.js:346:12)
      at next (node_modules/express/lib/router/index.js:280:10)
      at Layer.handle_error (node_modules/express/lib/router/layer.js:67:12)
      at trim_prefix (node_modules/express/lib/router/index.js:326:13)
      at node_modules/express/lib/router/index.js:286:9
      at Function.process_params (node_modules/express/lib/router/index.js:346:12)
      at next (node_modules/express/lib/router/index.js:280:10)
      at node_modules/express/lib/router/index.js:646:15
      at next (node_modules/express/lib/router/index.js:265:14)
      at next (node_modules/express/lib/router/route.js:141:14)
      at next (src/controllers/AsistenciasController.js:33:7)

  console.log
    2026-04-26T15:04:25.878Z - POST /api/asistencias - 404 - 8ms

      at ServerResponse.log [as send] (src/middleware/errorHandler.js:89:13)

  console.log
    2026-04-26T15:04:25.880Z - POST /api/asistencias - IP: ::ffff:127.0.0.1

      at log (src/middleware/errorHandler.js:83:11)

  console.log
    2026-04-26T15:04:25.884Z - POST / - 201 - 4ms

      at ServerResponse.log [as send] (src/middleware/errorHandler.js:89:13)

  console.log
    2026-04-26T15:04:25.884Z - POST /api/asistencias - IP: ::ffff:127.0.0.1

      at log (src/middleware/errorHandler.js:83:11)

  console.log
    2026-04-26T15:04:25.889Z - POST /api/asistencias - IP: ::ffff:127.0.0.1

      at log (src/middleware/errorHandler.js:83:11)

  console.error
    Error capturado: {
      message: 'No se encontró un estudiante con el ID especificado',
      code: 'STUDENT_NOT_FOUND',
      statusCode: 404,
      stack: undefined,
      url: '/api/asistencias',
      method: 'POST',
      timestamp: '2026-04-26T15:04:25.888Z'
    }

      2 | const errorHandler = (err, req, res, next) => {
      3 |   // Log del error para debugging
    > 4 |   console.error('Error capturado:', {
        |           ^
      5 |     message: err.message,
      6 |     code: err.code,
      7 |     statusCode: err.statusCode,

      at error (src/middleware/errorHandler.js:4:11)
      at Layer.handle_error (node_modules/express/lib/router/layer.js:71:5)
      at trim_prefix (node_modules/express/lib/router/index.js:326:13)
      at node_modules/express/lib/router/index.js:286:9
      at Function.process_params (node_modules/express/lib/router/index.js:346:12)
      at next (node_modules/express/lib/router/index.js:280:10)
      at Layer.handle_error (node_modules/express/lib/router/layer.js:67:12)
      at trim_prefix (node_modules/express/lib/router/index.js:326:13)
      at node_modules/express/lib/router/index.js:286:9
      at Function.process_params (node_modules/express/lib/router/index.js:346:12)
      at next (node_modules/express/lib/router/index.js:280:10)
      at node_modules/express/lib/router/index.js:646:15
      at next (node_modules/express/lib/router/index.js:265:14)
      at next (node_modules/express/lib/router/route.js:141:14)
      at next (src/controllers/AsistenciasController.js:33:7)

  console.log
    2026-04-26T15:04:25.893Z - POST /api/asistencias - 404 - 9ms

      at ServerResponse.log [as send] (src/middleware/errorHandler.js:89:13)

  console.error
    Error capturado: {
      message: 'Ya existe un registro de asistencia para este estudiante en la fecha especificada',
      code: 'DUPLICATE_ATTENDANCE',
      statusCode: 409,
      stack: undefined,
      url: '/api/asistencias',
      method: 'POST',
      timestamp: '2026-04-26T15:04:25.893Z'
    }

      2 | const errorHandler = (err, req, res, next) => {
      3 |   // Log del error para debugging
    > 4 |   console.error('Error capturado:', {
        |           ^
      5 |     message: err.message,
      6 |     code: err.code,
      7 |     statusCode: err.statusCode,

      at error (src/middleware/errorHandler.js:4:11)
      at Layer.handle_error (node_modules/express/lib/router/layer.js:71:5)
      at trim_prefix (node_modules/express/lib/router/index.js:326:13)
      at node_modules/express/lib/router/index.js:286:9
      at Function.process_params (node_modules/express/lib/router/index.js:346:12)
      at next (node_modules/express/lib/router/index.js:280:10)
      at Layer.handle_error (node_modules/express/lib/router/layer.js:67:12)
      at trim_prefix (node_modules/express/lib/router/index.js:326:13)
      at node_modules/express/lib/router/index.js:286:9
      at Function.process_params (node_modules/express/lib/router/index.js:346:12)
      at next (node_modules/express/lib/router/index.js:280:10)
      at node_modules/express/lib/router/index.js:646:15
      at next (node_modules/express/lib/router/index.js:265:14)
      at next (node_modules/express/lib/router/route.js:141:14)
      at next (src/controllers/AsistenciasController.js:33:7)

  console.log
    2026-04-26T15:04:25.898Z - POST /api/asistencias - 409 - 9ms

      at ServerResponse.log [as send] (src/middleware/errorHandler.js:89:13)

  console.log
    2026-04-26T15:04:25.900Z - POST /api/asistencias - IP: ::ffff:127.0.0.1

      at log (src/middleware/errorHandler.js:83:11)

  console.error
    Error capturado: {
      message: `Unexpected token '}', ..." "nombre":}" is not valid JSON`,
      code: undefined,
      statusCode: 400,
      stack: undefined,
      url: '/api/estudiantes',
      method: 'POST',
      timestamp: '2026-04-26T15:04:25.895Z'
    }

      2 | const errorHandler = (err, req, res, next) => {
      3 |   // Log del error para debugging
    > 4 |   console.error('Error capturado:', {
        |           ^
      5 |     message: err.message,
      6 |     code: err.code,
      7 |     statusCode: err.statusCode,

      at error (src/middleware/errorHandler.js:4:11)
      at Layer.handle_error (node_modules/express/lib/router/layer.js:71:5)
      at trim_prefix (node_modules/express/lib/router/index.js:326:13)
      at node_modules/express/lib/router/index.js:286:9
      at Function.process_params (node_modules/express/lib/router/index.js:346:12)
      at next (node_modules/express/lib/router/index.js:280:10)
      at Layer.handle_error (node_modules/express/lib/router/layer.js:67:12)
      at trim_prefix (node_modules/express/lib/router/index.js:326:13)
      at node_modules/express/lib/router/index.js:286:9
      at Function.process_params (node_modules/express/lib/router/index.js:346:12)
      at next (node_modules/express/lib/router/index.js:280:10)
      at Layer.handle_error (node_modules/express/lib/router/layer.js:67:12)
      at trim_prefix (node_modules/express/lib/router/index.js:326:13)
      at node_modules/express/lib/router/index.js:286:9
      at Function.process_params (node_modules/express/lib/router/index.js:346:12)
      at next (node_modules/express/lib/router/index.js:280:10)
      at Layer.handle_error (node_modules/express/lib/router/layer.js:67:12)
      at trim_prefix (node_modules/express/lib/router/index.js:326:13)
      at node_modules/express/lib/router/index.js:286:9
      at Function.process_params (node_modules/express/lib/router/index.js:346:12)
      at next (node_modules/express/lib/router/index.js:280:10)
      at Layer.handle_error (node_modules/express/lib/router/layer.js:67:12)
      at trim_prefix (node_modules/express/lib/router/index.js:326:13)
      at node_modules/express/lib/router/index.js:286:9
      at Function.process_params (node_modules/express/lib/router/index.js:346:12)
      at next (node_modules/express/lib/router/index.js:280:10)
      at node_modules/body-parser/lib/read.js:130:7
      at invokeCallback (node_modules/raw-body/index.js:238:16)
      at done (node_modules/raw-body/index.js:227:7)
      at IncomingMessage.onEnd (node_modules/raw-body/index.js:287:7)

  console.error
    Error capturado: {
      message: 'No se encontró un estudiante con el ID especificado',
      code: 'STUDENT_NOT_FOUND',
      statusCode: 404,
      stack: undefined,
      url: '/api/asistencias',
      method: 'POST',
      timestamp: '2026-04-26T15:04:25.904Z'
    }

      2 | const errorHandler = (err, req, res, next) => {
      3 |   // Log del error para debugging
    > 4 |   console.error('Error capturado:', {
        |           ^
      5 |     message: err.message,
      6 |     code: err.code,
      7 |     statusCode: err.statusCode,

      at error (src/middleware/errorHandler.js:4:11)
      at Layer.handle_error (node_modules/express/lib/router/layer.js:71:5)
      at trim_prefix (node_modules/express/lib/router/index.js:326:13)
      at node_modules/express/lib/router/index.js:286:9
      at Function.process_params (node_modules/express/lib/router/index.js:346:12)
      at next (node_modules/express/lib/router/index.js:280:10)
      at Layer.handle_error (node_modules/express/lib/router/layer.js:67:12)
      at trim_prefix (node_modules/express/lib/router/index.js:326:13)
      at node_modules/express/lib/router/index.js:286:9
      at Function.process_params (node_modules/express/lib/router/index.js:346:12)
      at next (node_modules/express/lib/router/index.js:280:10)
      at node_modules/express/lib/router/index.js:646:15
      at next (node_modules/express/lib/router/index.js:265:14)
      at next (node_modules/express/lib/router/route.js:141:14)
      at next (src/controllers/AsistenciasController.js:33:7)

  console.log
    2026-04-26T15:04:25.907Z - POST /api/estudiantes - IP: ::ffff:127.0.0.1

      at log (src/middleware/errorHandler.js:83:11)

  console.log
    2026-04-26T15:04:25.912Z - POST / - 201 - 5ms

      at ServerResponse.log [as send] (src/middleware/errorHandler.js:89:13)

  console.log
    2026-04-26T15:04:25.911Z - POST /api/asistencias - 404 - 11ms

      at ServerResponse.log [as send] (src/middleware/errorHandler.js:89:13)

  console.log
    2026-04-26T15:04:25.913Z - POST /api/estudiantes - IP: ::ffff:127.0.0.1

      at log (src/middleware/errorHandler.js:83:11)

  console.log
    2026-04-26T15:04:25.917Z - POST /api/asistencias - IP: ::ffff:127.0.0.1

      at log (src/middleware/errorHandler.js:83:11)

  console.log
    2026-04-26T15:04:25.918Z - POST /api/asistencias - IP: ::ffff:127.0.0.1

      at log (src/middleware/errorHandler.js:83:11)

  console.error
    Error capturado: {
      message: 'Datos de entrada inválidos',
      code: 'VALIDATION_ERROR',
      statusCode: 400,
      stack: undefined,
      url: '/api/estudiantes',
      method: 'POST',
      timestamp: '2026-04-26T15:04:25.916Z'
    }

      2 | const errorHandler = (err, req, res, next) => {
      3 |   // Log del error para debugging
    > 4 |   console.error('Error capturado:', {
        |           ^
      5 |     message: err.message,
      6 |     code: err.code,
      7 |     statusCode: err.statusCode,

      at error (src/middleware/errorHandler.js:4:11)
      at Layer.handle_error (node_modules/express/lib/router/layer.js:71:5)
      at trim_prefix (node_modules/express/lib/router/index.js:326:13)
      at node_modules/express/lib/router/index.js:286:9
      at Function.process_params (node_modules/express/lib/router/index.js:346:12)
      at next (node_modules/express/lib/router/index.js:280:10)
      at Layer.handle_error (node_modules/express/lib/router/layer.js:67:12)
      at trim_prefix (node_modules/express/lib/router/index.js:326:13)
      at node_modules/express/lib/router/index.js:286:9
      at Function.process_params (node_modules/express/lib/router/index.js:346:12)
      at next (node_modules/express/lib/router/index.js:280:10)
      at node_modules/express/lib/router/index.js:646:15
      at next (node_modules/express/lib/router/index.js:265:14)
      at next (node_modules/express/lib/router/route.js:141:14)
      at next (src/controllers/EstudiantesController.js:18:16)
      at Layer.handle [as handle_request] (node_modules/express/lib/router/layer.js:95:5)
      at next (node_modules/express/lib/router/route.js:149:13)
      at middleware (node_modules/express-validator/lib/middlewares/check.js:16:13)

  console.error
    Error capturado: {
      message: 'No se encontró un estudiante con el ID especificado',
      code: 'STUDENT_NOT_FOUND',
      statusCode: 404,
      stack: undefined,
      url: '/api/asistencias',
      method: 'POST',
      timestamp: '2026-04-26T15:04:25.919Z'
    }

      2 | const errorHandler = (err, req, res, next) => {
      3 |   // Log del error para debugging
    > 4 |   console.error('Error capturado:', {
        |           ^
      5 |     message: err.message,
      6 |     code: err.code,
      7 |     statusCode: err.statusCode,

      at error (src/middleware/errorHandler.js:4:11)
      at Layer.handle_error (node_modules/express/lib/router/layer.js:71:5)
      at trim_prefix (node_modules/express/lib/router/index.js:326:13)
      at node_modules/express/lib/router/index.js:286:9
      at Function.process_params (node_modules/express/lib/router/index.js:346:12)
      at next (node_modules/express/lib/router/index.js:280:10)
      at Layer.handle_error (node_modules/express/lib/router/layer.js:67:12)
      at trim_prefix (node_modules/express/lib/router/index.js:326:13)
      at node_modules/express/lib/router/index.js:286:9
      at Function.process_params (node_modules/express/lib/router/index.js:346:12)
      at next (node_modules/express/lib/router/index.js:280:10)
      at node_modules/express/lib/router/index.js:646:15
      at next (node_modules/express/lib/router/index.js:265:14)
      at next (node_modules/express/lib/router/route.js:141:14)
      at next (src/controllers/AsistenciasController.js:33:7)

  console.log
    2026-04-26T15:04:25.920Z - POST /api/estudiantes - 400 - 7ms

      at ServerResponse.log [as send] (src/middleware/errorHandler.js:89:13)

  console.log
    2026-04-26T15:04:25.921Z - POST /api/asistencias - 404 - 4ms

      at ServerResponse.log [as send] (src/middleware/errorHandler.js:89:13)

  console.error
    Error capturado: {
      message: 'Datos de entrada inválidos',
      code: 'VALIDATION_ERROR',
      statusCode: 400,
      stack: undefined,
      url: '/api/asistencias',
      method: 'POST',
      timestamp: '2026-04-26T15:04:25.921Z'
    }

      2 | const errorHandler = (err, req, res, next) => {
      3 |   // Log del error para debugging
    > 4 |   console.error('Error capturado:', {
        |           ^
      5 |     message: err.message,
      6 |     code: err.code,
      7 |     statusCode: err.statusCode,

      at error (src/middleware/errorHandler.js:4:11)
      at Layer.handle_error (node_modules/express/lib/router/layer.js:71:5)
      at trim_prefix (node_modules/express/lib/router/index.js:326:13)
      at node_modules/express/lib/router/index.js:286:9
      at Function.process_params (node_modules/express/lib/router/index.js:346:12)
      at next (node_modules/express/lib/router/index.js:280:10)
      at Layer.handle_error (node_modules/express/lib/router/layer.js:67:12)
      at trim_prefix (node_modules/express/lib/router/index.js:326:13)
      at node_modules/express/lib/router/index.js:286:9
      at Function.process_params (node_modules/express/lib/router/index.js:346:12)
      at next (node_modules/express/lib/router/index.js:280:10)
      at node_modules/express/lib/router/index.js:646:15
      at next (node_modules/express/lib/router/index.js:265:14)
      at next (node_modules/express/lib/router/route.js:141:14)
      at next (src/controllers/AsistenciasController.js:18:16)
      at Layer.handle [as handle_request] (node_modules/express/lib/router/layer.js:95:5)
      at next (node_modules/express/lib/router/route.js:149:13)
      at middleware (node_modules/express-validator/lib/middlewares/check.js:16:13)

  console.log
    2026-04-26T15:04:25.925Z - POST /api/asistencias - 400 - 8ms

      at ServerResponse.log [as send] (src/middleware/errorHandler.js:89:13)

  console.log
    2026-04-26T15:04:25.926Z - POST /api/asistencias - IP: ::ffff:127.0.0.1

      at log (src/middleware/errorHandler.js:83:11)

  console.log
    2026-04-26T15:04:25.929Z - POST /api/estudiantes - IP: ::ffff:127.0.0.1

      at log (src/middleware/errorHandler.js:83:11)

  console.error
    Error capturado: {
      message: 'No se encontró un estudiante con el ID especificado',
      code: 'STUDENT_NOT_FOUND',
      statusCode: 404,
      stack: undefined,
      url: '/api/asistencias',
      method: 'POST',
      timestamp: '2026-04-26T15:04:25.929Z'
    }

      2 | const errorHandler = (err, req, res, next) => {
      3 |   // Log del error para debugging
    > 4 |   console.error('Error capturado:', {
        |           ^
      5 |     message: err.message,
      6 |     code: err.code,
      7 |     statusCode: err.statusCode,

      at error (src/middleware/errorHandler.js:4:11)
      at Layer.handle_error (node_modules/express/lib/router/layer.js:71:5)
      at trim_prefix (node_modules/express/lib/router/index.js:326:13)
      at node_modules/express/lib/router/index.js:286:9
      at Function.process_params (node_modules/express/lib/router/index.js:346:12)
      at next (node_modules/express/lib/router/index.js:280:10)
      at Layer.handle_error (node_modules/express/lib/router/layer.js:67:12)
      at trim_prefix (node_modules/express/lib/router/index.js:326:13)
      at node_modules/express/lib/router/index.js:286:9
      at Function.process_params (node_modules/express/lib/router/index.js:346:12)
      at next (node_modules/express/lib/router/index.js:280:10)
      at node_modules/express/lib/router/index.js:646:15
      at next (node_modules/express/lib/router/index.js:265:14)
      at next (node_modules/express/lib/router/route.js:141:14)
      at next (src/controllers/AsistenciasController.js:33:7)

  console.log
    2026-04-26T15:04:25.931Z - POST /api/asistencias - 404 - 5ms

      at ServerResponse.log [as send] (src/middleware/errorHandler.js:89:13)

  console.log
    2026-04-26T15:04:25.932Z - POST / - 201 - 3ms

      at ServerResponse.log [as send] (src/middleware/errorHandler.js:89:13)

  console.log
    2026-04-26T15:04:25.937Z - POST /api/estudiantes - IP: ::ffff:127.0.0.1

      at log (src/middleware/errorHandler.js:83:11)

  console.log
    2026-04-26T15:04:25.940Z - POST / - 201 - 3ms

      at ServerResponse.log [as send] (src/middleware/errorHandler.js:89:13)

  console.log
    2026-04-26T15:04:25.940Z - POST /api/estudiantes - IP: ::ffff:127.0.0.1

      at log (src/middleware/errorHandler.js:83:11)

  console.log
    2026-04-26T15:04:25.943Z - POST / - 201 - 3ms

      at ServerResponse.log [as send] (src/middleware/errorHandler.js:89:13)

  console.log
    2026-04-26T15:04:25.945Z - POST /api/asistencias - IP: ::ffff:127.0.0.1

      at log (src/middleware/errorHandler.js:83:11)

  console.log
    2026-04-26T15:04:25.948Z - POST / - 201 - 3ms

      at ServerResponse.log [as send] (src/middleware/errorHandler.js:89:13)

PASS tests/integration/estudiantes.integration.test.js
  Endpoints de Estudiantes - Tests de Integración
    POST /api/estudiantes
      ✓ debe crear un estudiante exitosamente con datos válidos (174 ms)
      ✓ debe rechazar estudiante con código inválido (formato incorrecto) (27 ms)
      ✓ debe rechazar estudiante con código duplicado (25 ms)
      ✓ debe rechazar estudiante sin nombre (19 ms)
      ✓ debe rechazar estudiante con nombre vacío (22 ms)
      ✓ debe rechazar creación con tipos de datos incorrectos (ej. números en lugar de strings) (11 ms)
    GET /api/estudiantes
      ✓ debe retornar lista vacía cuando no hay estudiantes (16 ms)
      ✓ debe retornar lista de estudiantes cuando existen (39 ms)
    GET /api/estudiantes/:id
      ✓ debe retornar estudiante existente por ID (20 ms)
      ✓ debe retornar 404 para estudiante inexistente (14 ms)
      ✓ debe retornar 400 para ID con formato inválido (22 ms)
    Casos límite y validaciones adicionales
      ✓ debe manejar payload JSON malformado (21 ms)
      ✓ debe validar longitud máxima del nombre (16 ms)
      ✓ debe trimear espacios en el nombre (10 ms)

  console.log
    2026-04-26T15:04:25.949Z - POST /api/asistencias - IP: ::ffff:127.0.0.1

      at log (src/middleware/errorHandler.js:83:11)

  console.log
    2026-04-26T15:04:25.952Z - POST /api/estudiantes - IP: ::ffff:127.0.0.1

      at log (src/middleware/errorHandler.js:83:11)

  console.log
    2026-04-26T15:04:25.954Z - POST / - 201 - 2ms

      at ServerResponse.log [as send] (src/middleware/errorHandler.js:89:13)

  console.error
    Error capturado: {
      message: 'Datos de entrada inválidos',
      code: 'VALIDATION_ERROR',
      statusCode: 400,
      stack: undefined,
      url: '/api/asistencias',
      method: 'POST',
      timestamp: '2026-04-26T15:04:25.952Z'
    }

      2 | const errorHandler = (err, req, res, next) => {
      3 |   // Log del error para debugging
    > 4 |   console.error('Error capturado:', {
        |           ^
      5 |     message: err.message,
      6 |     code: err.code,
      7 |     statusCode: err.statusCode,

      at error (src/middleware/errorHandler.js:4:11)
      at Layer.handle_error (node_modules/express/lib/router/layer.js:71:5)
      at trim_prefix (node_modules/express/lib/router/index.js:326:13)
      at node_modules/express/lib/router/index.js:286:9
      at Function.process_params (node_modules/express/lib/router/index.js:346:12)
      at next (node_modules/express/lib/router/index.js:280:10)
      at Layer.handle_error (node_modules/express/lib/router/layer.js:67:12)
      at trim_prefix (node_modules/express/lib/router/index.js:326:13)
      at node_modules/express/lib/router/index.js:286:9
      at Function.process_params (node_modules/express/lib/router/index.js:346:12)
      at next (node_modules/express/lib/router/index.js:280:10)
      at node_modules/express/lib/router/index.js:646:15
      at next (node_modules/express/lib/router/index.js:265:14)
      at next (node_modules/express/lib/router/route.js:141:14)
      at next (src/controllers/AsistenciasController.js:18:16)
      at Layer.handle [as handle_request] (node_modules/express/lib/router/layer.js:95:5)
      at next (node_modules/express/lib/router/route.js:149:13)
      at middleware (node_modules/express-validator/lib/middlewares/check.js:16:13)

  console.log
    2026-04-26T15:04:25.957Z - POST /api/asistencias - 400 - 8ms

      at ServerResponse.log [as send] (src/middleware/errorHandler.js:89:13)

  console.log
    2026-04-26T15:04:25.965Z - POST /api/estudiantes - IP: ::ffff:127.0.0.1

      at log (src/middleware/errorHandler.js:83:11)

  console.log
    2026-04-26T15:04:25.965Z - POST /api/asistencias - IP: ::ffff:127.0.0.1

      at log (src/middleware/errorHandler.js:83:11)

  console.log
    2026-04-26T15:04:25.967Z - POST / - 201 - 2ms

      at ServerResponse.log [as send] (src/middleware/errorHandler.js:89:13)

  console.log
    2026-04-26T15:04:25.968Z - POST / - 201 - 3ms

      at ServerResponse.log [as send] (src/middleware/errorHandler.js:89:13)

  console.log
    2026-04-26T15:04:25.970Z - POST /api/asistencias - IP: ::ffff:127.0.0.1

      at log (src/middleware/errorHandler.js:83:11)

  console.log
    2026-04-26T15:04:25.973Z - POST / - 201 - 3ms

      at ServerResponse.log [as send] (src/middleware/errorHandler.js:89:13)

  console.log
    2026-04-26T15:04:25.972Z - POST /api/estudiantes - IP: ::ffff:127.0.0.1

      at log (src/middleware/errorHandler.js:83:11)

  console.log
    2026-04-26T15:04:25.976Z - POST / - 201 - 4ms

      at ServerResponse.log [as send] (src/middleware/errorHandler.js:89:13)

  console.log
    2026-04-26T15:04:25.977Z - POST /api/asistencias - IP: ::ffff:127.0.0.1

      at log (src/middleware/errorHandler.js:83:11)

  console.log
    2026-04-26T15:04:25.979Z - POST / - 201 - 2ms

      at ServerResponse.log [as send] (src/middleware/errorHandler.js:89:13)

  console.log
    2026-04-26T15:04:25.980Z - POST /api/asistencias - IP: ::ffff:127.0.0.1

      at log (src/middleware/errorHandler.js:83:11)

  console.log
    2026-04-26T15:04:25.983Z - POST / - 201 - 3ms

      at ServerResponse.log [as send] (src/middleware/errorHandler.js:89:13)

  console.log
    2026-04-26T15:04:25.982Z - GET /api/asistencias/estudiante/b51a7bc5-c1f9-4c85-a23b-dc4c1ebacd09 - IP: ::ffff:127.0.0.1

      at log (src/middleware/errorHandler.js:83:11)

  console.log
    2026-04-26T15:04:25.987Z - GET /estudiante/b51a7bc5-c1f9-4c85-a23b-dc4c1ebacd09 - 200 - 5ms

      at ServerResponse.log [as send] (src/middleware/errorHandler.js:89:13)

  console.log
    2026-04-26T15:04:25.986Z - GET /api/reportes/ausentismo - IP: ::ffff:127.0.0.1

      at log (src/middleware/errorHandler.js:83:11)

  console.log
    2026-04-26T15:04:25.993Z - POST /api/estudiantes - IP: ::ffff:127.0.0.1

      at log (src/middleware/errorHandler.js:83:11)

  console.log
    2026-04-26T15:04:25.993Z - GET /ausentismo - 200 - 7ms

      at ServerResponse.log [as send] (src/middleware/errorHandler.js:89:13)

  console.log
    2026-04-26T15:04:25.995Z - POST / - 201 - 2ms

      at ServerResponse.log [as send] (src/middleware/errorHandler.js:89:13)

  console.log
    2026-04-26T15:04:25.998Z - POST /api/estudiantes - IP: ::ffff:127.0.0.1

      at log (src/middleware/errorHandler.js:83:11)

  console.log
    2026-04-26T15:04:26.000Z - POST / - 201 - 2ms

      at ServerResponse.log [as send] (src/middleware/errorHandler.js:89:13)

  console.log
    2026-04-26T15:04:25.998Z - GET /api/asistencias/estudiante/eae3c212-ff2b-488f-bad2-e60d346bd9d9 - IP: ::ffff:127.0.0.1

      at log (src/middleware/errorHandler.js:83:11)

  console.error
    Error capturado: {
      message: 'No hay registros de asistencia para este estudiante',
      code: 'NO_ATTENDANCE_RECORDS',
      statusCode: 404,
      stack: undefined,
      url: '/api/asistencias/estudiante/eae3c212-ff2b-488f-bad2-e60d346bd9d9',
      method: 'GET',
      timestamp: '2026-04-26T15:04:26.002Z'
    }

      2 | const errorHandler = (err, req, res, next) => {
      3 |   // Log del error para debugging
    > 4 |   console.error('Error capturado:', {
        |           ^
      5 |     message: err.message,
      6 |     code: err.code,
      7 |     statusCode: err.statusCode,

      at error (src/middleware/errorHandler.js:4:11)
      at Layer.handle_error (node_modules/express/lib/router/layer.js:71:5)
      at trim_prefix (node_modules/express/lib/router/index.js:326:13)
      at node_modules/express/lib/router/index.js:286:9
      at Function.process_params (node_modules/express/lib/router/index.js:346:12)
      at next (node_modules/express/lib/router/index.js:280:10)
      at Layer.handle_error (node_modules/express/lib/router/layer.js:67:12)
      at trim_prefix (node_modules/express/lib/router/index.js:326:13)
      at node_modules/express/lib/router/index.js:286:9
      at Function.process_params (node_modules/express/lib/router/index.js:346:12)
      at next (node_modules/express/lib/router/index.js:280:10)
      at node_modules/express/lib/router/index.js:646:15
      at next (node_modules/express/lib/router/index.js:265:14)
      at next (node_modules/express/lib/router/route.js:141:14)
      at next (src/controllers/AsistenciasController.js:64:7)

  console.log
    2026-04-26T15:04:26.002Z - POST /api/estudiantes - IP: ::ffff:127.0.0.1

      at log (src/middleware/errorHandler.js:83:11)

  console.log
    2026-04-26T15:04:26.003Z - GET /api/asistencias/estudiante/eae3c212-ff2b-488f-bad2-e60d346bd9d9 - 404 - 5ms

      at ServerResponse.log [as send] (src/middleware/errorHandler.js:89:13)

  console.log
    2026-04-26T15:04:26.004Z - POST / - 201 - 2ms

      at ServerResponse.log [as send] (src/middleware/errorHandler.js:89:13)

  console.log
    2026-04-26T15:04:26.008Z - POST /api/estudiantes - IP: ::ffff:127.0.0.1

      at log (src/middleware/errorHandler.js:83:11)

  console.log
    2026-04-26T15:04:26.009Z - POST /api/estudiantes - IP: ::ffff:127.0.0.1

      at log (src/middleware/errorHandler.js:83:11)

  console.log
    2026-04-26T15:04:26.011Z - POST / - 201 - 3ms

      at ServerResponse.log [as send] (src/middleware/errorHandler.js:89:13)

  console.log
    2026-04-26T15:04:26.011Z - POST / - 201 - 2ms

      at ServerResponse.log [as send] (src/middleware/errorHandler.js:89:13)

  console.log
    2026-04-26T15:04:26.013Z - POST /api/asistencias - IP: ::ffff:127.0.0.1

      at log (src/middleware/errorHandler.js:83:11)

  console.error
    Error capturado: {
      message: 'No se encontró un estudiante con el ID especificado',
      code: 'STUDENT_NOT_FOUND',
      statusCode: 404,
      stack: undefined,
      url: '/api/asistencias',
      method: 'POST',
      timestamp: '2026-04-26T15:04:26.015Z'
    }

      2 | const errorHandler = (err, req, res, next) => {
      3 |   // Log del error para debugging
    > 4 |   console.error('Error capturado:', {
        |           ^
      5 |     message: err.message,
      6 |     code: err.code,
      7 |     statusCode: err.statusCode,

      at error (src/middleware/errorHandler.js:4:11)
      at Layer.handle_error (node_modules/express/lib/router/layer.js:71:5)
      at trim_prefix (node_modules/express/lib/router/index.js:326:13)
      at node_modules/express/lib/router/index.js:286:9
      at Function.process_params (node_modules/express/lib/router/index.js:346:12)
      at next (node_modules/express/lib/router/index.js:280:10)
      at Layer.handle_error (node_modules/express/lib/router/layer.js:67:12)
      at trim_prefix (node_modules/express/lib/router/index.js:326:13)
      at node_modules/express/lib/router/index.js:286:9
      at Function.process_params (node_modules/express/lib/router/index.js:346:12)
      at next (node_modules/express/lib/router/index.js:280:10)
      at node_modules/express/lib/router/index.js:646:15
      at next (node_modules/express/lib/router/index.js:265:14)
      at next (node_modules/express/lib/router/route.js:141:14)
      at next (src/controllers/AsistenciasController.js:33:7)

  console.log
    2026-04-26T15:04:26.017Z - POST /api/asistencias - 404 - 4ms

      at ServerResponse.log [as send] (src/middleware/errorHandler.js:89:13)

  console.log
    2026-04-26T15:04:26.014Z - GET /api/asistencias/estudiante/550e8400-e29b-41d4-a716-446655440000 - IP: ::ffff:127.0.0.1

      at log (src/middleware/errorHandler.js:83:11)

  console.log
    2026-04-26T15:04:26.020Z - POST /api/asistencias - IP: ::ffff:127.0.0.1

      at log (src/middleware/errorHandler.js:83:11)

  console.error
    Error capturado: {
      message: 'No se encontró un estudiante con el ID especificado',
      code: 'STUDENT_NOT_FOUND',
      statusCode: 404,
      stack: undefined,
      url: '/api/asistencias/estudiante/550e8400-e29b-41d4-a716-446655440000',
      method: 'GET',
      timestamp: '2026-04-26T15:04:26.020Z'
    }

      2 | const errorHandler = (err, req, res, next) => {
      3 |   // Log del error para debugging
    > 4 |   console.error('Error capturado:', {
        |           ^
      5 |     message: err.message,
      6 |     code: err.code,
      7 |     statusCode: err.statusCode,

      at error (src/middleware/errorHandler.js:4:11)
      at Layer.handle_error (node_modules/express/lib/router/layer.js:71:5)
      at trim_prefix (node_modules/express/lib/router/index.js:326:13)
      at node_modules/express/lib/router/index.js:286:9
      at Function.process_params (node_modules/express/lib/router/index.js:346:12)
      at next (node_modules/express/lib/router/index.js:280:10)
      at Layer.handle_error (node_modules/express/lib/router/layer.js:67:12)
      at trim_prefix (node_modules/express/lib/router/index.js:326:13)
      at node_modules/express/lib/router/index.js:286:9
      at Function.process_params (node_modules/express/lib/router/index.js:346:12)
      at next (node_modules/express/lib/router/index.js:280:10)
      at node_modules/express/lib/router/index.js:646:15
      at next (node_modules/express/lib/router/index.js:265:14)
      at next (node_modules/express/lib/router/route.js:141:14)
      at next (src/controllers/AsistenciasController.js:64:7)

  console.log
    2026-04-26T15:04:26.024Z - GET /api/asistencias/estudiante/550e8400-e29b-41d4-a716-446655440000 - 404 - 10ms

      at ServerResponse.log [as send] (src/middleware/errorHandler.js:89:13)

  console.error
    Error capturado: {
      message: 'No se encontró un estudiante con el ID especificado',
      code: 'STUDENT_NOT_FOUND',
      statusCode: 404,
      stack: undefined,
      url: '/api/asistencias',
      method: 'POST',
      timestamp: '2026-04-26T15:04:26.022Z'
    }

      2 | const errorHandler = (err, req, res, next) => {
      3 |   // Log del error para debugging
    > 4 |   console.error('Error capturado:', {
        |           ^
      5 |     message: err.message,
      6 |     code: err.code,
      7 |     statusCode: err.statusCode,

      at error (src/middleware/errorHandler.js:4:11)
      at Layer.handle_error (node_modules/express/lib/router/layer.js:71:5)
      at trim_prefix (node_modules/express/lib/router/index.js:326:13)
      at node_modules/express/lib/router/index.js:286:9
      at Function.process_params (node_modules/express/lib/router/index.js:346:12)
      at next (node_modules/express/lib/router/index.js:280:10)
      at Layer.handle_error (node_modules/express/lib/router/layer.js:67:12)
      at trim_prefix (node_modules/express/lib/router/index.js:326:13)
      at node_modules/express/lib/router/index.js:286:9
      at Function.process_params (node_modules/express/lib/router/index.js:346:12)
      at next (node_modules/express/lib/router/index.js:280:10)
      at node_modules/express/lib/router/index.js:646:15
      at next (node_modules/express/lib/router/index.js:265:14)
      at next (node_modules/express/lib/router/route.js:141:14)
      at next (src/controllers/AsistenciasController.js:33:7)

  console.log
    2026-04-26T15:04:26.026Z - POST /api/asistencias - 404 - 6ms

      at ServerResponse.log [as send] (src/middleware/errorHandler.js:89:13)

  console.log
    2026-04-26T15:04:26.030Z - POST /api/asistencias - IP: ::ffff:127.0.0.1

      at log (src/middleware/errorHandler.js:83:11)

  console.log
    2026-04-26T15:04:26.031Z - POST /api/estudiantes - IP: ::ffff:127.0.0.1

      at log (src/middleware/errorHandler.js:83:11)

  console.log
    2026-04-26T15:04:26.033Z - POST / - 201 - 2ms

      at ServerResponse.log [as send] (src/middleware/errorHandler.js:89:13)

  console.error
    Error capturado: {
      message: 'No se encontró un estudiante con el ID especificado',
      code: 'STUDENT_NOT_FOUND',
      statusCode: 404,
      stack: undefined,
      url: '/api/asistencias',
      method: 'POST',
      timestamp: '2026-04-26T15:04:26.032Z'
    }

      2 | const errorHandler = (err, req, res, next) => {
      3 |   // Log del error para debugging
    > 4 |   console.error('Error capturado:', {
        |           ^
      5 |     message: err.message,
      6 |     code: err.code,
      7 |     statusCode: err.statusCode,

      at error (src/middleware/errorHandler.js:4:11)
      at Layer.handle_error (node_modules/express/lib/router/layer.js:71:5)
      at trim_prefix (node_modules/express/lib/router/index.js:326:13)
      at node_modules/express/lib/router/index.js:286:9
      at Function.process_params (node_modules/express/lib/router/index.js:346:12)
      at next (node_modules/express/lib/router/index.js:280:10)
      at Layer.handle_error (node_modules/express/lib/router/layer.js:67:12)
      at trim_prefix (node_modules/express/lib/router/index.js:326:13)
      at node_modules/express/lib/router/index.js:286:9
      at Function.process_params (node_modules/express/lib/router/index.js:346:12)
      at next (node_modules/express/lib/router/index.js:280:10)
      at node_modules/express/lib/router/index.js:646:15
      at next (node_modules/express/lib/router/index.js:265:14)
      at next (node_modules/express/lib/router/route.js:141:14)
      at next (src/controllers/AsistenciasController.js:33:7)

  console.log
    2026-04-26T15:04:26.035Z - POST /api/asistencias - 404 - 5ms

      at ServerResponse.log [as send] (src/middleware/errorHandler.js:89:13)

  console.log
    2026-04-26T15:04:26.041Z - POST /api/asistencias - IP: ::ffff:127.0.0.1

      at log (src/middleware/errorHandler.js:83:11)

  console.error
    Error capturado: {
      message: 'No se encontró un estudiante con el ID especificado',
      code: 'STUDENT_NOT_FOUND',
      statusCode: 404,
      stack: undefined,
      url: '/api/asistencias',
      method: 'POST',
      timestamp: '2026-04-26T15:04:26.044Z'
    }

      2 | const errorHandler = (err, req, res, next) => {
      3 |   // Log del error para debugging
    > 4 |   console.error('Error capturado:', {
        |           ^
      5 |     message: err.message,
      6 |     code: err.code,
      7 |     statusCode: err.statusCode,

      at error (src/middleware/errorHandler.js:4:11)
      at Layer.handle_error (node_modules/express/lib/router/layer.js:71:5)
      at trim_prefix (node_modules/express/lib/router/index.js:326:13)
      at node_modules/express/lib/router/index.js:286:9
      at Function.process_params (node_modules/express/lib/router/index.js:346:12)
      at next (node_modules/express/lib/router/index.js:280:10)
      at Layer.handle_error (node_modules/express/lib/router/layer.js:67:12)
      at trim_prefix (node_modules/express/lib/router/index.js:326:13)
      at node_modules/express/lib/router/index.js:286:9
      at Function.process_params (node_modules/express/lib/router/index.js:346:12)
      at next (node_modules/express/lib/router/index.js:280:10)
      at node_modules/express/lib/router/index.js:646:15
      at next (node_modules/express/lib/router/index.js:265:14)
      at next (node_modules/express/lib/router/route.js:141:14)
      at next (src/controllers/AsistenciasController.js:33:7)

  console.log
    2026-04-26T15:04:26.041Z - GET /api/asistencias/estudiante/id-invalido - IP: ::ffff:127.0.0.1

      at log (src/middleware/errorHandler.js:83:11)

  console.log
    2026-04-26T15:04:26.046Z - POST /api/asistencias - 404 - 5ms

      at ServerResponse.log [as send] (src/middleware/errorHandler.js:89:13)

  console.error
    Error capturado: {
      message: 'ID de estudiante inválido',
      code: 'VALIDATION_ERROR',
      statusCode: 400,
      stack: undefined,
      url: '/api/asistencias/estudiante/id-invalido',
      method: 'GET',
      timestamp: '2026-04-26T15:04:26.046Z'
    }

      2 | const errorHandler = (err, req, res, next) => {
      3 |   // Log del error para debugging
    > 4 |   console.error('Error capturado:', {
        |           ^
      5 |     message: err.message,
      6 |     code: err.code,
      7 |     statusCode: err.statusCode,

      at error (src/middleware/errorHandler.js:4:11)
      at Layer.handle_error (node_modules/express/lib/router/layer.js:71:5)
      at trim_prefix (node_modules/express/lib/router/index.js:326:13)
      at node_modules/express/lib/router/index.js:286:9
      at Function.process_params (node_modules/express/lib/router/index.js:346:12)
      at next (node_modules/express/lib/router/index.js:280:10)
      at Layer.handle_error (node_modules/express/lib/router/layer.js:67:12)
      at trim_prefix (node_modules/express/lib/router/index.js:326:13)
      at node_modules/express/lib/router/index.js:286:9
      at Function.process_params (node_modules/express/lib/router/index.js:346:12)
      at next (node_modules/express/lib/router/index.js:280:10)
      at node_modules/express/lib/router/index.js:646:15
      at next (node_modules/express/lib/router/index.js:265:14)
      at next (node_modules/express/lib/router/route.js:141:14)
      at next (src/controllers/AsistenciasController.js:49:16)
      at Layer.handle [as handle_request] (node_modules/express/lib/router/layer.js:95:5)
      at next (node_modules/express/lib/router/route.js:149:13)
      at middleware (node_modules/express-validator/lib/middlewares/check.js:16:13)

  console.log
    2026-04-26T15:04:26.049Z - GET /api/asistencias/estudiante/id-invalido - 400 - 8ms

      at ServerResponse.log [as send] (src/middleware/errorHandler.js:89:13)

  console.log
    2026-04-26T15:04:26.049Z - POST /api/asistencias - IP: ::ffff:127.0.0.1

      at log (src/middleware/errorHandler.js:83:11)

  console.error
    Error capturado: {
      message: 'No se encontró un estudiante con el ID especificado',
      code: 'STUDENT_NOT_FOUND',
      statusCode: 404,
      stack: undefined,
      url: '/api/asistencias',
      method: 'POST',
      timestamp: '2026-04-26T15:04:26.051Z'
    }

      2 | const errorHandler = (err, req, res, next) => {
      3 |   // Log del error para debugging
    > 4 |   console.error('Error capturado:', {
        |           ^
      5 |     message: err.message,
      6 |     code: err.code,
      7 |     statusCode: err.statusCode,

      at error (src/middleware/errorHandler.js:4:11)
      at Layer.handle_error (node_modules/express/lib/router/layer.js:71:5)
      at trim_prefix (node_modules/express/lib/router/index.js:326:13)
      at node_modules/express/lib/router/index.js:286:9
      at Function.process_params (node_modules/express/lib/router/index.js:346:12)
      at next (node_modules/express/lib/router/index.js:280:10)
      at Layer.handle_error (node_modules/express/lib/router/layer.js:67:12)
      at trim_prefix (node_modules/express/lib/router/index.js:326:13)
      at node_modules/express/lib/router/index.js:286:9
      at Function.process_params (node_modules/express/lib/router/index.js:346:12)
      at next (node_modules/express/lib/router/index.js:280:10)
      at node_modules/express/lib/router/index.js:646:15
      at next (node_modules/express/lib/router/index.js:265:14)
      at next (node_modules/express/lib/router/route.js:141:14)
      at next (src/controllers/AsistenciasController.js:33:7)

  console.log
    2026-04-26T15:04:26.053Z - POST /api/estudiantes - IP: ::ffff:127.0.0.1

      at log (src/middleware/errorHandler.js:83:11)

  console.log
    2026-04-26T15:04:26.054Z - POST /api/asistencias - 404 - 5ms

      at ServerResponse.log [as send] (src/middleware/errorHandler.js:89:13)

  console.log
    2026-04-26T15:04:26.056Z - POST / - 201 - 3ms

      at ServerResponse.log [as send] (src/middleware/errorHandler.js:89:13)

  console.log
    2026-04-26T15:04:26.059Z - POST /api/asistencias - IP: ::ffff:127.0.0.1

      at log (src/middleware/errorHandler.js:83:11)

  console.log
    2026-04-26T15:04:26.061Z - POST /api/asistencias - IP: ::ffff:127.0.0.1

      at log (src/middleware/errorHandler.js:83:11)

  console.error
    Error capturado: {
      message: 'No se encontró un estudiante con el ID especificado',
      code: 'STUDENT_NOT_FOUND',
      statusCode: 404,
      stack: undefined,
      url: '/api/asistencias',
      method: 'POST',
      timestamp: '2026-04-26T15:04:26.061Z'
    }

      2 | const errorHandler = (err, req, res, next) => {
      3 |   // Log del error para debugging
    > 4 |   console.error('Error capturado:', {
        |           ^
      5 |     message: err.message,
      6 |     code: err.code,
      7 |     statusCode: err.statusCode,

      at error (src/middleware/errorHandler.js:4:11)
      at Layer.handle_error (node_modules/express/lib/router/layer.js:71:5)
      at trim_prefix (node_modules/express/lib/router/index.js:326:13)
      at node_modules/express/lib/router/index.js:286:9
      at Function.process_params (node_modules/express/lib/router/index.js:346:12)
      at next (node_modules/express/lib/router/index.js:280:10)
      at Layer.handle_error (node_modules/express/lib/router/layer.js:67:12)
      at trim_prefix (node_modules/express/lib/router/index.js:326:13)
      at node_modules/express/lib/router/index.js:286:9
      at Function.process_params (node_modules/express/lib/router/index.js:346:12)
      at next (node_modules/express/lib/router/index.js:280:10)
      at node_modules/express/lib/router/index.js:646:15
      at next (node_modules/express/lib/router/index.js:265:14)
      at next (node_modules/express/lib/router/route.js:141:14)
      at next (src/controllers/AsistenciasController.js:33:7)

  console.log
    2026-04-26T15:04:26.063Z - POST /api/asistencias - 404 - 4ms

      at ServerResponse.log [as send] (src/middleware/errorHandler.js:89:13)

  console.error
    Error capturado: {
      message: 'Datos de entrada inválidos',
      code: 'VALIDATION_ERROR',
      statusCode: 400,
      stack: undefined,
      url: '/api/asistencias',
      method: 'POST',
      timestamp: '2026-04-26T15:04:26.063Z'
    }

      2 | const errorHandler = (err, req, res, next) => {
      3 |   // Log del error para debugging
    > 4 |   console.error('Error capturado:', {
        |           ^
      5 |     message: err.message,
      6 |     code: err.code,
      7 |     statusCode: err.statusCode,

      at error (src/middleware/errorHandler.js:4:11)
      at Layer.handle_error (node_modules/express/lib/router/layer.js:71:5)
      at trim_prefix (node_modules/express/lib/router/index.js:326:13)
      at node_modules/express/lib/router/index.js:286:9
      at Function.process_params (node_modules/express/lib/router/index.js:346:12)
      at next (node_modules/express/lib/router/index.js:280:10)
      at Layer.handle_error (node_modules/express/lib/router/layer.js:67:12)
      at trim_prefix (node_modules/express/lib/router/index.js:326:13)
      at node_modules/express/lib/router/index.js:286:9
      at Function.process_params (node_modules/express/lib/router/index.js:346:12)
      at next (node_modules/express/lib/router/index.js:280:10)
      at node_modules/express/lib/router/index.js:646:15
      at next (node_modules/express/lib/router/index.js:265:14)
      at next (node_modules/express/lib/router/route.js:141:14)
      at next (src/controllers/AsistenciasController.js:18:16)
      at Layer.handle [as handle_request] (node_modules/express/lib/router/layer.js:95:5)
      at next (node_modules/express/lib/router/route.js:149:13)
      at middleware (node_modules/express-validator/lib/middlewares/check.js:16:13)

  console.log
    2026-04-26T15:04:26.065Z - POST /api/asistencias - 400 - 4ms

      at ServerResponse.log [as send] (src/middleware/errorHandler.js:89:13)

  console.log
    2026-04-26T15:04:26.070Z - POST /api/estudiantes - IP: ::ffff:127.0.0.1

      at log (src/middleware/errorHandler.js:83:11)

  console.log
    2026-04-26T15:04:26.072Z - POST / - 201 - 2ms

      at ServerResponse.log [as send] (src/middleware/errorHandler.js:89:13)

  console.log
    2026-04-26T15:04:26.070Z - GET /api/reportes/ausentismo - IP: ::ffff:127.0.0.1

      at log (src/middleware/errorHandler.js:83:11)

  console.log
    2026-04-26T15:04:26.074Z - GET /ausentismo - 200 - 4ms

      at ServerResponse.log [as send] (src/middleware/errorHandler.js:89:13)

  console.log
    2026-04-26T15:04:26.076Z - POST /api/asistencias - IP: ::ffff:127.0.0.1

      at log (src/middleware/errorHandler.js:83:11)

  console.log
    2026-04-26T15:04:26.078Z - POST / - 201 - 2ms

      at ServerResponse.log [as send] (src/middleware/errorHandler.js:89:13)

  console.log
    2026-04-26T15:04:26.079Z - POST /api/estudiantes - IP: ::ffff:127.0.0.1

      at log (src/middleware/errorHandler.js:83:11)

  console.log
    2026-04-26T15:04:26.081Z - POST / - 201 - 2ms

      at ServerResponse.log [as send] (src/middleware/errorHandler.js:89:13)

  console.log
    2026-04-26T15:04:26.081Z - POST /api/asistencias - IP: ::ffff:127.0.0.1

      at log (src/middleware/errorHandler.js:83:11)

  console.log
    2026-04-26T15:04:26.083Z - POST / - 201 - 2ms

      at ServerResponse.log [as send] (src/middleware/errorHandler.js:89:13)

  console.log
    2026-04-26T15:04:26.083Z - POST /api/estudiantes - IP: ::ffff:127.0.0.1

      at log (src/middleware/errorHandler.js:83:11)

  console.log
    2026-04-26T15:04:26.085Z - POST / - 201 - 2ms

      at ServerResponse.log [as send] (src/middleware/errorHandler.js:89:13)

  console.log
    2026-04-26T15:04:26.088Z - POST /api/estudiantes - IP: ::ffff:127.0.0.1

      at log (src/middleware/errorHandler.js:83:11)

  console.log
    2026-04-26T15:04:26.085Z - GET /api/asistencias/estudiante/7cc178d2-6460-4b19-94f8-e4e7f9c9029c - IP: ::ffff:127.0.0.1

      at log (src/middleware/errorHandler.js:83:11)

  console.log
    2026-04-26T15:04:26.090Z - GET /estudiante/7cc178d2-6460-4b19-94f8-e4e7f9c9029c - 200 - 5ms

      at ServerResponse.log [as send] (src/middleware/errorHandler.js:89:13)

  console.log
    2026-04-26T15:04:26.090Z - POST / - 201 - 3ms

      at ServerResponse.log [as send] (src/middleware/errorHandler.js:89:13)

  console.log
    2026-04-26T15:04:26.093Z - POST /api/asistencias - IP: ::ffff:127.0.0.1

      at log (src/middleware/errorHandler.js:83:11)

  console.log
    2026-04-26T15:04:26.094Z - POST /api/estudiantes - IP: ::ffff:127.0.0.1

      at log (src/middleware/errorHandler.js:83:11)

  console.log
    2026-04-26T15:04:26.095Z - POST / - 201 - 1ms

      at ServerResponse.log [as send] (src/middleware/errorHandler.js:89:13)

  console.error
    Error capturado: {
      message: 'No se encontró un estudiante con el ID especificado',
      code: 'STUDENT_NOT_FOUND',
      statusCode: 404,
      stack: undefined,
      url: '/api/asistencias',
      method: 'POST',
      timestamp: '2026-04-26T15:04:26.095Z'
    }

      2 | const errorHandler = (err, req, res, next) => {
      3 |   // Log del error para debugging
    > 4 |   console.error('Error capturado:', {
        |           ^
      5 |     message: err.message,
      6 |     code: err.code,
      7 |     statusCode: err.statusCode,

      at error (src/middleware/errorHandler.js:4:11)
      at Layer.handle_error (node_modules/express/lib/router/layer.js:71:5)
      at trim_prefix (node_modules/express/lib/router/index.js:326:13)
      at node_modules/express/lib/router/index.js:286:9
      at Function.process_params (node_modules/express/lib/router/index.js:346:12)
      at next (node_modules/express/lib/router/index.js:280:10)
      at Layer.handle_error (node_modules/express/lib/router/layer.js:67:12)
      at trim_prefix (node_modules/express/lib/router/index.js:326:13)
      at node_modules/express/lib/router/index.js:286:9
      at Function.process_params (node_modules/express/lib/router/index.js:346:12)
      at next (node_modules/express/lib/router/index.js:280:10)
      at node_modules/express/lib/router/index.js:646:15
      at next (node_modules/express/lib/router/index.js:265:14)
      at next (node_modules/express/lib/router/route.js:141:14)
      at next (src/controllers/AsistenciasController.js:33:7)

  console.log
    2026-04-26T15:04:26.097Z - POST /api/asistencias - 404 - 4ms

      at ServerResponse.log [as send] (src/middleware/errorHandler.js:89:13)

  console.log
    2026-04-26T15:04:26.099Z - POST /api/asistencias - IP: ::ffff:127.0.0.1

      at log (src/middleware/errorHandler.js:83:11)

  console.log
    2026-04-26T15:04:26.101Z - POST /api/asistencias - IP: ::ffff:127.0.0.1

      at log (src/middleware/errorHandler.js:83:11)

  console.error
    Error capturado: {
      message: 'Datos de entrada inválidos',
      code: 'VALIDATION_ERROR',
      statusCode: 400,
      stack: undefined,
      url: '/api/asistencias',
      method: 'POST',
      timestamp: '2026-04-26T15:04:26.101Z'
    }

      2 | const errorHandler = (err, req, res, next) => {
      3 |   // Log del error para debugging
    > 4 |   console.error('Error capturado:', {
        |           ^
      5 |     message: err.message,
      6 |     code: err.code,
      7 |     statusCode: err.statusCode,

      at error (src/middleware/errorHandler.js:4:11)
      at Layer.handle_error (node_modules/express/lib/router/layer.js:71:5)
      at trim_prefix (node_modules/express/lib/router/index.js:326:13)
      at node_modules/express/lib/router/index.js:286:9
      at Function.process_params (node_modules/express/lib/router/index.js:346:12)
      at next (node_modules/express/lib/router/index.js:280:10)
      at Layer.handle_error (node_modules/express/lib/router/layer.js:67:12)
      at trim_prefix (node_modules/express/lib/router/index.js:326:13)
      at node_modules/express/lib/router/index.js:286:9
      at Function.process_params (node_modules/express/lib/router/index.js:346:12)
      at next (node_modules/express/lib/router/index.js:280:10)
      at node_modules/express/lib/router/index.js:646:15
      at next (node_modules/express/lib/router/index.js:265:14)
      at next (node_modules/express/lib/router/route.js:141:14)
      at next (src/controllers/AsistenciasController.js:18:16)
      at Layer.handle [as handle_request] (node_modules/express/lib/router/layer.js:95:5)
      at next (node_modules/express/lib/router/route.js:149:13)
      at middleware (node_modules/express-validator/lib/middlewares/check.js:16:13)

  console.error
    Error capturado: {
      message: 'No se encontró un estudiante con el ID especificado',
      code: 'STUDENT_NOT_FOUND',
      statusCode: 404,
      stack: undefined,
      url: '/api/asistencias',
      method: 'POST',
      timestamp: '2026-04-26T15:04:26.103Z'
    }

      2 | const errorHandler = (err, req, res, next) => {
      3 |   // Log del error para debugging
    > 4 |   console.error('Error capturado:', {
        |           ^
      5 |     message: err.message,
      6 |     code: err.code,
      7 |     statusCode: err.statusCode,

      at error (src/middleware/errorHandler.js:4:11)
      at Layer.handle_error (node_modules/express/lib/router/layer.js:71:5)
      at trim_prefix (node_modules/express/lib/router/index.js:326:13)
      at node_modules/express/lib/router/index.js:286:9
      at Function.process_params (node_modules/express/lib/router/index.js:346:12)
      at next (node_modules/express/lib/router/index.js:280:10)
      at Layer.handle_error (node_modules/express/lib/router/layer.js:67:12)
      at trim_prefix (node_modules/express/lib/router/index.js:326:13)
      at node_modules/express/lib/router/index.js:286:9
      at Function.process_params (node_modules/express/lib/router/index.js:346:12)
      at next (node_modules/express/lib/router/index.js:280:10)
      at node_modules/express/lib/router/index.js:646:15
      at next (node_modules/express/lib/router/index.js:265:14)
      at next (node_modules/express/lib/router/route.js:141:14)
      at next (src/controllers/AsistenciasController.js:33:7)

  console.log
    2026-04-26T15:04:26.104Z - POST /api/asistencias - 400 - 5ms

      at ServerResponse.log [as send] (src/middleware/errorHandler.js:89:13)

  console.log
    2026-04-26T15:04:26.106Z - POST /api/asistencias - 404 - 5ms

      at ServerResponse.log [as send] (src/middleware/errorHandler.js:89:13)

  console.log
    2026-04-26T15:04:26.112Z - POST /api/asistencias - IP: ::ffff:127.0.0.1

      at log (src/middleware/errorHandler.js:83:11)

PASS tests/integration/asistencias.integration.test.js
  Endpoints de Asistencias - Tests de Integración
    POST /api/asistencias
      ✓ debe registrar asistencia exitosamente con datos válidos (209 ms)
      ✓ debe registrar asistencia con estado "ausente" (24 ms)
      ✓ debe registrar asistencia con estado "justificada" (28 ms)
      ✓ debe rechazar asistencia para estudiante inexistente (35 ms)
      ✓ debe rechazar asistencia con un ID de estudiante nulo o vacío (31 ms)
      ✓ debe rechazar asistencia con fecha futura (29 ms)
      ✓ debe rechazar asistencia con estado inválido (22 ms)
      ✓ debe rechazar asistencia duplicada (mismo estudiante, misma fecha) (35 ms)
      ✓ debe rechazar asistencia con fecha inválida (34 ms)
      ✓ debe rechazar asistencia con formato de fecha incorrecto (27 ms)
    GET /api/asistencias/estudiante/:id
      ✓ debe retornar asistencias de estudiante existente (27 ms)
      ✓ debe retornar 404 para estudiante sin asistencias (16 ms)
      ✓ debe retornar 404 para estudiante inexistente (20 ms)
      ✓ debe retornar 400 para ID con formato inválido (24 ms)
    Casos límite y validaciones adicionales
      ✓ debe manejar campos faltantes en registro de asistencia (16 ms)
      ✓ debe permitir múltiples asistencias para diferentes fechas (24 ms)
      ✓ debe validar UUID del estudiante en el cuerpo de la petición (16 ms)

  console.error
    Error capturado: {
      message: 'No se encontró un estudiante con el ID especificado',
      code: 'STUDENT_NOT_FOUND',
      statusCode: 404,
      stack: undefined,
      url: '/api/asistencias',
      method: 'POST',
      timestamp: '2026-04-26T15:04:26.115Z'
    }

      2 | const errorHandler = (err, req, res, next) => {
      3 |   // Log del error para debugging
    > 4 |   console.error('Error capturado:', {
        |           ^
      5 |     message: err.message,
      6 |     code: err.code,
      7 |     statusCode: err.statusCode,

      at error (src/middleware/errorHandler.js:4:11)
      at Layer.handle_error (node_modules/express/lib/router/layer.js:71:5)
      at trim_prefix (node_modules/express/lib/router/index.js:326:13)
      at node_modules/express/lib/router/index.js:286:9
      at Function.process_params (node_modules/express/lib/router/index.js:346:12)
      at next (node_modules/express/lib/router/index.js:280:10)
      at Layer.handle_error (node_modules/express/lib/router/layer.js:67:12)
      at trim_prefix (node_modules/express/lib/router/index.js:326:13)
      at node_modules/express/lib/router/index.js:286:9
      at Function.process_params (node_modules/express/lib/router/index.js:346:12)
      at next (node_modules/express/lib/router/index.js:280:10)
      at node_modules/express/lib/router/index.js:646:15
      at next (node_modules/express/lib/router/index.js:265:14)
      at next (node_modules/express/lib/router/route.js:141:14)
      at next (src/controllers/AsistenciasController.js:33:7)

  console.log
    2026-04-26T15:04:26.118Z - POST /api/asistencias - 404 - 6ms

      at ServerResponse.log [as send] (src/middleware/errorHandler.js:89:13)

  console.log
    2026-04-26T15:04:26.123Z - POST /api/asistencias - IP: ::ffff:127.0.0.1

      at log (src/middleware/errorHandler.js:83:11)

  console.error
    Error capturado: {
      message: 'No se encontró un estudiante con el ID especificado',
      code: 'STUDENT_NOT_FOUND',
      statusCode: 404,
      stack: undefined,
      url: '/api/asistencias',
      method: 'POST',
      timestamp: '2026-04-26T15:04:26.126Z'
    }

      2 | const errorHandler = (err, req, res, next) => {
      3 |   // Log del error para debugging
    > 4 |   console.error('Error capturado:', {
        |           ^
      5 |     message: err.message,
      6 |     code: err.code,
      7 |     statusCode: err.statusCode,

      at error (src/middleware/errorHandler.js:4:11)
      at Layer.handle_error (node_modules/express/lib/router/layer.js:71:5)
      at trim_prefix (node_modules/express/lib/router/index.js:326:13)
      at node_modules/express/lib/router/index.js:286:9
      at Function.process_params (node_modules/express/lib/router/index.js:346:12)
      at next (node_modules/express/lib/router/index.js:280:10)
      at Layer.handle_error (node_modules/express/lib/router/layer.js:67:12)
      at trim_prefix (node_modules/express/lib/router/index.js:326:13)
      at node_modules/express/lib/router/index.js:286:9
      at Function.process_params (node_modules/express/lib/router/index.js:346:12)
      at next (node_modules/express/lib/router/index.js:280:10)
      at node_modules/express/lib/router/index.js:646:15
      at next (node_modules/express/lib/router/index.js:265:14)
      at next (node_modules/express/lib/router/route.js:141:14)
      at next (src/controllers/AsistenciasController.js:33:7)

  console.log
    2026-04-26T15:04:26.129Z - POST /api/asistencias - 404 - 6ms

      at ServerResponse.log [as send] (src/middleware/errorHandler.js:89:13)

  console.log
    2026-04-26T15:04:26.133Z - POST /api/asistencias - IP: ::ffff:127.0.0.1

      at log (src/middleware/errorHandler.js:83:11)

  console.error
    Error capturado: {
      message: 'No se encontró un estudiante con el ID especificado',
      code: 'STUDENT_NOT_FOUND',
      statusCode: 404,
      stack: undefined,
      url: '/api/asistencias',
      method: 'POST',
      timestamp: '2026-04-26T15:04:26.136Z'
    }

      2 | const errorHandler = (err, req, res, next) => {
      3 |   // Log del error para debugging
    > 4 |   console.error('Error capturado:', {
        |           ^
      5 |     message: err.message,
      6 |     code: err.code,
      7 |     statusCode: err.statusCode,

      at error (src/middleware/errorHandler.js:4:11)
      at Layer.handle_error (node_modules/express/lib/router/layer.js:71:5)
      at trim_prefix (node_modules/express/lib/router/index.js:326:13)
      at node_modules/express/lib/router/index.js:286:9
      at Function.process_params (node_modules/express/lib/router/index.js:346:12)
      at next (node_modules/express/lib/router/index.js:280:10)
      at Layer.handle_error (node_modules/express/lib/router/layer.js:67:12)
      at trim_prefix (node_modules/express/lib/router/index.js:326:13)
      at node_modules/express/lib/router/index.js:286:9
      at Function.process_params (node_modules/express/lib/router/index.js:346:12)
      at next (node_modules/express/lib/router/index.js:280:10)
      at node_modules/express/lib/router/index.js:646:15
      at next (node_modules/express/lib/router/index.js:265:14)
      at next (node_modules/express/lib/router/route.js:141:14)
      at next (src/controllers/AsistenciasController.js:33:7)

  console.log
    2026-04-26T15:04:26.138Z - POST /api/asistencias - 404 - 5ms

      at ServerResponse.log [as send] (src/middleware/errorHandler.js:89:13)

  console.log
    2026-04-26T15:04:26.143Z - POST /api/asistencias - IP: ::ffff:127.0.0.1

      at log (src/middleware/errorHandler.js:83:11)

  console.error
    Error capturado: {
      message: 'No se encontró un estudiante con el ID especificado',
      code: 'STUDENT_NOT_FOUND',
      statusCode: 404,
      stack: undefined,
      url: '/api/asistencias',
      method: 'POST',
      timestamp: '2026-04-26T15:04:26.146Z'
    }

      2 | const errorHandler = (err, req, res, next) => {
      3 |   // Log del error para debugging
    > 4 |   console.error('Error capturado:', {
        |           ^
      5 |     message: err.message,
      6 |     code: err.code,
      7 |     statusCode: err.statusCode,

      at error (src/middleware/errorHandler.js:4:11)
      at Layer.handle_error (node_modules/express/lib/router/layer.js:71:5)
      at trim_prefix (node_modules/express/lib/router/index.js:326:13)
      at node_modules/express/lib/router/index.js:286:9
      at Function.process_params (node_modules/express/lib/router/index.js:346:12)
      at next (node_modules/express/lib/router/index.js:280:10)
      at Layer.handle_error (node_modules/express/lib/router/layer.js:67:12)
      at trim_prefix (node_modules/express/lib/router/index.js:326:13)
      at node_modules/express/lib/router/index.js:286:9
      at Function.process_params (node_modules/express/lib/router/index.js:346:12)
      at next (node_modules/express/lib/router/index.js:280:10)
      at node_modules/express/lib/router/index.js:646:15
      at next (node_modules/express/lib/router/index.js:265:14)
      at next (node_modules/express/lib/router/route.js:141:14)
      at next (src/controllers/AsistenciasController.js:33:7)

  console.log
    2026-04-26T15:04:26.148Z - POST /api/asistencias - 404 - 5ms

      at ServerResponse.log [as send] (src/middleware/errorHandler.js:89:13)

  console.log
    2026-04-26T15:04:26.152Z - POST /api/estudiantes - IP: ::ffff:127.0.0.1

      at log (src/middleware/errorHandler.js:83:11)

  console.log
    2026-04-26T15:04:26.154Z - POST / - 201 - 2ms

      at ServerResponse.log [as send] (src/middleware/errorHandler.js:89:13)

  console.log
    2026-04-26T15:04:26.157Z - GET /api/reportes/ausentismo - IP: ::ffff:127.0.0.1

      at log (src/middleware/errorHandler.js:83:11)

  console.log
    2026-04-26T15:04:26.162Z - GET /ausentismo - 200 - 5ms

      at ServerResponse.log [as send] (src/middleware/errorHandler.js:89:13)

  console.log
    2026-04-26T15:04:26.170Z - POST /api/estudiantes - IP: ::ffff:127.0.0.1

      at log (src/middleware/errorHandler.js:83:11)

  console.log
    2026-04-26T15:04:26.173Z - POST / - 201 - 3ms

      at ServerResponse.log [as send] (src/middleware/errorHandler.js:89:13)

  console.log
    2026-04-26T15:04:26.177Z - POST /api/estudiantes - IP: ::ffff:127.0.0.1

      at log (src/middleware/errorHandler.js:83:11)

  console.log
    2026-04-26T15:04:26.178Z - POST / - 201 - 1ms

      at ServerResponse.log [as send] (src/middleware/errorHandler.js:89:13)

  console.log
    2026-04-26T15:04:26.181Z - POST /api/estudiantes - IP: ::ffff:127.0.0.1

      at log (src/middleware/errorHandler.js:83:11)

  console.log
    2026-04-26T15:04:26.183Z - POST / - 201 - 2ms

      at ServerResponse.log [as send] (src/middleware/errorHandler.js:89:13)

  console.log
    2026-04-26T15:04:26.186Z - POST /api/asistencias - IP: ::ffff:127.0.0.1

      at log (src/middleware/errorHandler.js:83:11)

  console.error
    Error capturado: {
      message: 'No se encontró un estudiante con el ID especificado',
      code: 'STUDENT_NOT_FOUND',
      statusCode: 404,
      stack: undefined,
      url: '/api/asistencias',
      method: 'POST',
      timestamp: '2026-04-26T15:04:26.187Z'
    }

      2 | const errorHandler = (err, req, res, next) => {
      3 |   // Log del error para debugging
    > 4 |   console.error('Error capturado:', {
        |           ^
      5 |     message: err.message,
      6 |     code: err.code,
      7 |     statusCode: err.statusCode,

      at error (src/middleware/errorHandler.js:4:11)
      at Layer.handle_error (node_modules/express/lib/router/layer.js:71:5)
      at trim_prefix (node_modules/express/lib/router/index.js:326:13)
      at node_modules/express/lib/router/index.js:286:9
      at Function.process_params (node_modules/express/lib/router/index.js:346:12)
      at next (node_modules/express/lib/router/index.js:280:10)
      at Layer.handle_error (node_modules/express/lib/router/layer.js:67:12)
      at trim_prefix (node_modules/express/lib/router/index.js:326:13)
      at node_modules/express/lib/router/index.js:286:9
      at Function.process_params (node_modules/express/lib/router/index.js:346:12)
      at next (node_modules/express/lib/router/index.js:280:10)
      at node_modules/express/lib/router/index.js:646:15
      at next (node_modules/express/lib/router/index.js:265:14)
      at next (node_modules/express/lib/router/route.js:141:14)
      at next (src/controllers/AsistenciasController.js:33:7)

  console.log
    2026-04-26T15:04:26.189Z - POST /api/asistencias - 404 - 3ms

      at ServerResponse.log [as send] (src/middleware/errorHandler.js:89:13)

  console.log
    2026-04-26T15:04:26.193Z - POST /api/asistencias - IP: ::ffff:127.0.0.1

      at log (src/middleware/errorHandler.js:83:11)

  console.error
    Error capturado: {
      message: 'No se encontró un estudiante con el ID especificado',
      code: 'STUDENT_NOT_FOUND',
      statusCode: 404,
      stack: undefined,
      url: '/api/asistencias',
      method: 'POST',
      timestamp: '2026-04-26T15:04:26.195Z'
    }

      2 | const errorHandler = (err, req, res, next) => {
      3 |   // Log del error para debugging
    > 4 |   console.error('Error capturado:', {
        |           ^
      5 |     message: err.message,
      6 |     code: err.code,
      7 |     statusCode: err.statusCode,

      at error (src/middleware/errorHandler.js:4:11)
      at Layer.handle_error (node_modules/express/lib/router/layer.js:71:5)
      at trim_prefix (node_modules/express/lib/router/index.js:326:13)
      at node_modules/express/lib/router/index.js:286:9
      at Function.process_params (node_modules/express/lib/router/index.js:346:12)
      at next (node_modules/express/lib/router/index.js:280:10)
      at Layer.handle_error (node_modules/express/lib/router/layer.js:67:12)
      at trim_prefix (node_modules/express/lib/router/index.js:326:13)
      at node_modules/express/lib/router/index.js:286:9
      at Function.process_params (node_modules/express/lib/router/index.js:346:12)
      at next (node_modules/express/lib/router/index.js:280:10)
      at node_modules/express/lib/router/index.js:646:15
      at next (node_modules/express/lib/router/index.js:265:14)
      at next (node_modules/express/lib/router/route.js:141:14)
      at next (src/controllers/AsistenciasController.js:33:7)

  console.log
    2026-04-26T15:04:26.196Z - POST /api/asistencias - 404 - 3ms

      at ServerResponse.log [as send] (src/middleware/errorHandler.js:89:13)

  console.log
    2026-04-26T15:04:26.199Z - POST /api/asistencias - IP: ::ffff:127.0.0.1

      at log (src/middleware/errorHandler.js:83:11)

  console.error
    Error capturado: {
      message: 'No se encontró un estudiante con el ID especificado',
      code: 'STUDENT_NOT_FOUND',
      statusCode: 404,
      stack: undefined,
      url: '/api/asistencias',
      method: 'POST',
      timestamp: '2026-04-26T15:04:26.202Z'
    }

      2 | const errorHandler = (err, req, res, next) => {
      3 |   // Log del error para debugging
    > 4 |   console.error('Error capturado:', {
        |           ^
      5 |     message: err.message,
      6 |     code: err.code,
      7 |     statusCode: err.statusCode,

      at error (src/middleware/errorHandler.js:4:11)
      at Layer.handle_error (node_modules/express/lib/router/layer.js:71:5)
      at trim_prefix (node_modules/express/lib/router/index.js:326:13)
      at node_modules/express/lib/router/index.js:286:9
      at Function.process_params (node_modules/express/lib/router/index.js:346:12)
      at next (node_modules/express/lib/router/index.js:280:10)
      at Layer.handle_error (node_modules/express/lib/router/layer.js:67:12)
      at trim_prefix (node_modules/express/lib/router/index.js:326:13)
      at node_modules/express/lib/router/index.js:286:9
      at Function.process_params (node_modules/express/lib/router/index.js:346:12)
      at next (node_modules/express/lib/router/index.js:280:10)
      at node_modules/express/lib/router/index.js:646:15
      at next (node_modules/express/lib/router/index.js:265:14)
      at next (node_modules/express/lib/router/route.js:141:14)
      at next (src/controllers/AsistenciasController.js:33:7)

  console.log
    2026-04-26T15:04:26.204Z - POST /api/asistencias - 404 - 5ms

      at ServerResponse.log [as send] (src/middleware/errorHandler.js:89:13)

  console.log
    2026-04-26T15:04:26.210Z - POST /api/asistencias - IP: ::ffff:127.0.0.1

      at log (src/middleware/errorHandler.js:83:11)

  console.error
    Error capturado: {
      message: 'No se encontró un estudiante con el ID especificado',
      code: 'STUDENT_NOT_FOUND',
      statusCode: 404,
      stack: undefined,
      url: '/api/asistencias',
      method: 'POST',
      timestamp: '2026-04-26T15:04:26.212Z'
    }

      2 | const errorHandler = (err, req, res, next) => {
      3 |   // Log del error para debugging
    > 4 |   console.error('Error capturado:', {
        |           ^
      5 |     message: err.message,
      6 |     code: err.code,
      7 |     statusCode: err.statusCode,

      at error (src/middleware/errorHandler.js:4:11)
      at Layer.handle_error (node_modules/express/lib/router/layer.js:71:5)
      at trim_prefix (node_modules/express/lib/router/index.js:326:13)
      at node_modules/express/lib/router/index.js:286:9
      at Function.process_params (node_modules/express/lib/router/index.js:346:12)
      at next (node_modules/express/lib/router/index.js:280:10)
      at Layer.handle_error (node_modules/express/lib/router/layer.js:67:12)
      at trim_prefix (node_modules/express/lib/router/index.js:326:13)
      at node_modules/express/lib/router/index.js:286:9
      at Function.process_params (node_modules/express/lib/router/index.js:346:12)
      at next (node_modules/express/lib/router/index.js:280:10)
      at node_modules/express/lib/router/index.js:646:15
      at next (node_modules/express/lib/router/index.js:265:14)
      at next (node_modules/express/lib/router/route.js:141:14)
      at next (src/controllers/AsistenciasController.js:33:7)

  console.log
    2026-04-26T15:04:26.213Z - POST /api/asistencias - 404 - 3ms

      at ServerResponse.log [as send] (src/middleware/errorHandler.js:89:13)

  console.log
    2026-04-26T15:04:26.216Z - POST /api/asistencias - IP: ::ffff:127.0.0.1

      at log (src/middleware/errorHandler.js:83:11)

  console.error
    Error capturado: {
      message: 'No se encontró un estudiante con el ID especificado',
      code: 'STUDENT_NOT_FOUND',
      statusCode: 404,
      stack: undefined,
      url: '/api/asistencias',
      method: 'POST',
      timestamp: '2026-04-26T15:04:26.218Z'
    }

      2 | const errorHandler = (err, req, res, next) => {
      3 |   // Log del error para debugging
    > 4 |   console.error('Error capturado:', {
        |           ^
      5 |     message: err.message,
      6 |     code: err.code,
      7 |     statusCode: err.statusCode,

      at error (src/middleware/errorHandler.js:4:11)
      at Layer.handle_error (node_modules/express/lib/router/layer.js:71:5)
      at trim_prefix (node_modules/express/lib/router/index.js:326:13)
      at node_modules/express/lib/router/index.js:286:9
      at Function.process_params (node_modules/express/lib/router/index.js:346:12)
      at next (node_modules/express/lib/router/index.js:280:10)
      at Layer.handle_error (node_modules/express/lib/router/layer.js:67:12)
      at trim_prefix (node_modules/express/lib/router/index.js:326:13)
      at node_modules/express/lib/router/index.js:286:9
      at Function.process_params (node_modules/express/lib/router/index.js:346:12)
      at next (node_modules/express/lib/router/index.js:280:10)
      at node_modules/express/lib/router/index.js:646:15
      at next (node_modules/express/lib/router/index.js:265:14)
      at next (node_modules/express/lib/router/route.js:141:14)
      at next (src/controllers/AsistenciasController.js:33:7)

  console.log
    2026-04-26T15:04:26.220Z - POST /api/asistencias - 404 - 4ms

      at ServerResponse.log [as send] (src/middleware/errorHandler.js:89:13)

  console.log
    2026-04-26T15:04:26.224Z - POST /api/asistencias - IP: ::ffff:127.0.0.1

      at log (src/middleware/errorHandler.js:83:11)

  console.error
    Error capturado: {
      message: 'No se encontró un estudiante con el ID especificado',
      code: 'STUDENT_NOT_FOUND',
      statusCode: 404,
      stack: undefined,
      url: '/api/asistencias',
      method: 'POST',
      timestamp: '2026-04-26T15:04:26.226Z'
    }

      2 | const errorHandler = (err, req, res, next) => {
      3 |   // Log del error para debugging
    > 4 |   console.error('Error capturado:', {
        |           ^
      5 |     message: err.message,
      6 |     code: err.code,
      7 |     statusCode: err.statusCode,

      at error (src/middleware/errorHandler.js:4:11)
      at Layer.handle_error (node_modules/express/lib/router/layer.js:71:5)
      at trim_prefix (node_modules/express/lib/router/index.js:326:13)
      at node_modules/express/lib/router/index.js:286:9
      at Function.process_params (node_modules/express/lib/router/index.js:346:12)
      at next (node_modules/express/lib/router/index.js:280:10)
      at Layer.handle_error (node_modules/express/lib/router/layer.js:67:12)
      at trim_prefix (node_modules/express/lib/router/index.js:326:13)
      at node_modules/express/lib/router/index.js:286:9
      at Function.process_params (node_modules/express/lib/router/index.js:346:12)
      at next (node_modules/express/lib/router/index.js:280:10)
      at node_modules/express/lib/router/index.js:646:15
      at next (node_modules/express/lib/router/index.js:265:14)
      at next (node_modules/express/lib/router/route.js:141:14)
      at next (src/controllers/AsistenciasController.js:33:7)

  console.log
    2026-04-26T15:04:26.228Z - POST /api/asistencias - 404 - 4ms

      at ServerResponse.log [as send] (src/middleware/errorHandler.js:89:13)

  console.log
    2026-04-26T15:04:26.233Z - GET /api/reportes/asistencias - IP: ::ffff:127.0.0.1

      at log (src/middleware/errorHandler.js:83:11)

  console.log
    2026-04-26T15:04:26.237Z - GET /asistencias - 200 - 4ms

      at ServerResponse.log [as send] (src/middleware/errorHandler.js:89:13)

  console.log
    2026-04-26T15:04:26.249Z - POST /api/estudiantes - IP: ::ffff:127.0.0.1

      at log (src/middleware/errorHandler.js:83:11)

  console.log
    2026-04-26T15:04:26.251Z - POST / - 201 - 2ms

      at ServerResponse.log [as send] (src/middleware/errorHandler.js:89:13)

  console.log
    2026-04-26T15:04:26.254Z - POST /api/estudiantes - IP: ::ffff:127.0.0.1

      at log (src/middleware/errorHandler.js:83:11)

  console.log
    2026-04-26T15:04:26.256Z - POST / - 201 - 2ms

      at ServerResponse.log [as send] (src/middleware/errorHandler.js:89:13)

  console.log
    2026-04-26T15:04:26.259Z - POST /api/estudiantes - IP: ::ffff:127.0.0.1

      at log (src/middleware/errorHandler.js:83:11)

  console.log
    2026-04-26T15:04:26.262Z - POST / - 201 - 3ms

      at ServerResponse.log [as send] (src/middleware/errorHandler.js:89:13)

  console.log
    2026-04-26T15:04:26.264Z - POST /api/asistencias - IP: ::ffff:127.0.0.1

      at log (src/middleware/errorHandler.js:83:11)

  console.error
    Error capturado: {
      message: 'No se encontró un estudiante con el ID especificado',
      code: 'STUDENT_NOT_FOUND',
      statusCode: 404,
      stack: undefined,
      url: '/api/asistencias',
      method: 'POST',
      timestamp: '2026-04-26T15:04:26.266Z'
    }

      2 | const errorHandler = (err, req, res, next) => {
      3 |   // Log del error para debugging
    > 4 |   console.error('Error capturado:', {
        |           ^
      5 |     message: err.message,
      6 |     code: err.code,
      7 |     statusCode: err.statusCode,

      at error (src/middleware/errorHandler.js:4:11)
      at Layer.handle_error (node_modules/express/lib/router/layer.js:71:5)
      at trim_prefix (node_modules/express/lib/router/index.js:326:13)
      at node_modules/express/lib/router/index.js:286:9
      at Function.process_params (node_modules/express/lib/router/index.js:346:12)
      at next (node_modules/express/lib/router/index.js:280:10)
      at Layer.handle_error (node_modules/express/lib/router/layer.js:67:12)
      at trim_prefix (node_modules/express/lib/router/index.js:326:13)
      at node_modules/express/lib/router/index.js:286:9
      at Function.process_params (node_modules/express/lib/router/index.js:346:12)
      at next (node_modules/express/lib/router/index.js:280:10)
      at node_modules/express/lib/router/index.js:646:15
      at next (node_modules/express/lib/router/index.js:265:14)
      at next (node_modules/express/lib/router/route.js:141:14)
      at next (src/controllers/AsistenciasController.js:33:7)

  console.log
    2026-04-26T15:04:26.268Z - POST /api/asistencias - 404 - 4ms

      at ServerResponse.log [as send] (src/middleware/errorHandler.js:89:13)

  console.log
    2026-04-26T15:04:26.272Z - POST /api/asistencias - IP: ::ffff:127.0.0.1

      at log (src/middleware/errorHandler.js:83:11)

  console.error
    Error capturado: {
      message: 'No se encontró un estudiante con el ID especificado',
      code: 'STUDENT_NOT_FOUND',
      statusCode: 404,
      stack: undefined,
      url: '/api/asistencias',
      method: 'POST',
      timestamp: '2026-04-26T15:04:26.275Z'
    }

      2 | const errorHandler = (err, req, res, next) => {
      3 |   // Log del error para debugging
    > 4 |   console.error('Error capturado:', {
        |           ^
      5 |     message: err.message,
      6 |     code: err.code,
      7 |     statusCode: err.statusCode,

      at error (src/middleware/errorHandler.js:4:11)
      at Layer.handle_error (node_modules/express/lib/router/layer.js:71:5)
      at trim_prefix (node_modules/express/lib/router/index.js:326:13)
      at node_modules/express/lib/router/index.js:286:9
      at Function.process_params (node_modules/express/lib/router/index.js:346:12)
      at next (node_modules/express/lib/router/index.js:280:10)
      at Layer.handle_error (node_modules/express/lib/router/layer.js:67:12)
      at trim_prefix (node_modules/express/lib/router/index.js:326:13)
      at node_modules/express/lib/router/index.js:286:9
      at Function.process_params (node_modules/express/lib/router/index.js:346:12)
      at next (node_modules/express/lib/router/index.js:280:10)
      at node_modules/express/lib/router/index.js:646:15
      at next (node_modules/express/lib/router/index.js:265:14)
      at next (node_modules/express/lib/router/route.js:141:14)
      at next (src/controllers/AsistenciasController.js:33:7)

  console.log
    2026-04-26T15:04:26.277Z - POST /api/asistencias - 404 - 5ms

      at ServerResponse.log [as send] (src/middleware/errorHandler.js:89:13)

  console.log
    2026-04-26T15:04:26.283Z - POST /api/asistencias - IP: ::ffff:127.0.0.1

      at log (src/middleware/errorHandler.js:83:11)

  console.error
    Error capturado: {
      message: 'No se encontró un estudiante con el ID especificado',
      code: 'STUDENT_NOT_FOUND',
      statusCode: 404,
      stack: undefined,
      url: '/api/asistencias',
      method: 'POST',
      timestamp: '2026-04-26T15:04:26.286Z'
    }

      2 | const errorHandler = (err, req, res, next) => {
      3 |   // Log del error para debugging
    > 4 |   console.error('Error capturado:', {
        |           ^
      5 |     message: err.message,
      6 |     code: err.code,
      7 |     statusCode: err.statusCode,

      at error (src/middleware/errorHandler.js:4:11)
      at Layer.handle_error (node_modules/express/lib/router/layer.js:71:5)
      at trim_prefix (node_modules/express/lib/router/index.js:326:13)
      at node_modules/express/lib/router/index.js:286:9
      at Function.process_params (node_modules/express/lib/router/index.js:346:12)
      at next (node_modules/express/lib/router/index.js:280:10)
      at Layer.handle_error (node_modules/express/lib/router/layer.js:67:12)
      at trim_prefix (node_modules/express/lib/router/index.js:326:13)
      at node_modules/express/lib/router/index.js:286:9
      at Function.process_params (node_modules/express/lib/router/index.js:346:12)
      at next (node_modules/express/lib/router/index.js:280:10)
      at node_modules/express/lib/router/index.js:646:15
      at next (node_modules/express/lib/router/index.js:265:14)
      at next (node_modules/express/lib/router/route.js:141:14)
      at next (src/controllers/AsistenciasController.js:33:7)

  console.log
    2026-04-26T15:04:26.288Z - POST /api/asistencias - 404 - 5ms

      at ServerResponse.log [as send] (src/middleware/errorHandler.js:89:13)

  console.log
    2026-04-26T15:04:26.295Z - POST /api/asistencias - IP: ::ffff:127.0.0.1

      at log (src/middleware/errorHandler.js:83:11)

  console.error
    Error capturado: {
      message: 'No se encontró un estudiante con el ID especificado',
      code: 'STUDENT_NOT_FOUND',
      statusCode: 404,
      stack: undefined,
      url: '/api/asistencias',
      method: 'POST',
      timestamp: '2026-04-26T15:04:26.298Z'
    }

      2 | const errorHandler = (err, req, res, next) => {
      3 |   // Log del error para debugging
    > 4 |   console.error('Error capturado:', {
        |           ^
      5 |     message: err.message,
      6 |     code: err.code,
      7 |     statusCode: err.statusCode,

      at error (src/middleware/errorHandler.js:4:11)
      at Layer.handle_error (node_modules/express/lib/router/layer.js:71:5)
      at trim_prefix (node_modules/express/lib/router/index.js:326:13)
      at node_modules/express/lib/router/index.js:286:9
      at Function.process_params (node_modules/express/lib/router/index.js:346:12)
      at next (node_modules/express/lib/router/index.js:280:10)
      at Layer.handle_error (node_modules/express/lib/router/layer.js:67:12)
      at trim_prefix (node_modules/express/lib/router/index.js:326:13)
      at node_modules/express/lib/router/index.js:286:9
      at Function.process_params (node_modules/express/lib/router/index.js:346:12)
      at next (node_modules/express/lib/router/index.js:280:10)
      at node_modules/express/lib/router/index.js:646:15
      at next (node_modules/express/lib/router/index.js:265:14)
      at next (node_modules/express/lib/router/route.js:141:14)
      at next (src/controllers/AsistenciasController.js:33:7)

  console.log
    2026-04-26T15:04:26.300Z - POST /api/asistencias - 404 - 5ms

      at ServerResponse.log [as send] (src/middleware/errorHandler.js:89:13)

  console.log
    2026-04-26T15:04:26.304Z - POST /api/asistencias - IP: ::ffff:127.0.0.1

      at log (src/middleware/errorHandler.js:83:11)

  console.error
    Error capturado: {
      message: 'No se encontró un estudiante con el ID especificado',
      code: 'STUDENT_NOT_FOUND',
      statusCode: 404,
      stack: undefined,
      url: '/api/asistencias',
      method: 'POST',
      timestamp: '2026-04-26T15:04:26.306Z'
    }

      2 | const errorHandler = (err, req, res, next) => {
      3 |   // Log del error para debugging
    > 4 |   console.error('Error capturado:', {
        |           ^
      5 |     message: err.message,
      6 |     code: err.code,
      7 |     statusCode: err.statusCode,

      at error (src/middleware/errorHandler.js:4:11)
      at Layer.handle_error (node_modules/express/lib/router/layer.js:71:5)
      at trim_prefix (node_modules/express/lib/router/index.js:326:13)
      at node_modules/express/lib/router/index.js:286:9
      at Function.process_params (node_modules/express/lib/router/index.js:346:12)
      at next (node_modules/express/lib/router/index.js:280:10)
      at Layer.handle_error (node_modules/express/lib/router/layer.js:67:12)
      at trim_prefix (node_modules/express/lib/router/index.js:326:13)
      at node_modules/express/lib/router/index.js:286:9
      at Function.process_params (node_modules/express/lib/router/index.js:346:12)
      at next (node_modules/express/lib/router/index.js:280:10)
      at node_modules/express/lib/router/index.js:646:15
      at next (node_modules/express/lib/router/index.js:265:14)
      at next (node_modules/express/lib/router/route.js:141:14)
      at next (src/controllers/AsistenciasController.js:33:7)

  console.log
    2026-04-26T15:04:26.309Z - POST /api/asistencias - 404 - 5ms

      at ServerResponse.log [as send] (src/middleware/errorHandler.js:89:13)

  console.log
    2026-04-26T15:04:26.313Z - POST /api/asistencias - IP: ::ffff:127.0.0.1

      at log (src/middleware/errorHandler.js:83:11)

  console.error
    Error capturado: {
      message: 'No se encontró un estudiante con el ID especificado',
      code: 'STUDENT_NOT_FOUND',
      statusCode: 404,
      stack: undefined,
      url: '/api/asistencias',
      method: 'POST',
      timestamp: '2026-04-26T15:04:26.314Z'
    }

      2 | const errorHandler = (err, req, res, next) => {
      3 |   // Log del error para debugging
    > 4 |   console.error('Error capturado:', {
        |           ^
      5 |     message: err.message,
      6 |     code: err.code,
      7 |     statusCode: err.statusCode,

      at error (src/middleware/errorHandler.js:4:11)
      at Layer.handle_error (node_modules/express/lib/router/layer.js:71:5)
      at trim_prefix (node_modules/express/lib/router/index.js:326:13)
      at node_modules/express/lib/router/index.js:286:9
      at Function.process_params (node_modules/express/lib/router/index.js:346:12)
      at next (node_modules/express/lib/router/index.js:280:10)
      at Layer.handle_error (node_modules/express/lib/router/layer.js:67:12)
      at trim_prefix (node_modules/express/lib/router/index.js:326:13)
      at node_modules/express/lib/router/index.js:286:9
      at Function.process_params (node_modules/express/lib/router/index.js:346:12)
      at next (node_modules/express/lib/router/index.js:280:10)
      at node_modules/express/lib/router/index.js:646:15
      at next (node_modules/express/lib/router/index.js:265:14)
      at next (node_modules/express/lib/router/route.js:141:14)
      at next (src/controllers/AsistenciasController.js:33:7)

  console.log
    2026-04-26T15:04:26.316Z - POST /api/asistencias - 404 - 3ms

      at ServerResponse.log [as send] (src/middleware/errorHandler.js:89:13)

  console.log
    2026-04-26T15:04:26.319Z - GET /api/reportes/asistencias - IP: ::ffff:127.0.0.1

      at log (src/middleware/errorHandler.js:83:11)

  console.log
    2026-04-26T15:04:26.324Z - GET /asistencias - 200 - 5ms

      at ServerResponse.log [as send] (src/middleware/errorHandler.js:89:13)

  console.log
    2026-04-26T15:04:26.331Z - POST /api/estudiantes - IP: ::ffff:127.0.0.1

      at log (src/middleware/errorHandler.js:83:11)

  console.log
    2026-04-26T15:04:26.332Z - POST / - 201 - 1ms

      at ServerResponse.log [as send] (src/middleware/errorHandler.js:89:13)

  console.log
    2026-04-26T15:04:26.335Z - POST /api/estudiantes - IP: ::ffff:127.0.0.1

      at log (src/middleware/errorHandler.js:83:11)

  console.log
    2026-04-26T15:04:26.336Z - POST / - 201 - 1ms

      at ServerResponse.log [as send] (src/middleware/errorHandler.js:89:13)

  console.log
    2026-04-26T15:04:26.339Z - POST /api/estudiantes - IP: ::ffff:127.0.0.1

      at log (src/middleware/errorHandler.js:83:11)

  console.log
    2026-04-26T15:04:26.342Z - POST / - 201 - 3ms

      at ServerResponse.log [as send] (src/middleware/errorHandler.js:89:13)

  console.log
    2026-04-26T15:04:26.345Z - POST /api/asistencias - IP: ::ffff:127.0.0.1

      at log (src/middleware/errorHandler.js:83:11)

  console.error
    Error capturado: {
      message: 'No se encontró un estudiante con el ID especificado',
      code: 'STUDENT_NOT_FOUND',
      statusCode: 404,
      stack: undefined,
      url: '/api/asistencias',
      method: 'POST',
      timestamp: '2026-04-26T15:04:26.347Z'
    }

      2 | const errorHandler = (err, req, res, next) => {
      3 |   // Log del error para debugging
    > 4 |   console.error('Error capturado:', {
        |           ^
      5 |     message: err.message,
      6 |     code: err.code,
      7 |     statusCode: err.statusCode,

      at error (src/middleware/errorHandler.js:4:11)
      at Layer.handle_error (node_modules/express/lib/router/layer.js:71:5)
      at trim_prefix (node_modules/express/lib/router/index.js:326:13)
      at node_modules/express/lib/router/index.js:286:9
      at Function.process_params (node_modules/express/lib/router/index.js:346:12)
      at next (node_modules/express/lib/router/index.js:280:10)
      at Layer.handle_error (node_modules/express/lib/router/layer.js:67:12)
      at trim_prefix (node_modules/express/lib/router/index.js:326:13)
      at node_modules/express/lib/router/index.js:286:9
      at Function.process_params (node_modules/express/lib/router/index.js:346:12)
      at next (node_modules/express/lib/router/index.js:280:10)
      at node_modules/express/lib/router/index.js:646:15
      at next (node_modules/express/lib/router/index.js:265:14)
      at next (node_modules/express/lib/router/route.js:141:14)
      at next (src/controllers/AsistenciasController.js:33:7)

  console.log
    2026-04-26T15:04:26.349Z - POST /api/asistencias - 404 - 4ms

      at ServerResponse.log [as send] (src/middleware/errorHandler.js:89:13)

  console.log
    2026-04-26T15:04:26.357Z - POST /api/asistencias - IP: ::ffff:127.0.0.1

      at log (src/middleware/errorHandler.js:83:11)

  console.error
    Error capturado: {
      message: 'No se encontró un estudiante con el ID especificado',
      code: 'STUDENT_NOT_FOUND',
      statusCode: 404,
      stack: undefined,
      url: '/api/asistencias',
      method: 'POST',
      timestamp: '2026-04-26T15:04:26.360Z'
    }

      2 | const errorHandler = (err, req, res, next) => {
      3 |   // Log del error para debugging
    > 4 |   console.error('Error capturado:', {
        |           ^
      5 |     message: err.message,
      6 |     code: err.code,
      7 |     statusCode: err.statusCode,

      at error (src/middleware/errorHandler.js:4:11)
      at Layer.handle_error (node_modules/express/lib/router/layer.js:71:5)
      at trim_prefix (node_modules/express/lib/router/index.js:326:13)
      at node_modules/express/lib/router/index.js:286:9
      at Function.process_params (node_modules/express/lib/router/index.js:346:12)
      at next (node_modules/express/lib/router/index.js:280:10)
      at Layer.handle_error (node_modules/express/lib/router/layer.js:67:12)
      at trim_prefix (node_modules/express/lib/router/index.js:326:13)
      at node_modules/express/lib/router/index.js:286:9
      at Function.process_params (node_modules/express/lib/router/index.js:346:12)
      at next (node_modules/express/lib/router/index.js:280:10)
      at node_modules/express/lib/router/index.js:646:15
      at next (node_modules/express/lib/router/index.js:265:14)
      at next (node_modules/express/lib/router/route.js:141:14)
      at next (src/controllers/AsistenciasController.js:33:7)

  console.log
    2026-04-26T15:04:26.362Z - POST /api/asistencias - 404 - 5ms

      at ServerResponse.log [as send] (src/middleware/errorHandler.js:89:13)

  console.log
    2026-04-26T15:04:26.365Z - POST /api/asistencias - IP: ::ffff:127.0.0.1

      at log (src/middleware/errorHandler.js:83:11)

  console.error
    Error capturado: {
      message: 'No se encontró un estudiante con el ID especificado',
      code: 'STUDENT_NOT_FOUND',
      statusCode: 404,
      stack: undefined,
      url: '/api/asistencias',
      method: 'POST',
      timestamp: '2026-04-26T15:04:26.367Z'
    }

      2 | const errorHandler = (err, req, res, next) => {
      3 |   // Log del error para debugging
    > 4 |   console.error('Error capturado:', {
        |           ^
      5 |     message: err.message,
      6 |     code: err.code,
      7 |     statusCode: err.statusCode,

      at error (src/middleware/errorHandler.js:4:11)
      at Layer.handle_error (node_modules/express/lib/router/layer.js:71:5)
      at trim_prefix (node_modules/express/lib/router/index.js:326:13)
      at node_modules/express/lib/router/index.js:286:9
      at Function.process_params (node_modules/express/lib/router/index.js:346:12)
      at next (node_modules/express/lib/router/index.js:280:10)
      at Layer.handle_error (node_modules/express/lib/router/layer.js:67:12)
      at trim_prefix (node_modules/express/lib/router/index.js:326:13)
      at node_modules/express/lib/router/index.js:286:9
      at Function.process_params (node_modules/express/lib/router/index.js:346:12)
      at next (node_modules/express/lib/router/index.js:280:10)
      at node_modules/express/lib/router/index.js:646:15
      at next (node_modules/express/lib/router/index.js:265:14)
      at next (node_modules/express/lib/router/route.js:141:14)
      at next (src/controllers/AsistenciasController.js:33:7)

  console.log
    2026-04-26T15:04:26.369Z - POST /api/asistencias - 404 - 4ms

      at ServerResponse.log [as send] (src/middleware/errorHandler.js:89:13)

  console.log
    2026-04-26T15:04:26.372Z - POST /api/asistencias - IP: ::ffff:127.0.0.1

      at log (src/middleware/errorHandler.js:83:11)

  console.error
    Error capturado: {
      message: 'No se encontró un estudiante con el ID especificado',
      code: 'STUDENT_NOT_FOUND',
      statusCode: 404,
      stack: undefined,
      url: '/api/asistencias',
      method: 'POST',
      timestamp: '2026-04-26T15:04:26.375Z'
    }

      2 | const errorHandler = (err, req, res, next) => {
      3 |   // Log del error para debugging
    > 4 |   console.error('Error capturado:', {
        |           ^
      5 |     message: err.message,
      6 |     code: err.code,
      7 |     statusCode: err.statusCode,

      at error (src/middleware/errorHandler.js:4:11)
      at Layer.handle_error (node_modules/express/lib/router/layer.js:71:5)
      at trim_prefix (node_modules/express/lib/router/index.js:326:13)
      at node_modules/express/lib/router/index.js:286:9
      at Function.process_params (node_modules/express/lib/router/index.js:346:12)
      at next (node_modules/express/lib/router/index.js:280:10)
      at Layer.handle_error (node_modules/express/lib/router/layer.js:67:12)
      at trim_prefix (node_modules/express/lib/router/index.js:326:13)
      at node_modules/express/lib/router/index.js:286:9
      at Function.process_params (node_modules/express/lib/router/index.js:346:12)
      at next (node_modules/express/lib/router/index.js:280:10)
      at node_modules/express/lib/router/index.js:646:15
      at next (node_modules/express/lib/router/index.js:265:14)
      at next (node_modules/express/lib/router/route.js:141:14)
      at next (src/controllers/AsistenciasController.js:33:7)

  console.log
    2026-04-26T15:04:26.377Z - POST /api/asistencias - 404 - 5ms

      at ServerResponse.log [as send] (src/middleware/errorHandler.js:89:13)

  console.log
    2026-04-26T15:04:26.381Z - POST /api/asistencias - IP: ::ffff:127.0.0.1

      at log (src/middleware/errorHandler.js:83:11)

  console.error
    Error capturado: {
      message: 'No se encontró un estudiante con el ID especificado',
      code: 'STUDENT_NOT_FOUND',
      statusCode: 404,
      stack: undefined,
      url: '/api/asistencias',
      method: 'POST',
      timestamp: '2026-04-26T15:04:26.383Z'
    }

      2 | const errorHandler = (err, req, res, next) => {
      3 |   // Log del error para debugging
    > 4 |   console.error('Error capturado:', {
        |           ^
      5 |     message: err.message,
      6 |     code: err.code,
      7 |     statusCode: err.statusCode,

      at error (src/middleware/errorHandler.js:4:11)
      at Layer.handle_error (node_modules/express/lib/router/layer.js:71:5)
      at trim_prefix (node_modules/express/lib/router/index.js:326:13)
      at node_modules/express/lib/router/index.js:286:9
      at Function.process_params (node_modules/express/lib/router/index.js:346:12)
      at next (node_modules/express/lib/router/index.js:280:10)
      at Layer.handle_error (node_modules/express/lib/router/layer.js:67:12)
      at trim_prefix (node_modules/express/lib/router/index.js:326:13)
      at node_modules/express/lib/router/index.js:286:9
      at Function.process_params (node_modules/express/lib/router/index.js:346:12)
      at next (node_modules/express/lib/router/index.js:280:10)
      at node_modules/express/lib/router/index.js:646:15
      at next (node_modules/express/lib/router/index.js:265:14)
      at next (node_modules/express/lib/router/route.js:141:14)
      at next (src/controllers/AsistenciasController.js:33:7)

  console.log
    2026-04-26T15:04:26.384Z - POST /api/asistencias - 404 - 3ms

      at ServerResponse.log [as send] (src/middleware/errorHandler.js:89:13)

  console.log
    2026-04-26T15:04:26.388Z - POST /api/asistencias - IP: ::ffff:127.0.0.1

      at log (src/middleware/errorHandler.js:83:11)

  console.error
    Error capturado: {
      message: 'No se encontró un estudiante con el ID especificado',
      code: 'STUDENT_NOT_FOUND',
      statusCode: 404,
      stack: undefined,
      url: '/api/asistencias',
      method: 'POST',
      timestamp: '2026-04-26T15:04:26.390Z'
    }

      2 | const errorHandler = (err, req, res, next) => {
      3 |   // Log del error para debugging
    > 4 |   console.error('Error capturado:', {
        |           ^
      5 |     message: err.message,
      6 |     code: err.code,
      7 |     statusCode: err.statusCode,

      at error (src/middleware/errorHandler.js:4:11)
      at Layer.handle_error (node_modules/express/lib/router/layer.js:71:5)
      at trim_prefix (node_modules/express/lib/router/index.js:326:13)
      at node_modules/express/lib/router/index.js:286:9
      at Function.process_params (node_modules/express/lib/router/index.js:346:12)
      at next (node_modules/express/lib/router/index.js:280:10)
      at Layer.handle_error (node_modules/express/lib/router/layer.js:67:12)
      at trim_prefix (node_modules/express/lib/router/index.js:326:13)
      at node_modules/express/lib/router/index.js:286:9
      at Function.process_params (node_modules/express/lib/router/index.js:346:12)
      at next (node_modules/express/lib/router/index.js:280:10)
      at node_modules/express/lib/router/index.js:646:15
      at next (node_modules/express/lib/router/index.js:265:14)
      at next (node_modules/express/lib/router/route.js:141:14)
      at next (src/controllers/AsistenciasController.js:33:7)

  console.log
    2026-04-26T15:04:26.393Z - POST /api/asistencias - 404 - 5ms

      at ServerResponse.log [as send] (src/middleware/errorHandler.js:89:13)

  console.log
    2026-04-26T15:04:26.397Z - GET /api/reportes/estadisticas - IP: ::ffff:127.0.0.1

      at log (src/middleware/errorHandler.js:83:11)

  console.log
    2026-04-26T15:04:26.401Z - GET /estadisticas - 200 - 4ms

      at ServerResponse.log [as send] (src/middleware/errorHandler.js:89:13)

  console.log
    2026-04-26T15:04:26.406Z - POST /api/estudiantes - IP: ::ffff:127.0.0.1

      at log (src/middleware/errorHandler.js:83:11)

  console.log
    2026-04-26T15:04:26.410Z - POST / - 201 - 4ms

      at ServerResponse.log [as send] (src/middleware/errorHandler.js:89:13)

  console.log
    2026-04-26T15:04:26.412Z - POST /api/estudiantes - IP: ::ffff:127.0.0.1

      at log (src/middleware/errorHandler.js:83:11)

  console.log
    2026-04-26T15:04:26.414Z - POST / - 201 - 2ms

      at ServerResponse.log [as send] (src/middleware/errorHandler.js:89:13)

  console.log
    2026-04-26T15:04:26.416Z - POST /api/estudiantes - IP: ::ffff:127.0.0.1

      at log (src/middleware/errorHandler.js:83:11)

  console.log
    2026-04-26T15:04:26.418Z - POST / - 201 - 2ms

      at ServerResponse.log [as send] (src/middleware/errorHandler.js:89:13)

  console.log
    2026-04-26T15:04:26.420Z - POST /api/asistencias - IP: ::ffff:127.0.0.1

      at log (src/middleware/errorHandler.js:83:11)

  console.error
    Error capturado: {
      message: 'No se encontró un estudiante con el ID especificado',
      code: 'STUDENT_NOT_FOUND',
      statusCode: 404,
      stack: undefined,
      url: '/api/asistencias',
      method: 'POST',
      timestamp: '2026-04-26T15:04:26.422Z'
    }

      2 | const errorHandler = (err, req, res, next) => {
      3 |   // Log del error para debugging
    > 4 |   console.error('Error capturado:', {
        |           ^
      5 |     message: err.message,
      6 |     code: err.code,
      7 |     statusCode: err.statusCode,

      at error (src/middleware/errorHandler.js:4:11)
      at Layer.handle_error (node_modules/express/lib/router/layer.js:71:5)
      at trim_prefix (node_modules/express/lib/router/index.js:326:13)
      at node_modules/express/lib/router/index.js:286:9
      at Function.process_params (node_modules/express/lib/router/index.js:346:12)
      at next (node_modules/express/lib/router/index.js:280:10)
      at Layer.handle_error (node_modules/express/lib/router/layer.js:67:12)
      at trim_prefix (node_modules/express/lib/router/index.js:326:13)
      at node_modules/express/lib/router/index.js:286:9
      at Function.process_params (node_modules/express/lib/router/index.js:346:12)
      at next (node_modules/express/lib/router/index.js:280:10)
      at node_modules/express/lib/router/index.js:646:15
      at next (node_modules/express/lib/router/index.js:265:14)
      at next (node_modules/express/lib/router/route.js:141:14)
      at next (src/controllers/AsistenciasController.js:33:7)

  console.log
    2026-04-26T15:04:26.424Z - POST /api/asistencias - 404 - 4ms

      at ServerResponse.log [as send] (src/middleware/errorHandler.js:89:13)

  console.log
    2026-04-26T15:04:26.428Z - POST /api/asistencias - IP: ::ffff:127.0.0.1

      at log (src/middleware/errorHandler.js:83:11)

  console.error
    Error capturado: {
      message: 'No se encontró un estudiante con el ID especificado',
      code: 'STUDENT_NOT_FOUND',
      statusCode: 404,
      stack: undefined,
      url: '/api/asistencias',
      method: 'POST',
      timestamp: '2026-04-26T15:04:26.430Z'
    }

      2 | const errorHandler = (err, req, res, next) => {
      3 |   // Log del error para debugging
    > 4 |   console.error('Error capturado:', {
        |           ^
      5 |     message: err.message,
      6 |     code: err.code,
      7 |     statusCode: err.statusCode,

      at error (src/middleware/errorHandler.js:4:11)
      at Layer.handle_error (node_modules/express/lib/router/layer.js:71:5)
      at trim_prefix (node_modules/express/lib/router/index.js:326:13)
      at node_modules/express/lib/router/index.js:286:9
      at Function.process_params (node_modules/express/lib/router/index.js:346:12)
      at next (node_modules/express/lib/router/index.js:280:10)
      at Layer.handle_error (node_modules/express/lib/router/layer.js:67:12)
      at trim_prefix (node_modules/express/lib/router/index.js:326:13)
      at node_modules/express/lib/router/index.js:286:9
      at Function.process_params (node_modules/express/lib/router/index.js:346:12)
      at next (node_modules/express/lib/router/index.js:280:10)
      at node_modules/express/lib/router/index.js:646:15
      at next (node_modules/express/lib/router/index.js:265:14)
      at next (node_modules/express/lib/router/route.js:141:14)
      at next (src/controllers/AsistenciasController.js:33:7)

  console.log
    2026-04-26T15:04:26.431Z - POST /api/asistencias - 404 - 3ms

      at ServerResponse.log [as send] (src/middleware/errorHandler.js:89:13)

  console.log
    2026-04-26T15:04:26.435Z - POST /api/asistencias - IP: ::ffff:127.0.0.1

      at log (src/middleware/errorHandler.js:83:11)

  console.error
    Error capturado: {
      message: 'No se encontró un estudiante con el ID especificado',
      code: 'STUDENT_NOT_FOUND',
      statusCode: 404,
      stack: undefined,
      url: '/api/asistencias',
      method: 'POST',
      timestamp: '2026-04-26T15:04:26.437Z'
    }

      2 | const errorHandler = (err, req, res, next) => {
      3 |   // Log del error para debugging
    > 4 |   console.error('Error capturado:', {
        |           ^
      5 |     message: err.message,
      6 |     code: err.code,
      7 |     statusCode: err.statusCode,

      at error (src/middleware/errorHandler.js:4:11)
      at Layer.handle_error (node_modules/express/lib/router/layer.js:71:5)
      at trim_prefix (node_modules/express/lib/router/index.js:326:13)
      at node_modules/express/lib/router/index.js:286:9
      at Function.process_params (node_modules/express/lib/router/index.js:346:12)
      at next (node_modules/express/lib/router/index.js:280:10)
      at Layer.handle_error (node_modules/express/lib/router/layer.js:67:12)
      at trim_prefix (node_modules/express/lib/router/index.js:326:13)
      at node_modules/express/lib/router/index.js:286:9
      at Function.process_params (node_modules/express/lib/router/index.js:346:12)
      at next (node_modules/express/lib/router/index.js:280:10)
      at node_modules/express/lib/router/index.js:646:15
      at next (node_modules/express/lib/router/index.js:265:14)
      at next (node_modules/express/lib/router/route.js:141:14)
      at next (src/controllers/AsistenciasController.js:33:7)

  console.log
    2026-04-26T15:04:26.438Z - POST /api/asistencias - 404 - 3ms

      at ServerResponse.log [as send] (src/middleware/errorHandler.js:89:13)

  console.log
    2026-04-26T15:04:26.443Z - POST /api/asistencias - IP: ::ffff:127.0.0.1

      at log (src/middleware/errorHandler.js:83:11)

  console.error
    Error capturado: {
      message: 'No se encontró un estudiante con el ID especificado',
      code: 'STUDENT_NOT_FOUND',
      statusCode: 404,
      stack: undefined,
      url: '/api/asistencias',
      method: 'POST',
      timestamp: '2026-04-26T15:04:26.445Z'
    }

      2 | const errorHandler = (err, req, res, next) => {
      3 |   // Log del error para debugging
    > 4 |   console.error('Error capturado:', {
        |           ^
      5 |     message: err.message,
      6 |     code: err.code,
      7 |     statusCode: err.statusCode,

      at error (src/middleware/errorHandler.js:4:11)
      at Layer.handle_error (node_modules/express/lib/router/layer.js:71:5)
      at trim_prefix (node_modules/express/lib/router/index.js:326:13)
      at node_modules/express/lib/router/index.js:286:9
      at Function.process_params (node_modules/express/lib/router/index.js:346:12)
      at next (node_modules/express/lib/router/index.js:280:10)
      at Layer.handle_error (node_modules/express/lib/router/layer.js:67:12)
      at trim_prefix (node_modules/express/lib/router/index.js:326:13)
      at node_modules/express/lib/router/index.js:286:9
      at Function.process_params (node_modules/express/lib/router/index.js:346:12)
      at next (node_modules/express/lib/router/index.js:280:10)
      at node_modules/express/lib/router/index.js:646:15
      at next (node_modules/express/lib/router/index.js:265:14)
      at next (node_modules/express/lib/router/route.js:141:14)
      at next (src/controllers/AsistenciasController.js:33:7)

  console.log
    2026-04-26T15:04:26.446Z - POST /api/asistencias - 404 - 3ms

      at ServerResponse.log [as send] (src/middleware/errorHandler.js:89:13)

  console.log
    2026-04-26T15:04:26.452Z - POST /api/asistencias - IP: ::ffff:127.0.0.1

      at log (src/middleware/errorHandler.js:83:11)

  console.error
    Error capturado: {
      message: 'No se encontró un estudiante con el ID especificado',
      code: 'STUDENT_NOT_FOUND',
      statusCode: 404,
      stack: undefined,
      url: '/api/asistencias',
      method: 'POST',
      timestamp: '2026-04-26T15:04:26.453Z'
    }

      2 | const errorHandler = (err, req, res, next) => {
      3 |   // Log del error para debugging
    > 4 |   console.error('Error capturado:', {
        |           ^
      5 |     message: err.message,
      6 |     code: err.code,
      7 |     statusCode: err.statusCode,

      at error (src/middleware/errorHandler.js:4:11)
      at Layer.handle_error (node_modules/express/lib/router/layer.js:71:5)
      at trim_prefix (node_modules/express/lib/router/index.js:326:13)
      at node_modules/express/lib/router/index.js:286:9
      at Function.process_params (node_modules/express/lib/router/index.js:346:12)
      at next (node_modules/express/lib/router/index.js:280:10)
      at Layer.handle_error (node_modules/express/lib/router/layer.js:67:12)
      at trim_prefix (node_modules/express/lib/router/index.js:326:13)
      at node_modules/express/lib/router/index.js:286:9
      at Function.process_params (node_modules/express/lib/router/index.js:346:12)
      at next (node_modules/express/lib/router/index.js:280:10)
      at node_modules/express/lib/router/index.js:646:15
      at next (node_modules/express/lib/router/index.js:265:14)
      at next (node_modules/express/lib/router/route.js:141:14)
      at next (src/controllers/AsistenciasController.js:33:7)

  console.log
    2026-04-26T15:04:26.455Z - POST /api/asistencias - 404 - 3ms

      at ServerResponse.log [as send] (src/middleware/errorHandler.js:89:13)

  console.log
    2026-04-26T15:04:26.459Z - POST /api/asistencias - IP: ::ffff:127.0.0.1

      at log (src/middleware/errorHandler.js:83:11)

  console.error
    Error capturado: {
      message: 'No se encontró un estudiante con el ID especificado',
      code: 'STUDENT_NOT_FOUND',
      statusCode: 404,
      stack: undefined,
      url: '/api/asistencias',
      method: 'POST',
      timestamp: '2026-04-26T15:04:26.461Z'
    }

      2 | const errorHandler = (err, req, res, next) => {
      3 |   // Log del error para debugging
    > 4 |   console.error('Error capturado:', {
        |           ^
      5 |     message: err.message,
      6 |     code: err.code,
      7 |     statusCode: err.statusCode,

      at error (src/middleware/errorHandler.js:4:11)
      at Layer.handle_error (node_modules/express/lib/router/layer.js:71:5)
      at trim_prefix (node_modules/express/lib/router/index.js:326:13)
      at node_modules/express/lib/router/index.js:286:9
      at Function.process_params (node_modules/express/lib/router/index.js:346:12)
      at next (node_modules/express/lib/router/index.js:280:10)
      at Layer.handle_error (node_modules/express/lib/router/layer.js:67:12)
      at trim_prefix (node_modules/express/lib/router/index.js:326:13)
      at node_modules/express/lib/router/index.js:286:9
      at Function.process_params (node_modules/express/lib/router/index.js:346:12)
      at next (node_modules/express/lib/router/index.js:280:10)
      at node_modules/express/lib/router/index.js:646:15
      at next (node_modules/express/lib/router/index.js:265:14)
      at next (node_modules/express/lib/router/route.js:141:14)
      at next (src/controllers/AsistenciasController.js:33:7)

  console.log
    2026-04-26T15:04:26.463Z - POST /api/asistencias - 404 - 4ms

      at ServerResponse.log [as send] (src/middleware/errorHandler.js:89:13)

  console.log
    2026-04-26T15:04:26.467Z - GET /api/reportes/estadisticas - IP: ::ffff:127.0.0.1

      at log (src/middleware/errorHandler.js:83:11)

  console.log
    2026-04-26T15:04:26.471Z - GET /estadisticas - 200 - 4ms

      at ServerResponse.log [as send] (src/middleware/errorHandler.js:89:13)

  console.log
    2026-04-26T15:04:26.476Z - POST /api/estudiantes - IP: ::ffff:127.0.0.1

      at log (src/middleware/errorHandler.js:83:11)

  console.log
    2026-04-26T15:04:26.477Z - POST / - 201 - 1ms

      at ServerResponse.log [as send] (src/middleware/errorHandler.js:89:13)

  console.log
    2026-04-26T15:04:26.479Z - POST /api/estudiantes - IP: ::ffff:127.0.0.1

      at log (src/middleware/errorHandler.js:83:11)

  console.log
    2026-04-26T15:04:26.481Z - POST / - 201 - 2ms

      at ServerResponse.log [as send] (src/middleware/errorHandler.js:89:13)

  console.log
    2026-04-26T15:04:26.483Z - POST /api/estudiantes - IP: ::ffff:127.0.0.1

      at log (src/middleware/errorHandler.js:83:11)

  console.log
    2026-04-26T15:04:26.484Z - POST / - 201 - 1ms

      at ServerResponse.log [as send] (src/middleware/errorHandler.js:89:13)

  console.log
    2026-04-26T15:04:26.486Z - POST /api/asistencias - IP: ::ffff:127.0.0.1

      at log (src/middleware/errorHandler.js:83:11)

  console.error
    Error capturado: {
      message: 'No se encontró un estudiante con el ID especificado',
      code: 'STUDENT_NOT_FOUND',
      statusCode: 404,
      stack: undefined,
      url: '/api/asistencias',
      method: 'POST',
      timestamp: '2026-04-26T15:04:26.488Z'
    }

      2 | const errorHandler = (err, req, res, next) => {
      3 |   // Log del error para debugging
    > 4 |   console.error('Error capturado:', {
        |           ^
      5 |     message: err.message,
      6 |     code: err.code,
      7 |     statusCode: err.statusCode,

      at error (src/middleware/errorHandler.js:4:11)
      at Layer.handle_error (node_modules/express/lib/router/layer.js:71:5)
      at trim_prefix (node_modules/express/lib/router/index.js:326:13)
      at node_modules/express/lib/router/index.js:286:9
      at Function.process_params (node_modules/express/lib/router/index.js:346:12)
      at next (node_modules/express/lib/router/index.js:280:10)
      at Layer.handle_error (node_modules/express/lib/router/layer.js:67:12)
      at trim_prefix (node_modules/express/lib/router/index.js:326:13)
      at node_modules/express/lib/router/index.js:286:9
      at Function.process_params (node_modules/express/lib/router/index.js:346:12)
      at next (node_modules/express/lib/router/index.js:280:10)
      at node_modules/express/lib/router/index.js:646:15
      at next (node_modules/express/lib/router/index.js:265:14)
      at next (node_modules/express/lib/router/route.js:141:14)
      at next (src/controllers/AsistenciasController.js:33:7)

  console.log
    2026-04-26T15:04:26.490Z - POST /api/asistencias - 404 - 4ms

      at ServerResponse.log [as send] (src/middleware/errorHandler.js:89:13)

  console.log
    2026-04-26T15:04:26.493Z - POST /api/asistencias - IP: ::ffff:127.0.0.1

      at log (src/middleware/errorHandler.js:83:11)

  console.error
    Error capturado: {
      message: 'No se encontró un estudiante con el ID especificado',
      code: 'STUDENT_NOT_FOUND',
      statusCode: 404,
      stack: undefined,
      url: '/api/asistencias',
      method: 'POST',
      timestamp: '2026-04-26T15:04:26.495Z'
    }

      2 | const errorHandler = (err, req, res, next) => {
      3 |   // Log del error para debugging
    > 4 |   console.error('Error capturado:', {
        |           ^
      5 |     message: err.message,
      6 |     code: err.code,
      7 |     statusCode: err.statusCode,

      at error (src/middleware/errorHandler.js:4:11)
      at Layer.handle_error (node_modules/express/lib/router/layer.js:71:5)
      at trim_prefix (node_modules/express/lib/router/index.js:326:13)
      at node_modules/express/lib/router/index.js:286:9
      at Function.process_params (node_modules/express/lib/router/index.js:346:12)
      at next (node_modules/express/lib/router/index.js:280:10)
      at Layer.handle_error (node_modules/express/lib/router/layer.js:67:12)
      at trim_prefix (node_modules/express/lib/router/index.js:326:13)
      at node_modules/express/lib/router/index.js:286:9
      at Function.process_params (node_modules/express/lib/router/index.js:346:12)
      at next (node_modules/express/lib/router/index.js:280:10)
      at node_modules/express/lib/router/index.js:646:15
      at next (node_modules/express/lib/router/index.js:265:14)
      at next (node_modules/express/lib/router/route.js:141:14)
      at next (src/controllers/AsistenciasController.js:33:7)

  console.log
    2026-04-26T15:04:26.496Z - POST /api/asistencias - 404 - 3ms

      at ServerResponse.log [as send] (src/middleware/errorHandler.js:89:13)

  console.log
    2026-04-26T15:04:26.499Z - POST /api/asistencias - IP: ::ffff:127.0.0.1

      at log (src/middleware/errorHandler.js:83:11)

  console.error
    Error capturado: {
      message: 'No se encontró un estudiante con el ID especificado',
      code: 'STUDENT_NOT_FOUND',
      statusCode: 404,
      stack: undefined,
      url: '/api/asistencias',
      method: 'POST',
      timestamp: '2026-04-26T15:04:26.500Z'
    }

      2 | const errorHandler = (err, req, res, next) => {
      3 |   // Log del error para debugging
    > 4 |   console.error('Error capturado:', {
        |           ^
      5 |     message: err.message,
      6 |     code: err.code,
      7 |     statusCode: err.statusCode,

      at error (src/middleware/errorHandler.js:4:11)
      at Layer.handle_error (node_modules/express/lib/router/layer.js:71:5)
      at trim_prefix (node_modules/express/lib/router/index.js:326:13)
      at node_modules/express/lib/router/index.js:286:9
      at Function.process_params (node_modules/express/lib/router/index.js:346:12)
      at next (node_modules/express/lib/router/index.js:280:10)
      at Layer.handle_error (node_modules/express/lib/router/layer.js:67:12)
      at trim_prefix (node_modules/express/lib/router/index.js:326:13)
      at node_modules/express/lib/router/index.js:286:9
      at Function.process_params (node_modules/express/lib/router/index.js:346:12)
      at next (node_modules/express/lib/router/index.js:280:10)
      at node_modules/express/lib/router/index.js:646:15
      at next (node_modules/express/lib/router/index.js:265:14)
      at next (node_modules/express/lib/router/route.js:141:14)
      at next (src/controllers/AsistenciasController.js:33:7)

  console.log
    2026-04-26T15:04:26.502Z - POST /api/asistencias - 404 - 3ms

      at ServerResponse.log [as send] (src/middleware/errorHandler.js:89:13)

  console.log
    2026-04-26T15:04:26.505Z - POST /api/asistencias - IP: ::ffff:127.0.0.1

      at log (src/middleware/errorHandler.js:83:11)

  console.error
    Error capturado: {
      message: 'No se encontró un estudiante con el ID especificado',
      code: 'STUDENT_NOT_FOUND',
      statusCode: 404,
      stack: undefined,
      url: '/api/asistencias',
      method: 'POST',
      timestamp: '2026-04-26T15:04:26.508Z'
    }

      2 | const errorHandler = (err, req, res, next) => {
      3 |   // Log del error para debugging
    > 4 |   console.error('Error capturado:', {
        |           ^
      5 |     message: err.message,
      6 |     code: err.code,
      7 |     statusCode: err.statusCode,

      at error (src/middleware/errorHandler.js:4:11)
      at Layer.handle_error (node_modules/express/lib/router/layer.js:71:5)
      at trim_prefix (node_modules/express/lib/router/index.js:326:13)
      at node_modules/express/lib/router/index.js:286:9
      at Function.process_params (node_modules/express/lib/router/index.js:346:12)
      at next (node_modules/express/lib/router/index.js:280:10)
      at Layer.handle_error (node_modules/express/lib/router/layer.js:67:12)
      at trim_prefix (node_modules/express/lib/router/index.js:326:13)
      at node_modules/express/lib/router/index.js:286:9
      at Function.process_params (node_modules/express/lib/router/index.js:346:12)
      at next (node_modules/express/lib/router/index.js:280:10)
      at node_modules/express/lib/router/index.js:646:15
      at next (node_modules/express/lib/router/index.js:265:14)
      at next (node_modules/express/lib/router/route.js:141:14)
      at next (src/controllers/AsistenciasController.js:33:7)

  console.log
    2026-04-26T15:04:26.509Z - POST /api/asistencias - 404 - 4ms

      at ServerResponse.log [as send] (src/middleware/errorHandler.js:89:13)

  console.log
    2026-04-26T15:04:26.512Z - POST /api/asistencias - IP: ::ffff:127.0.0.1

      at log (src/middleware/errorHandler.js:83:11)

  console.error
    Error capturado: {
      message: 'No se encontró un estudiante con el ID especificado',
      code: 'STUDENT_NOT_FOUND',
      statusCode: 404,
      stack: undefined,
      url: '/api/asistencias',
      method: 'POST',
      timestamp: '2026-04-26T15:04:26.514Z'
    }

      2 | const errorHandler = (err, req, res, next) => {
      3 |   // Log del error para debugging
    > 4 |   console.error('Error capturado:', {
        |           ^
      5 |     message: err.message,
      6 |     code: err.code,
      7 |     statusCode: err.statusCode,

      at error (src/middleware/errorHandler.js:4:11)
      at Layer.handle_error (node_modules/express/lib/router/layer.js:71:5)
      at trim_prefix (node_modules/express/lib/router/index.js:326:13)
      at node_modules/express/lib/router/index.js:286:9
      at Function.process_params (node_modules/express/lib/router/index.js:346:12)
      at next (node_modules/express/lib/router/index.js:280:10)
      at Layer.handle_error (node_modules/express/lib/router/layer.js:67:12)
      at trim_prefix (node_modules/express/lib/router/index.js:326:13)
      at node_modules/express/lib/router/index.js:286:9
      at Function.process_params (node_modules/express/lib/router/index.js:346:12)
      at next (node_modules/express/lib/router/index.js:280:10)
      at node_modules/express/lib/router/index.js:646:15
      at next (node_modules/express/lib/router/index.js:265:14)
      at next (node_modules/express/lib/router/route.js:141:14)
      at next (src/controllers/AsistenciasController.js:33:7)

  console.log
    2026-04-26T15:04:26.515Z - POST /api/asistencias - 404 - 3ms

      at ServerResponse.log [as send] (src/middleware/errorHandler.js:89:13)

  console.log
    2026-04-26T15:04:26.518Z - POST /api/asistencias - IP: ::ffff:127.0.0.1

      at log (src/middleware/errorHandler.js:83:11)

  console.error
    Error capturado: {
      message: 'No se encontró un estudiante con el ID especificado',
      code: 'STUDENT_NOT_FOUND',
      statusCode: 404,
      stack: undefined,
      url: '/api/asistencias',
      method: 'POST',
      timestamp: '2026-04-26T15:04:26.520Z'
    }

      2 | const errorHandler = (err, req, res, next) => {
      3 |   // Log del error para debugging
    > 4 |   console.error('Error capturado:', {
        |           ^
      5 |     message: err.message,
      6 |     code: err.code,
      7 |     statusCode: err.statusCode,

      at error (src/middleware/errorHandler.js:4:11)
      at Layer.handle_error (node_modules/express/lib/router/layer.js:71:5)
      at trim_prefix (node_modules/express/lib/router/index.js:326:13)
      at node_modules/express/lib/router/index.js:286:9
      at Function.process_params (node_modules/express/lib/router/index.js:346:12)
      at next (node_modules/express/lib/router/index.js:280:10)
      at Layer.handle_error (node_modules/express/lib/router/layer.js:67:12)
      at trim_prefix (node_modules/express/lib/router/index.js:326:13)
      at node_modules/express/lib/router/index.js:286:9
      at Function.process_params (node_modules/express/lib/router/index.js:346:12)
      at next (node_modules/express/lib/router/index.js:280:10)
      at node_modules/express/lib/router/index.js:646:15
      at next (node_modules/express/lib/router/index.js:265:14)
      at next (node_modules/express/lib/router/route.js:141:14)
      at next (src/controllers/AsistenciasController.js:33:7)

  console.log
    2026-04-26T15:04:26.521Z - POST /api/asistencias - 404 - 3ms

      at ServerResponse.log [as send] (src/middleware/errorHandler.js:89:13)

  console.log
    2026-04-26T15:04:26.525Z - POST /api/estudiantes - IP: ::ffff:127.0.0.1

      at log (src/middleware/errorHandler.js:83:11)

  console.log
    2026-04-26T15:04:26.527Z - POST / - 201 - 2ms

      at ServerResponse.log [as send] (src/middleware/errorHandler.js:89:13)

  console.log
    2026-04-26T15:04:26.529Z - GET /api/reportes/sin-asistencias - IP: ::ffff:127.0.0.1

      at log (src/middleware/errorHandler.js:83:11)

  console.log
    2026-04-26T15:04:26.533Z - GET /sin-asistencias - 200 - 4ms

      at ServerResponse.log [as send] (src/middleware/errorHandler.js:89:13)

  console.log
    2026-04-26T15:04:26.539Z - POST /api/estudiantes - IP: ::ffff:127.0.0.1

      at log (src/middleware/errorHandler.js:83:11)

  console.log
    2026-04-26T15:04:26.542Z - POST / - 201 - 3ms

      at ServerResponse.log [as send] (src/middleware/errorHandler.js:89:13)

  console.log
    2026-04-26T15:04:26.545Z - POST /api/estudiantes - IP: ::ffff:127.0.0.1

      at log (src/middleware/errorHandler.js:83:11)

  console.log
    2026-04-26T15:04:26.547Z - POST / - 201 - 2ms

      at ServerResponse.log [as send] (src/middleware/errorHandler.js:89:13)

  console.log
    2026-04-26T15:04:26.549Z - POST /api/estudiantes - IP: ::ffff:127.0.0.1

      at log (src/middleware/errorHandler.js:83:11)

  console.log
    2026-04-26T15:04:26.551Z - POST / - 201 - 2ms

      at ServerResponse.log [as send] (src/middleware/errorHandler.js:89:13)

  console.log
    2026-04-26T15:04:26.553Z - POST /api/asistencias - IP: ::ffff:127.0.0.1

      at log (src/middleware/errorHandler.js:83:11)

  console.error
    Error capturado: {
      message: 'No se encontró un estudiante con el ID especificado',
      code: 'STUDENT_NOT_FOUND',
      statusCode: 404,
      stack: undefined,
      url: '/api/asistencias',
      method: 'POST',
      timestamp: '2026-04-26T15:04:26.555Z'
    }

      2 | const errorHandler = (err, req, res, next) => {
      3 |   // Log del error para debugging
    > 4 |   console.error('Error capturado:', {
        |           ^
      5 |     message: err.message,
      6 |     code: err.code,
      7 |     statusCode: err.statusCode,

      at error (src/middleware/errorHandler.js:4:11)
      at Layer.handle_error (node_modules/express/lib/router/layer.js:71:5)
      at trim_prefix (node_modules/express/lib/router/index.js:326:13)
      at node_modules/express/lib/router/index.js:286:9
      at Function.process_params (node_modules/express/lib/router/index.js:346:12)
      at next (node_modules/express/lib/router/index.js:280:10)
      at Layer.handle_error (node_modules/express/lib/router/layer.js:67:12)
      at trim_prefix (node_modules/express/lib/router/index.js:326:13)
      at node_modules/express/lib/router/index.js:286:9
      at Function.process_params (node_modules/express/lib/router/index.js:346:12)
      at next (node_modules/express/lib/router/index.js:280:10)
      at node_modules/express/lib/router/index.js:646:15
      at next (node_modules/express/lib/router/index.js:265:14)
      at next (node_modules/express/lib/router/route.js:141:14)
      at next (src/controllers/AsistenciasController.js:33:7)

  console.log
    2026-04-26T15:04:26.557Z - POST /api/asistencias - 404 - 4ms

      at ServerResponse.log [as send] (src/middleware/errorHandler.js:89:13)

  console.log
    2026-04-26T15:04:26.561Z - POST /api/asistencias - IP: ::ffff:127.0.0.1

      at log (src/middleware/errorHandler.js:83:11)

  console.error
    Error capturado: {
      message: 'No se encontró un estudiante con el ID especificado',
      code: 'STUDENT_NOT_FOUND',
      statusCode: 404,
      stack: undefined,
      url: '/api/asistencias',
      method: 'POST',
      timestamp: '2026-04-26T15:04:26.563Z'
    }

      2 | const errorHandler = (err, req, res, next) => {
      3 |   // Log del error para debugging
    > 4 |   console.error('Error capturado:', {
        |           ^
      5 |     message: err.message,
      6 |     code: err.code,
      7 |     statusCode: err.statusCode,

      at error (src/middleware/errorHandler.js:4:11)
      at Layer.handle_error (node_modules/express/lib/router/layer.js:71:5)
      at trim_prefix (node_modules/express/lib/router/index.js:326:13)
      at node_modules/express/lib/router/index.js:286:9
      at Function.process_params (node_modules/express/lib/router/index.js:346:12)
      at next (node_modules/express/lib/router/index.js:280:10)
      at Layer.handle_error (node_modules/express/lib/router/layer.js:67:12)
      at trim_prefix (node_modules/express/lib/router/index.js:326:13)
      at node_modules/express/lib/router/index.js:286:9
      at Function.process_params (node_modules/express/lib/router/index.js:346:12)
      at next (node_modules/express/lib/router/index.js:280:10)
      at node_modules/express/lib/router/index.js:646:15
      at next (node_modules/express/lib/router/index.js:265:14)
      at next (node_modules/express/lib/router/route.js:141:14)
      at next (src/controllers/AsistenciasController.js:33:7)

  console.log
    2026-04-26T15:04:26.564Z - POST /api/asistencias - 404 - 3ms

      at ServerResponse.log [as send] (src/middleware/errorHandler.js:89:13)

  console.log
    2026-04-26T15:04:26.567Z - POST /api/asistencias - IP: ::ffff:127.0.0.1

      at log (src/middleware/errorHandler.js:83:11)

  console.error
    Error capturado: {
      message: 'No se encontró un estudiante con el ID especificado',
      code: 'STUDENT_NOT_FOUND',
      statusCode: 404,
      stack: undefined,
      url: '/api/asistencias',
      method: 'POST',
      timestamp: '2026-04-26T15:04:26.569Z'
    }

      2 | const errorHandler = (err, req, res, next) => {
      3 |   // Log del error para debugging
    > 4 |   console.error('Error capturado:', {
        |           ^
      5 |     message: err.message,
      6 |     code: err.code,
      7 |     statusCode: err.statusCode,

      at error (src/middleware/errorHandler.js:4:11)
      at Layer.handle_error (node_modules/express/lib/router/layer.js:71:5)
      at trim_prefix (node_modules/express/lib/router/index.js:326:13)
      at node_modules/express/lib/router/index.js:286:9
      at Function.process_params (node_modules/express/lib/router/index.js:346:12)
      at next (node_modules/express/lib/router/index.js:280:10)
      at Layer.handle_error (node_modules/express/lib/router/layer.js:67:12)
      at trim_prefix (node_modules/express/lib/router/index.js:326:13)
      at node_modules/express/lib/router/index.js:286:9
      at Function.process_params (node_modules/express/lib/router/index.js:346:12)
      at next (node_modules/express/lib/router/index.js:280:10)
      at node_modules/express/lib/router/index.js:646:15
      at next (node_modules/express/lib/router/index.js:265:14)
      at next (node_modules/express/lib/router/route.js:141:14)
      at next (src/controllers/AsistenciasController.js:33:7)

  console.log
    2026-04-26T15:04:26.570Z - POST /api/asistencias - 404 - 3ms

      at ServerResponse.log [as send] (src/middleware/errorHandler.js:89:13)

  console.log
    2026-04-26T15:04:26.574Z - POST /api/asistencias - IP: ::ffff:127.0.0.1

      at log (src/middleware/errorHandler.js:83:11)

  console.error
    Error capturado: {
      message: 'No se encontró un estudiante con el ID especificado',
      code: 'STUDENT_NOT_FOUND',
      statusCode: 404,
      stack: undefined,
      url: '/api/asistencias',
      method: 'POST',
      timestamp: '2026-04-26T15:04:26.576Z'
    }

      2 | const errorHandler = (err, req, res, next) => {
      3 |   // Log del error para debugging
    > 4 |   console.error('Error capturado:', {
        |           ^
      5 |     message: err.message,
      6 |     code: err.code,
      7 |     statusCode: err.statusCode,

      at error (src/middleware/errorHandler.js:4:11)
      at Layer.handle_error (node_modules/express/lib/router/layer.js:71:5)
      at trim_prefix (node_modules/express/lib/router/index.js:326:13)
      at node_modules/express/lib/router/index.js:286:9
      at Function.process_params (node_modules/express/lib/router/index.js:346:12)
      at next (node_modules/express/lib/router/index.js:280:10)
      at Layer.handle_error (node_modules/express/lib/router/layer.js:67:12)
      at trim_prefix (node_modules/express/lib/router/index.js:326:13)
      at node_modules/express/lib/router/index.js:286:9
      at Function.process_params (node_modules/express/lib/router/index.js:346:12)
      at next (node_modules/express/lib/router/index.js:280:10)
      at node_modules/express/lib/router/index.js:646:15
      at next (node_modules/express/lib/router/index.js:265:14)
      at next (node_modules/express/lib/router/route.js:141:14)
      at next (src/controllers/AsistenciasController.js:33:7)

  console.log
    2026-04-26T15:04:26.577Z - POST /api/asistencias - 404 - 3ms

      at ServerResponse.log [as send] (src/middleware/errorHandler.js:89:13)

  console.log
    2026-04-26T15:04:26.580Z - POST /api/asistencias - IP: ::ffff:127.0.0.1

      at log (src/middleware/errorHandler.js:83:11)

  console.error
    Error capturado: {
      message: 'No se encontró un estudiante con el ID especificado',
      code: 'STUDENT_NOT_FOUND',
      statusCode: 404,
      stack: undefined,
      url: '/api/asistencias',
      method: 'POST',
      timestamp: '2026-04-26T15:04:26.582Z'
    }

      2 | const errorHandler = (err, req, res, next) => {
      3 |   // Log del error para debugging
    > 4 |   console.error('Error capturado:', {
        |           ^
      5 |     message: err.message,
      6 |     code: err.code,
      7 |     statusCode: err.statusCode,

      at error (src/middleware/errorHandler.js:4:11)
      at Layer.handle_error (node_modules/express/lib/router/layer.js:71:5)
      at trim_prefix (node_modules/express/lib/router/index.js:326:13)
      at node_modules/express/lib/router/index.js:286:9
      at Function.process_params (node_modules/express/lib/router/index.js:346:12)
      at next (node_modules/express/lib/router/index.js:280:10)
      at Layer.handle_error (node_modules/express/lib/router/layer.js:67:12)
      at trim_prefix (node_modules/express/lib/router/index.js:326:13)
      at node_modules/express/lib/router/index.js:286:9
      at Function.process_params (node_modules/express/lib/router/index.js:346:12)
      at next (node_modules/express/lib/router/index.js:280:10)
      at node_modules/express/lib/router/index.js:646:15
      at next (node_modules/express/lib/router/index.js:265:14)
      at next (node_modules/express/lib/router/route.js:141:14)
      at next (src/controllers/AsistenciasController.js:33:7)

  console.log
    2026-04-26T15:04:26.583Z - POST /api/asistencias - 404 - 3ms

      at ServerResponse.log [as send] (src/middleware/errorHandler.js:89:13)

  console.log
    2026-04-26T15:04:26.586Z - POST /api/asistencias - IP: ::ffff:127.0.0.1

      at log (src/middleware/errorHandler.js:83:11)

  console.error
    Error capturado: {
      message: 'No se encontró un estudiante con el ID especificado',
      code: 'STUDENT_NOT_FOUND',
      statusCode: 404,
      stack: undefined,
      url: '/api/asistencias',
      method: 'POST',
      timestamp: '2026-04-26T15:04:26.588Z'
    }

      2 | const errorHandler = (err, req, res, next) => {
      3 |   // Log del error para debugging
    > 4 |   console.error('Error capturado:', {
        |           ^
      5 |     message: err.message,
      6 |     code: err.code,
      7 |     statusCode: err.statusCode,

      at error (src/middleware/errorHandler.js:4:11)
      at Layer.handle_error (node_modules/express/lib/router/layer.js:71:5)
      at trim_prefix (node_modules/express/lib/router/index.js:326:13)
      at node_modules/express/lib/router/index.js:286:9
      at Function.process_params (node_modules/express/lib/router/index.js:346:12)
      at next (node_modules/express/lib/router/index.js:280:10)
      at Layer.handle_error (node_modules/express/lib/router/layer.js:67:12)
      at trim_prefix (node_modules/express/lib/router/index.js:326:13)
      at node_modules/express/lib/router/index.js:286:9
      at Function.process_params (node_modules/express/lib/router/index.js:346:12)
      at next (node_modules/express/lib/router/index.js:280:10)
      at node_modules/express/lib/router/index.js:646:15
      at next (node_modules/express/lib/router/index.js:265:14)
      at next (node_modules/express/lib/router/route.js:141:14)
      at next (src/controllers/AsistenciasController.js:33:7)

  console.log
    2026-04-26T15:04:26.590Z - POST /api/asistencias - 404 - 4ms

      at ServerResponse.log [as send] (src/middleware/errorHandler.js:89:13)

  console.log
    2026-04-26T15:04:26.594Z - GET /api/reportes/sin-asistencias - IP: ::ffff:127.0.0.1

      at log (src/middleware/errorHandler.js:83:11)

  console.log
    2026-04-26T15:04:26.598Z - GET /sin-asistencias - 200 - 4ms

      at ServerResponse.log [as send] (src/middleware/errorHandler.js:89:13)

  console.log
    2026-04-26T15:04:26.608Z - POST /api/estudiantes - IP: ::ffff:127.0.0.1

      at log (src/middleware/errorHandler.js:83:11)

  console.log
    2026-04-26T15:04:26.610Z - POST / - 201 - 2ms

      at ServerResponse.log [as send] (src/middleware/errorHandler.js:89:13)

  console.log
    2026-04-26T15:04:26.614Z - POST /api/estudiantes - IP: ::ffff:127.0.0.1

      at log (src/middleware/errorHandler.js:83:11)

  console.log
    2026-04-26T15:04:26.616Z - POST / - 201 - 2ms

      at ServerResponse.log [as send] (src/middleware/errorHandler.js:89:13)

  console.log
    2026-04-26T15:04:26.619Z - POST /api/estudiantes - IP: ::ffff:127.0.0.1

      at log (src/middleware/errorHandler.js:83:11)

  console.log
    2026-04-26T15:04:26.621Z - POST / - 201 - 2ms

      at ServerResponse.log [as send] (src/middleware/errorHandler.js:89:13)

  console.log
    2026-04-26T15:04:26.625Z - POST /api/asistencias - IP: ::ffff:127.0.0.1

      at log (src/middleware/errorHandler.js:83:11)

  console.error
    Error capturado: {
      message: 'No se encontró un estudiante con el ID especificado',
      code: 'STUDENT_NOT_FOUND',
      statusCode: 404,
      stack: undefined,
      url: '/api/asistencias',
      method: 'POST',
      timestamp: '2026-04-26T15:04:26.627Z'
    }

      2 | const errorHandler = (err, req, res, next) => {
      3 |   // Log del error para debugging
    > 4 |   console.error('Error capturado:', {
        |           ^
      5 |     message: err.message,
      6 |     code: err.code,
      7 |     statusCode: err.statusCode,

      at error (src/middleware/errorHandler.js:4:11)
      at Layer.handle_error (node_modules/express/lib/router/layer.js:71:5)
      at trim_prefix (node_modules/express/lib/router/index.js:326:13)
      at node_modules/express/lib/router/index.js:286:9
      at Function.process_params (node_modules/express/lib/router/index.js:346:12)
      at next (node_modules/express/lib/router/index.js:280:10)
      at Layer.handle_error (node_modules/express/lib/router/layer.js:67:12)
      at trim_prefix (node_modules/express/lib/router/index.js:326:13)
      at node_modules/express/lib/router/index.js:286:9
      at Function.process_params (node_modules/express/lib/router/index.js:346:12)
      at next (node_modules/express/lib/router/index.js:280:10)
      at node_modules/express/lib/router/index.js:646:15
      at next (node_modules/express/lib/router/index.js:265:14)
      at next (node_modules/express/lib/router/route.js:141:14)
      at next (src/controllers/AsistenciasController.js:33:7)

  console.log
    2026-04-26T15:04:26.629Z - POST /api/asistencias - 404 - 4ms

      at ServerResponse.log [as send] (src/middleware/errorHandler.js:89:13)

  console.log
    2026-04-26T15:04:26.633Z - POST /api/asistencias - IP: ::ffff:127.0.0.1

      at log (src/middleware/errorHandler.js:83:11)

  console.error
    Error capturado: {
      message: 'No se encontró un estudiante con el ID especificado',
      code: 'STUDENT_NOT_FOUND',
      statusCode: 404,
      stack: undefined,
      url: '/api/asistencias',
      method: 'POST',
      timestamp: '2026-04-26T15:04:26.635Z'
    }

      2 | const errorHandler = (err, req, res, next) => {
      3 |   // Log del error para debugging
    > 4 |   console.error('Error capturado:', {
        |           ^
      5 |     message: err.message,
      6 |     code: err.code,
      7 |     statusCode: err.statusCode,

      at error (src/middleware/errorHandler.js:4:11)
      at Layer.handle_error (node_modules/express/lib/router/layer.js:71:5)
      at trim_prefix (node_modules/express/lib/router/index.js:326:13)
      at node_modules/express/lib/router/index.js:286:9
      at Function.process_params (node_modules/express/lib/router/index.js:346:12)
      at next (node_modules/express/lib/router/index.js:280:10)
      at Layer.handle_error (node_modules/express/lib/router/layer.js:67:12)
      at trim_prefix (node_modules/express/lib/router/index.js:326:13)
      at node_modules/express/lib/router/index.js:286:9
      at Function.process_params (node_modules/express/lib/router/index.js:346:12)
      at next (node_modules/express/lib/router/index.js:280:10)
      at node_modules/express/lib/router/index.js:646:15
      at next (node_modules/express/lib/router/index.js:265:14)
      at next (node_modules/express/lib/router/route.js:141:14)
      at next (src/controllers/AsistenciasController.js:33:7)

  console.log
    2026-04-26T15:04:26.637Z - POST /api/asistencias - 404 - 4ms

      at ServerResponse.log [as send] (src/middleware/errorHandler.js:89:13)

  console.log
    2026-04-26T15:04:26.646Z - POST /api/asistencias - IP: ::ffff:127.0.0.1

      at log (src/middleware/errorHandler.js:83:11)

  console.error
    Error capturado: {
      message: 'No se encontró un estudiante con el ID especificado',
      code: 'STUDENT_NOT_FOUND',
      statusCode: 404,
      stack: undefined,
      url: '/api/asistencias',
      method: 'POST',
      timestamp: '2026-04-26T15:04:26.650Z'
    }

      2 | const errorHandler = (err, req, res, next) => {
      3 |   // Log del error para debugging
    > 4 |   console.error('Error capturado:', {
        |           ^
      5 |     message: err.message,
      6 |     code: err.code,
      7 |     statusCode: err.statusCode,

      at error (src/middleware/errorHandler.js:4:11)
      at Layer.handle_error (node_modules/express/lib/router/layer.js:71:5)
      at trim_prefix (node_modules/express/lib/router/index.js:326:13)
      at node_modules/express/lib/router/index.js:286:9
      at Function.process_params (node_modules/express/lib/router/index.js:346:12)
      at next (node_modules/express/lib/router/index.js:280:10)
      at Layer.handle_error (node_modules/express/lib/router/layer.js:67:12)
      at trim_prefix (node_modules/express/lib/router/index.js:326:13)
      at node_modules/express/lib/router/index.js:286:9
      at Function.process_params (node_modules/express/lib/router/index.js:346:12)
      at next (node_modules/express/lib/router/index.js:280:10)
      at node_modules/express/lib/router/index.js:646:15
      at next (node_modules/express/lib/router/index.js:265:14)
      at next (node_modules/express/lib/router/route.js:141:14)
      at next (src/controllers/AsistenciasController.js:33:7)

  console.log
    2026-04-26T15:04:26.652Z - POST /api/asistencias - 404 - 6ms

      at ServerResponse.log [as send] (src/middleware/errorHandler.js:89:13)

  console.log
    2026-04-26T15:04:26.658Z - POST /api/asistencias - IP: ::ffff:127.0.0.1

      at log (src/middleware/errorHandler.js:83:11)

  console.error
    Error capturado: {
      message: 'No se encontró un estudiante con el ID especificado',
      code: 'STUDENT_NOT_FOUND',
      statusCode: 404,
      stack: undefined,
      url: '/api/asistencias',
      method: 'POST',
      timestamp: '2026-04-26T15:04:26.662Z'
    }

      2 | const errorHandler = (err, req, res, next) => {
      3 |   // Log del error para debugging
    > 4 |   console.error('Error capturado:', {
        |           ^
      5 |     message: err.message,
      6 |     code: err.code,
      7 |     statusCode: err.statusCode,

      at error (src/middleware/errorHandler.js:4:11)
      at Layer.handle_error (node_modules/express/lib/router/layer.js:71:5)
      at trim_prefix (node_modules/express/lib/router/index.js:326:13)
      at node_modules/express/lib/router/index.js:286:9
      at Function.process_params (node_modules/express/lib/router/index.js:346:12)
      at next (node_modules/express/lib/router/index.js:280:10)
      at Layer.handle_error (node_modules/express/lib/router/layer.js:67:12)
      at trim_prefix (node_modules/express/lib/router/index.js:326:13)
      at node_modules/express/lib/router/index.js:286:9
      at Function.process_params (node_modules/express/lib/router/index.js:346:12)
      at next (node_modules/express/lib/router/index.js:280:10)
      at node_modules/express/lib/router/index.js:646:15
      at next (node_modules/express/lib/router/index.js:265:14)
      at next (node_modules/express/lib/router/route.js:141:14)
      at next (src/controllers/AsistenciasController.js:33:7)

  console.log
    2026-04-26T15:04:26.664Z - POST /api/asistencias - 404 - 6ms

      at ServerResponse.log [as send] (src/middleware/errorHandler.js:89:13)

  console.log
    2026-04-26T15:04:26.669Z - POST /api/asistencias - IP: ::ffff:127.0.0.1

      at log (src/middleware/errorHandler.js:83:11)

  console.error
    Error capturado: {
      message: 'No se encontró un estudiante con el ID especificado',
      code: 'STUDENT_NOT_FOUND',
      statusCode: 404,
      stack: undefined,
      url: '/api/asistencias',
      method: 'POST',
      timestamp: '2026-04-26T15:04:26.673Z'
    }

      2 | const errorHandler = (err, req, res, next) => {
      3 |   // Log del error para debugging
    > 4 |   console.error('Error capturado:', {
        |           ^
      5 |     message: err.message,
      6 |     code: err.code,
      7 |     statusCode: err.statusCode,

      at error (src/middleware/errorHandler.js:4:11)
      at Layer.handle_error (node_modules/express/lib/router/layer.js:71:5)
      at trim_prefix (node_modules/express/lib/router/index.js:326:13)
      at node_modules/express/lib/router/index.js:286:9
      at Function.process_params (node_modules/express/lib/router/index.js:346:12)
      at next (node_modules/express/lib/router/index.js:280:10)
      at Layer.handle_error (node_modules/express/lib/router/layer.js:67:12)
      at trim_prefix (node_modules/express/lib/router/index.js:326:13)
      at node_modules/express/lib/router/index.js:286:9
      at Function.process_params (node_modules/express/lib/router/index.js:346:12)
      at next (node_modules/express/lib/router/index.js:280:10)
      at node_modules/express/lib/router/index.js:646:15
      at next (node_modules/express/lib/router/index.js:265:14)
      at next (node_modules/express/lib/router/route.js:141:14)
      at next (src/controllers/AsistenciasController.js:33:7)

  console.log
    2026-04-26T15:04:26.675Z - POST /api/asistencias - 404 - 6ms

      at ServerResponse.log [as send] (src/middleware/errorHandler.js:89:13)

  console.log
    2026-04-26T15:04:26.680Z - POST /api/asistencias - IP: ::ffff:127.0.0.1

      at log (src/middleware/errorHandler.js:83:11)

  console.error
    Error capturado: {
      message: 'No se encontró un estudiante con el ID especificado',
      code: 'STUDENT_NOT_FOUND',
      statusCode: 404,
      stack: undefined,
      url: '/api/asistencias',
      method: 'POST',
      timestamp: '2026-04-26T15:04:26.684Z'
    }

      2 | const errorHandler = (err, req, res, next) => {
      3 |   // Log del error para debugging
    > 4 |   console.error('Error capturado:', {
        |           ^
      5 |     message: err.message,
      6 |     code: err.code,
      7 |     statusCode: err.statusCode,

      at error (src/middleware/errorHandler.js:4:11)
      at Layer.handle_error (node_modules/express/lib/router/layer.js:71:5)
      at trim_prefix (node_modules/express/lib/router/index.js:326:13)
      at node_modules/express/lib/router/index.js:286:9
      at Function.process_params (node_modules/express/lib/router/index.js:346:12)
      at next (node_modules/express/lib/router/index.js:280:10)
      at Layer.handle_error (node_modules/express/lib/router/layer.js:67:12)
      at trim_prefix (node_modules/express/lib/router/index.js:326:13)
      at node_modules/express/lib/router/index.js:286:9
      at Function.process_params (node_modules/express/lib/router/index.js:346:12)
      at next (node_modules/express/lib/router/index.js:280:10)
      at node_modules/express/lib/router/index.js:646:15
      at next (node_modules/express/lib/router/index.js:265:14)
      at next (node_modules/express/lib/router/route.js:141:14)
      at next (src/controllers/AsistenciasController.js:33:7)

  console.log
    2026-04-26T15:04:26.686Z - POST /api/asistencias - 404 - 6ms

      at ServerResponse.log [as send] (src/middleware/errorHandler.js:89:13)

  console.log
    2026-04-26T15:04:26.693Z - GET /api/reportes/ausentismo - IP: ::ffff:127.0.0.1

      at log (src/middleware/errorHandler.js:83:11)

  console.log
    2026-04-26T15:04:26.700Z - GET /ausentismo - 200 - 7ms

      at ServerResponse.log [as send] (src/middleware/errorHandler.js:89:13)

  console.log
    2026-04-26T15:04:26.703Z - GET /api/reportes/estadisticas - IP: ::ffff:127.0.0.1

      at log (src/middleware/errorHandler.js:83:11)

  console.log
    2026-04-26T15:04:26.711Z - GET /estadisticas - 200 - 8ms

      at ServerResponse.log [as send] (src/middleware/errorHandler.js:89:13)

  console.log
    2026-04-26T15:04:26.716Z - POST /api/estudiantes - IP: ::ffff:127.0.0.1

      at log (src/middleware/errorHandler.js:83:11)

  console.log
    2026-04-26T15:04:26.719Z - POST / - 201 - 3ms

      at ServerResponse.log [as send] (src/middleware/errorHandler.js:89:13)

  console.log
    2026-04-26T15:04:26.722Z - POST /api/estudiantes - IP: ::ffff:127.0.0.1

      at log (src/middleware/errorHandler.js:83:11)

  console.log
    2026-04-26T15:04:26.725Z - POST / - 201 - 3ms

      at ServerResponse.log [as send] (src/middleware/errorHandler.js:89:13)

  console.log
    2026-04-26T15:04:26.729Z - POST /api/estudiantes - IP: ::ffff:127.0.0.1

      at log (src/middleware/errorHandler.js:83:11)

  console.log
    2026-04-26T15:04:26.731Z - POST / - 201 - 2ms

      at ServerResponse.log [as send] (src/middleware/errorHandler.js:89:13)

  console.log
    2026-04-26T15:04:26.734Z - POST /api/asistencias - IP: ::ffff:127.0.0.1

      at log (src/middleware/errorHandler.js:83:11)

  console.error
    Error capturado: {
      message: 'No se encontró un estudiante con el ID especificado',
      code: 'STUDENT_NOT_FOUND',
      statusCode: 404,
      stack: undefined,
      url: '/api/asistencias',
      method: 'POST',
      timestamp: '2026-04-26T15:04:26.736Z'
    }

      2 | const errorHandler = (err, req, res, next) => {
      3 |   // Log del error para debugging
    > 4 |   console.error('Error capturado:', {
        |           ^
      5 |     message: err.message,
      6 |     code: err.code,
      7 |     statusCode: err.statusCode,

      at error (src/middleware/errorHandler.js:4:11)
      at Layer.handle_error (node_modules/express/lib/router/layer.js:71:5)
      at trim_prefix (node_modules/express/lib/router/index.js:326:13)
      at node_modules/express/lib/router/index.js:286:9
      at Function.process_params (node_modules/express/lib/router/index.js:346:12)
      at next (node_modules/express/lib/router/index.js:280:10)
      at Layer.handle_error (node_modules/express/lib/router/layer.js:67:12)
      at trim_prefix (node_modules/express/lib/router/index.js:326:13)
      at node_modules/express/lib/router/index.js:286:9
      at Function.process_params (node_modules/express/lib/router/index.js:346:12)
      at next (node_modules/express/lib/router/index.js:280:10)
      at node_modules/express/lib/router/index.js:646:15
      at next (node_modules/express/lib/router/index.js:265:14)
      at next (node_modules/express/lib/router/route.js:141:14)
      at next (src/controllers/AsistenciasController.js:33:7)

  console.log
    2026-04-26T15:04:26.737Z - POST /api/asistencias - 404 - 3ms

      at ServerResponse.log [as send] (src/middleware/errorHandler.js:89:13)

  console.log
    2026-04-26T15:04:26.742Z - POST /api/asistencias - IP: ::ffff:127.0.0.1

      at log (src/middleware/errorHandler.js:83:11)

  console.error
    Error capturado: {
      message: 'No se encontró un estudiante con el ID especificado',
      code: 'STUDENT_NOT_FOUND',
      statusCode: 404,
      stack: undefined,
      url: '/api/asistencias',
      method: 'POST',
      timestamp: '2026-04-26T15:04:26.745Z'
    }

      2 | const errorHandler = (err, req, res, next) => {
      3 |   // Log del error para debugging
    > 4 |   console.error('Error capturado:', {
        |           ^
      5 |     message: err.message,
      6 |     code: err.code,
      7 |     statusCode: err.statusCode,

      at error (src/middleware/errorHandler.js:4:11)
      at Layer.handle_error (node_modules/express/lib/router/layer.js:71:5)
      at trim_prefix (node_modules/express/lib/router/index.js:326:13)
      at node_modules/express/lib/router/index.js:286:9
      at Function.process_params (node_modules/express/lib/router/index.js:346:12)
      at next (node_modules/express/lib/router/index.js:280:10)
      at Layer.handle_error (node_modules/express/lib/router/layer.js:67:12)
      at trim_prefix (node_modules/express/lib/router/index.js:326:13)
      at node_modules/express/lib/router/index.js:286:9
      at Function.process_params (node_modules/express/lib/router/index.js:346:12)
      at next (node_modules/express/lib/router/index.js:280:10)
      at node_modules/express/lib/router/index.js:646:15
      at next (node_modules/express/lib/router/index.js:265:14)
      at next (node_modules/express/lib/router/route.js:141:14)
      at next (src/controllers/AsistenciasController.js:33:7)

  console.log
    2026-04-26T15:04:26.747Z - POST /api/asistencias - 404 - 5ms

      at ServerResponse.log [as send] (src/middleware/errorHandler.js:89:13)

  console.log
    2026-04-26T15:04:26.750Z - POST /api/asistencias - IP: ::ffff:127.0.0.1

      at log (src/middleware/errorHandler.js:83:11)

  console.error
    Error capturado: {
      message: 'No se encontró un estudiante con el ID especificado',
      code: 'STUDENT_NOT_FOUND',
      statusCode: 404,
      stack: undefined,
      url: '/api/asistencias',
      method: 'POST',
      timestamp: '2026-04-26T15:04:26.752Z'
    }

      2 | const errorHandler = (err, req, res, next) => {
      3 |   // Log del error para debugging
    > 4 |   console.error('Error capturado:', {
        |           ^
      5 |     message: err.message,
      6 |     code: err.code,
      7 |     statusCode: err.statusCode,

      at error (src/middleware/errorHandler.js:4:11)
      at Layer.handle_error (node_modules/express/lib/router/layer.js:71:5)
      at trim_prefix (node_modules/express/lib/router/index.js:326:13)
      at node_modules/express/lib/router/index.js:286:9
      at Function.process_params (node_modules/express/lib/router/index.js:346:12)
      at next (node_modules/express/lib/router/index.js:280:10)
      at Layer.handle_error (node_modules/express/lib/router/layer.js:67:12)
      at trim_prefix (node_modules/express/lib/router/index.js:326:13)
      at node_modules/express/lib/router/index.js:286:9
      at Function.process_params (node_modules/express/lib/router/index.js:346:12)
      at next (node_modules/express/lib/router/index.js:280:10)
      at node_modules/express/lib/router/index.js:646:15
      at next (node_modules/express/lib/router/index.js:265:14)
      at next (node_modules/express/lib/router/route.js:141:14)
      at next (src/controllers/AsistenciasController.js:33:7)

  console.log
    2026-04-26T15:04:26.754Z - POST /api/asistencias - 404 - 4ms

      at ServerResponse.log [as send] (src/middleware/errorHandler.js:89:13)

  console.log
    2026-04-26T15:04:26.758Z - POST /api/asistencias - IP: ::ffff:127.0.0.1

      at log (src/middleware/errorHandler.js:83:11)

  console.error
    Error capturado: {
      message: 'No se encontró un estudiante con el ID especificado',
      code: 'STUDENT_NOT_FOUND',
      statusCode: 404,
      stack: undefined,
      url: '/api/asistencias',
      method: 'POST',
      timestamp: '2026-04-26T15:04:26.760Z'
    }

      2 | const errorHandler = (err, req, res, next) => {
      3 |   // Log del error para debugging
    > 4 |   console.error('Error capturado:', {
        |           ^
      5 |     message: err.message,
      6 |     code: err.code,
      7 |     statusCode: err.statusCode,

      at error (src/middleware/errorHandler.js:4:11)
      at Layer.handle_error (node_modules/express/lib/router/layer.js:71:5)
      at trim_prefix (node_modules/express/lib/router/index.js:326:13)
      at node_modules/express/lib/router/index.js:286:9
      at Function.process_params (node_modules/express/lib/router/index.js:346:12)
      at next (node_modules/express/lib/router/index.js:280:10)
      at Layer.handle_error (node_modules/express/lib/router/layer.js:67:12)
      at trim_prefix (node_modules/express/lib/router/index.js:326:13)
      at node_modules/express/lib/router/index.js:286:9
      at Function.process_params (node_modules/express/lib/router/index.js:346:12)
      at next (node_modules/express/lib/router/index.js:280:10)
      at node_modules/express/lib/router/index.js:646:15
      at next (node_modules/express/lib/router/index.js:265:14)
      at next (node_modules/express/lib/router/route.js:141:14)
      at next (src/controllers/AsistenciasController.js:33:7)

  console.log
    2026-04-26T15:04:26.762Z - POST /api/asistencias - 404 - 4ms

      at ServerResponse.log [as send] (src/middleware/errorHandler.js:89:13)

  console.log
    2026-04-26T15:04:26.765Z - POST /api/asistencias - IP: ::ffff:127.0.0.1

      at log (src/middleware/errorHandler.js:83:11)

  console.error
    Error capturado: {
      message: 'No se encontró un estudiante con el ID especificado',
      code: 'STUDENT_NOT_FOUND',
      statusCode: 404,
      stack: undefined,
      url: '/api/asistencias',
      method: 'POST',
      timestamp: '2026-04-26T15:04:26.767Z'
    }

      2 | const errorHandler = (err, req, res, next) => {
      3 |   // Log del error para debugging
    > 4 |   console.error('Error capturado:', {
        |           ^
      5 |     message: err.message,
      6 |     code: err.code,
      7 |     statusCode: err.statusCode,

      at error (src/middleware/errorHandler.js:4:11)
      at Layer.handle_error (node_modules/express/lib/router/layer.js:71:5)
      at trim_prefix (node_modules/express/lib/router/index.js:326:13)
      at node_modules/express/lib/router/index.js:286:9
      at Function.process_params (node_modules/express/lib/router/index.js:346:12)
      at next (node_modules/express/lib/router/index.js:280:10)
      at Layer.handle_error (node_modules/express/lib/router/layer.js:67:12)
      at trim_prefix (node_modules/express/lib/router/index.js:326:13)
      at node_modules/express/lib/router/index.js:286:9
      at Function.process_params (node_modules/express/lib/router/index.js:346:12)
      at next (node_modules/express/lib/router/index.js:280:10)
      at node_modules/express/lib/router/index.js:646:15
      at next (node_modules/express/lib/router/index.js:265:14)
      at next (node_modules/express/lib/router/route.js:141:14)
      at next (src/controllers/AsistenciasController.js:33:7)

  console.log
    2026-04-26T15:04:26.769Z - POST /api/asistencias - 404 - 4ms

      at ServerResponse.log [as send] (src/middleware/errorHandler.js:89:13)

  console.log
    2026-04-26T15:04:26.775Z - POST /api/asistencias - IP: ::ffff:127.0.0.1

      at log (src/middleware/errorHandler.js:83:11)

  console.error
    Error capturado: {
      message: 'No se encontró un estudiante con el ID especificado',
      code: 'STUDENT_NOT_FOUND',
      statusCode: 404,
      stack: undefined,
      url: '/api/asistencias',
      method: 'POST',
      timestamp: '2026-04-26T15:04:26.778Z'
    }

      2 | const errorHandler = (err, req, res, next) => {
      3 |   // Log del error para debugging
    > 4 |   console.error('Error capturado:', {
        |           ^
      5 |     message: err.message,
      6 |     code: err.code,
      7 |     statusCode: err.statusCode,

      at error (src/middleware/errorHandler.js:4:11)
      at Layer.handle_error (node_modules/express/lib/router/layer.js:71:5)
      at trim_prefix (node_modules/express/lib/router/index.js:326:13)
      at node_modules/express/lib/router/index.js:286:9
      at Function.process_params (node_modules/express/lib/router/index.js:346:12)
      at next (node_modules/express/lib/router/index.js:280:10)
      at Layer.handle_error (node_modules/express/lib/router/layer.js:67:12)
      at trim_prefix (node_modules/express/lib/router/index.js:326:13)
      at node_modules/express/lib/router/index.js:286:9
      at Function.process_params (node_modules/express/lib/router/index.js:346:12)
      at next (node_modules/express/lib/router/index.js:280:10)
      at node_modules/express/lib/router/index.js:646:15
      at next (node_modules/express/lib/router/index.js:265:14)
      at next (node_modules/express/lib/router/route.js:141:14)
      at next (src/controllers/AsistenciasController.js:33:7)

  console.log
    2026-04-26T15:04:26.779Z - POST /api/asistencias - 404 - 4ms

      at ServerResponse.log [as send] (src/middleware/errorHandler.js:89:13)

  console.log
    2026-04-26T15:04:26.785Z - POST /api/asistencias - IP: ::ffff:127.0.0.1

      at log (src/middleware/errorHandler.js:83:11)

  console.error
    Error capturado: {
      message: 'No se encontró un estudiante con el ID especificado',
      code: 'STUDENT_NOT_FOUND',
      statusCode: 404,
      stack: undefined,
      url: '/api/asistencias',
      method: 'POST',
      timestamp: '2026-04-26T15:04:26.787Z'
    }

      2 | const errorHandler = (err, req, res, next) => {
      3 |   // Log del error para debugging
    > 4 |   console.error('Error capturado:', {
        |           ^
      5 |     message: err.message,
      6 |     code: err.code,
      7 |     statusCode: err.statusCode,

      at error (src/middleware/errorHandler.js:4:11)
      at Layer.handle_error (node_modules/express/lib/router/layer.js:71:5)
      at trim_prefix (node_modules/express/lib/router/index.js:326:13)
      at node_modules/express/lib/router/index.js:286:9
      at Function.process_params (node_modules/express/lib/router/index.js:346:12)
      at next (node_modules/express/lib/router/index.js:280:10)
      at Layer.handle_error (node_modules/express/lib/router/layer.js:67:12)
      at trim_prefix (node_modules/express/lib/router/index.js:326:13)
      at node_modules/express/lib/router/index.js:286:9
      at Function.process_params (node_modules/express/lib/router/index.js:346:12)
      at next (node_modules/express/lib/router/index.js:280:10)
      at node_modules/express/lib/router/index.js:646:15
      at next (node_modules/express/lib/router/index.js:265:14)
      at next (node_modules/express/lib/router/route.js:141:14)
      at next (src/controllers/AsistenciasController.js:33:7)

  console.log
    2026-04-26T15:04:26.789Z - POST /api/asistencias - 404 - 4ms

      at ServerResponse.log [as send] (src/middleware/errorHandler.js:89:13)

  console.log
    2026-04-26T15:04:26.794Z - GET /api/reportes/asistencias - IP: ::ffff:127.0.0.1

      at log (src/middleware/errorHandler.js:83:11)

  console.log
    2026-04-26T15:04:26.798Z - GET /asistencias - 200 - 4ms

      at ServerResponse.log [as send] (src/middleware/errorHandler.js:89:13)

  console.log
    2026-04-26T15:04:26.802Z - POST /api/estudiantes - IP: ::ffff:127.0.0.1

      at log (src/middleware/errorHandler.js:83:11)

  console.log
    2026-04-26T15:04:26.804Z - POST / - 201 - 2ms

      at ServerResponse.log [as send] (src/middleware/errorHandler.js:89:13)

  console.log
    2026-04-26T15:04:26.808Z - POST /api/estudiantes - IP: ::ffff:127.0.0.1

      at log (src/middleware/errorHandler.js:83:11)

  console.log
    2026-04-26T15:04:26.811Z - POST / - 201 - 3ms

      at ServerResponse.log [as send] (src/middleware/errorHandler.js:89:13)

  console.log
    2026-04-26T15:04:26.818Z - POST /api/estudiantes - IP: ::ffff:127.0.0.1

      at log (src/middleware/errorHandler.js:83:11)

  console.log
    2026-04-26T15:04:26.820Z - POST / - 201 - 2ms

      at ServerResponse.log [as send] (src/middleware/errorHandler.js:89:13)

  console.log
    2026-04-26T15:04:26.823Z - POST /api/asistencias - IP: ::ffff:127.0.0.1

      at log (src/middleware/errorHandler.js:83:11)

  console.error
    Error capturado: {
      message: 'No se encontró un estudiante con el ID especificado',
      code: 'STUDENT_NOT_FOUND',
      statusCode: 404,
      stack: undefined,
      url: '/api/asistencias',
      method: 'POST',
      timestamp: '2026-04-26T15:04:26.827Z'
    }

      2 | const errorHandler = (err, req, res, next) => {
      3 |   // Log del error para debugging
    > 4 |   console.error('Error capturado:', {
        |           ^
      5 |     message: err.message,
      6 |     code: err.code,
      7 |     statusCode: err.statusCode,

      at error (src/middleware/errorHandler.js:4:11)
      at Layer.handle_error (node_modules/express/lib/router/layer.js:71:5)
      at trim_prefix (node_modules/express/lib/router/index.js:326:13)
      at node_modules/express/lib/router/index.js:286:9
      at Function.process_params (node_modules/express/lib/router/index.js:346:12)
      at next (node_modules/express/lib/router/index.js:280:10)
      at Layer.handle_error (node_modules/express/lib/router/layer.js:67:12)
      at trim_prefix (node_modules/express/lib/router/index.js:326:13)
      at node_modules/express/lib/router/index.js:286:9
      at Function.process_params (node_modules/express/lib/router/index.js:346:12)
      at next (node_modules/express/lib/router/index.js:280:10)
      at node_modules/express/lib/router/index.js:646:15
      at next (node_modules/express/lib/router/index.js:265:14)
      at next (node_modules/express/lib/router/route.js:141:14)
      at next (src/controllers/AsistenciasController.js:33:7)

  console.log
    2026-04-26T15:04:26.829Z - POST /api/asistencias - 404 - 6ms

      at ServerResponse.log [as send] (src/middleware/errorHandler.js:89:13)

  console.log
    2026-04-26T15:04:26.833Z - POST /api/asistencias - IP: ::ffff:127.0.0.1

      at log (src/middleware/errorHandler.js:83:11)

  console.error
    Error capturado: {
      message: 'No se encontró un estudiante con el ID especificado',
      code: 'STUDENT_NOT_FOUND',
      statusCode: 404,
      stack: undefined,
      url: '/api/asistencias',
      method: 'POST',
      timestamp: '2026-04-26T15:04:26.834Z'
    }

      2 | const errorHandler = (err, req, res, next) => {
      3 |   // Log del error para debugging
    > 4 |   console.error('Error capturado:', {
        |           ^
      5 |     message: err.message,
      6 |     code: err.code,
      7 |     statusCode: err.statusCode,

      at error (src/middleware/errorHandler.js:4:11)
      at Layer.handle_error (node_modules/express/lib/router/layer.js:71:5)
      at trim_prefix (node_modules/express/lib/router/index.js:326:13)
      at node_modules/express/lib/router/index.js:286:9
      at Function.process_params (node_modules/express/lib/router/index.js:346:12)
      at next (node_modules/express/lib/router/index.js:280:10)
      at Layer.handle_error (node_modules/express/lib/router/layer.js:67:12)
      at trim_prefix (node_modules/express/lib/router/index.js:326:13)
      at node_modules/express/lib/router/index.js:286:9
      at Function.process_params (node_modules/express/lib/router/index.js:346:12)
      at next (node_modules/express/lib/router/index.js:280:10)
      at node_modules/express/lib/router/index.js:646:15
      at next (node_modules/express/lib/router/index.js:265:14)
      at next (node_modules/express/lib/router/route.js:141:14)
      at next (src/controllers/AsistenciasController.js:33:7)

  console.log
    2026-04-26T15:04:26.836Z - POST /api/asistencias - 404 - 3ms

      at ServerResponse.log [as send] (src/middleware/errorHandler.js:89:13)

  console.log
    2026-04-26T15:04:26.839Z - POST /api/asistencias - IP: ::ffff:127.0.0.1

      at log (src/middleware/errorHandler.js:83:11)

  console.error
    Error capturado: {
      message: 'No se encontró un estudiante con el ID especificado',
      code: 'STUDENT_NOT_FOUND',
      statusCode: 404,
      stack: undefined,
      url: '/api/asistencias',
      method: 'POST',
      timestamp: '2026-04-26T15:04:26.841Z'
    }

      2 | const errorHandler = (err, req, res, next) => {
      3 |   // Log del error para debugging
    > 4 |   console.error('Error capturado:', {
        |           ^
      5 |     message: err.message,
      6 |     code: err.code,
      7 |     statusCode: err.statusCode,

      at error (src/middleware/errorHandler.js:4:11)
      at Layer.handle_error (node_modules/express/lib/router/layer.js:71:5)
      at trim_prefix (node_modules/express/lib/router/index.js:326:13)
      at node_modules/express/lib/router/index.js:286:9
      at Function.process_params (node_modules/express/lib/router/index.js:346:12)
      at next (node_modules/express/lib/router/index.js:280:10)
      at Layer.handle_error (node_modules/express/lib/router/layer.js:67:12)
      at trim_prefix (node_modules/express/lib/router/index.js:326:13)
      at node_modules/express/lib/router/index.js:286:9
      at Function.process_params (node_modules/express/lib/router/index.js:346:12)
      at next (node_modules/express/lib/router/index.js:280:10)
      at node_modules/express/lib/router/index.js:646:15
      at next (node_modules/express/lib/router/index.js:265:14)
      at next (node_modules/express/lib/router/route.js:141:14)
      at next (src/controllers/AsistenciasController.js:33:7)

  console.log
    2026-04-26T15:04:26.843Z - POST /api/asistencias - 404 - 4ms

      at ServerResponse.log [as send] (src/middleware/errorHandler.js:89:13)

  console.log
    2026-04-26T15:04:26.846Z - POST /api/asistencias - IP: ::ffff:127.0.0.1

      at log (src/middleware/errorHandler.js:83:11)

  console.error
    Error capturado: {
      message: 'No se encontró un estudiante con el ID especificado',
      code: 'STUDENT_NOT_FOUND',
      statusCode: 404,
      stack: undefined,
      url: '/api/asistencias',
      method: 'POST',
      timestamp: '2026-04-26T15:04:26.848Z'
    }

      2 | const errorHandler = (err, req, res, next) => {
      3 |   // Log del error para debugging
    > 4 |   console.error('Error capturado:', {
        |           ^
      5 |     message: err.message,
      6 |     code: err.code,
      7 |     statusCode: err.statusCode,

      at error (src/middleware/errorHandler.js:4:11)
      at Layer.handle_error (node_modules/express/lib/router/layer.js:71:5)
      at trim_prefix (node_modules/express/lib/router/index.js:326:13)
      at node_modules/express/lib/router/index.js:286:9
      at Function.process_params (node_modules/express/lib/router/index.js:346:12)
      at next (node_modules/express/lib/router/index.js:280:10)
      at Layer.handle_error (node_modules/express/lib/router/layer.js:67:12)
      at trim_prefix (node_modules/express/lib/router/index.js:326:13)
      at node_modules/express/lib/router/index.js:286:9
      at Function.process_params (node_modules/express/lib/router/index.js:346:12)
      at next (node_modules/express/lib/router/index.js:280:10)
      at node_modules/express/lib/router/index.js:646:15
      at next (node_modules/express/lib/router/index.js:265:14)
      at next (node_modules/express/lib/router/route.js:141:14)
      at next (src/controllers/AsistenciasController.js:33:7)

  console.log
    2026-04-26T15:04:26.849Z - POST /api/asistencias - 404 - 3ms

      at ServerResponse.log [as send] (src/middleware/errorHandler.js:89:13)

  console.log
    2026-04-26T15:04:26.852Z - POST /api/asistencias - IP: ::ffff:127.0.0.1

      at log (src/middleware/errorHandler.js:83:11)

  console.error
    Error capturado: {
      message: 'No se encontró un estudiante con el ID especificado',
      code: 'STUDENT_NOT_FOUND',
      statusCode: 404,
      stack: undefined,
      url: '/api/asistencias',
      method: 'POST',
      timestamp: '2026-04-26T15:04:26.854Z'
    }

      2 | const errorHandler = (err, req, res, next) => {
      3 |   // Log del error para debugging
    > 4 |   console.error('Error capturado:', {
        |           ^
      5 |     message: err.message,
      6 |     code: err.code,
      7 |     statusCode: err.statusCode,

      at error (src/middleware/errorHandler.js:4:11)
      at Layer.handle_error (node_modules/express/lib/router/layer.js:71:5)
      at trim_prefix (node_modules/express/lib/router/index.js:326:13)
      at node_modules/express/lib/router/index.js:286:9
      at Function.process_params (node_modules/express/lib/router/index.js:346:12)
      at next (node_modules/express/lib/router/index.js:280:10)
      at Layer.handle_error (node_modules/express/lib/router/layer.js:67:12)
      at trim_prefix (node_modules/express/lib/router/index.js:326:13)
      at node_modules/express/lib/router/index.js:286:9
      at Function.process_params (node_modules/express/lib/router/index.js:346:12)
      at next (node_modules/express/lib/router/index.js:280:10)
      at node_modules/express/lib/router/index.js:646:15
      at next (node_modules/express/lib/router/index.js:265:14)
      at next (node_modules/express/lib/router/route.js:141:14)
      at next (src/controllers/AsistenciasController.js:33:7)

  console.log
    2026-04-26T15:04:26.856Z - POST /api/asistencias - 404 - 4ms

      at ServerResponse.log [as send] (src/middleware/errorHandler.js:89:13)

  console.log
    2026-04-26T15:04:26.860Z - POST /api/asistencias - IP: ::ffff:127.0.0.1

      at log (src/middleware/errorHandler.js:83:11)

  console.error
    Error capturado: {
      message: 'No se encontró un estudiante con el ID especificado',
      code: 'STUDENT_NOT_FOUND',
      statusCode: 404,
      stack: undefined,
      url: '/api/asistencias',
      method: 'POST',
      timestamp: '2026-04-26T15:04:26.861Z'
    }

      2 | const errorHandler = (err, req, res, next) => {
      3 |   // Log del error para debugging
    > 4 |   console.error('Error capturado:', {
        |           ^
      5 |     message: err.message,
      6 |     code: err.code,
      7 |     statusCode: err.statusCode,

      at error (src/middleware/errorHandler.js:4:11)
      at Layer.handle_error (node_modules/express/lib/router/layer.js:71:5)
      at trim_prefix (node_modules/express/lib/router/index.js:326:13)
      at node_modules/express/lib/router/index.js:286:9
      at Function.process_params (node_modules/express/lib/router/index.js:346:12)
      at next (node_modules/express/lib/router/index.js:280:10)
      at Layer.handle_error (node_modules/express/lib/router/layer.js:67:12)
      at trim_prefix (node_modules/express/lib/router/index.js:326:13)
      at node_modules/express/lib/router/index.js:286:9
      at Function.process_params (node_modules/express/lib/router/index.js:346:12)
      at next (node_modules/express/lib/router/index.js:280:10)
      at node_modules/express/lib/router/index.js:646:15
      at next (node_modules/express/lib/router/index.js:265:14)
      at next (node_modules/express/lib/router/route.js:141:14)
      at next (src/controllers/AsistenciasController.js:33:7)

  console.log
    2026-04-26T15:04:26.863Z - POST /api/asistencias - 404 - 3ms

      at ServerResponse.log [as send] (src/middleware/errorHandler.js:89:13)

  console.log
    2026-04-26T15:04:26.867Z - GET /api/reportes/asistencias?fechaInicio=2024-01-20&fechaFin=2024-01-10 - IP: ::ffff:127.0.0.1

      at log (src/middleware/errorHandler.js:83:11)

  console.log
    2026-04-26T15:04:26.871Z - GET /asistencias?fechaInicio=2024-01-20&fechaFin=2024-01-10 - 200 - 4ms

      at ServerResponse.log [as send] (src/middleware/errorHandler.js:89:13)

  console.log
    2026-04-26T15:04:26.875Z - POST /api/estudiantes - IP: ::ffff:127.0.0.1

      at log (src/middleware/errorHandler.js:83:11)

  console.log
    2026-04-26T15:04:26.877Z - POST / - 201 - 2ms

      at ServerResponse.log [as send] (src/middleware/errorHandler.js:89:13)

  console.log
    2026-04-26T15:04:26.882Z - POST /api/estudiantes - IP: ::ffff:127.0.0.1

      at log (src/middleware/errorHandler.js:83:11)

  console.log
    2026-04-26T15:04:26.884Z - POST / - 201 - 2ms

      at ServerResponse.log [as send] (src/middleware/errorHandler.js:89:13)

  console.log
    2026-04-26T15:04:26.886Z - POST /api/estudiantes - IP: ::ffff:127.0.0.1

      at log (src/middleware/errorHandler.js:83:11)

  console.log
    2026-04-26T15:04:26.888Z - POST / - 201 - 2ms

      at ServerResponse.log [as send] (src/middleware/errorHandler.js:89:13)

  console.log
    2026-04-26T15:04:26.892Z - POST /api/asistencias - IP: ::ffff:127.0.0.1

      at log (src/middleware/errorHandler.js:83:11)

  console.error
    Error capturado: {
      message: 'No se encontró un estudiante con el ID especificado',
      code: 'STUDENT_NOT_FOUND',
      statusCode: 404,
      stack: undefined,
      url: '/api/asistencias',
      method: 'POST',
      timestamp: '2026-04-26T15:04:26.895Z'
    }

      2 | const errorHandler = (err, req, res, next) => {
      3 |   // Log del error para debugging
    > 4 |   console.error('Error capturado:', {
        |           ^
      5 |     message: err.message,
      6 |     code: err.code,
      7 |     statusCode: err.statusCode,

      at error (src/middleware/errorHandler.js:4:11)
      at Layer.handle_error (node_modules/express/lib/router/layer.js:71:5)
      at trim_prefix (node_modules/express/lib/router/index.js:326:13)
      at node_modules/express/lib/router/index.js:286:9
      at Function.process_params (node_modules/express/lib/router/index.js:346:12)
      at next (node_modules/express/lib/router/index.js:280:10)
      at Layer.handle_error (node_modules/express/lib/router/layer.js:67:12)
      at trim_prefix (node_modules/express/lib/router/index.js:326:13)
      at node_modules/express/lib/router/index.js:286:9
      at Function.process_params (node_modules/express/lib/router/index.js:346:12)
      at next (node_modules/express/lib/router/index.js:280:10)
      at node_modules/express/lib/router/index.js:646:15
      at next (node_modules/express/lib/router/index.js:265:14)
      at next (node_modules/express/lib/router/route.js:141:14)
      at next (src/controllers/AsistenciasController.js:33:7)

  console.log
    2026-04-26T15:04:26.897Z - POST /api/asistencias - 404 - 5ms

      at ServerResponse.log [as send] (src/middleware/errorHandler.js:89:13)

  console.log
    2026-04-26T15:04:26.900Z - POST /api/asistencias - IP: ::ffff:127.0.0.1

      at log (src/middleware/errorHandler.js:83:11)

  console.error
    Error capturado: {
      message: 'No se encontró un estudiante con el ID especificado',
      code: 'STUDENT_NOT_FOUND',
      statusCode: 404,
      stack: undefined,
      url: '/api/asistencias',
      method: 'POST',
      timestamp: '2026-04-26T15:04:26.903Z'
    }

      2 | const errorHandler = (err, req, res, next) => {
      3 |   // Log del error para debugging
    > 4 |   console.error('Error capturado:', {
        |           ^
      5 |     message: err.message,
      6 |     code: err.code,
      7 |     statusCode: err.statusCode,

      at error (src/middleware/errorHandler.js:4:11)
      at Layer.handle_error (node_modules/express/lib/router/layer.js:71:5)
      at trim_prefix (node_modules/express/lib/router/index.js:326:13)
      at node_modules/express/lib/router/index.js:286:9
      at Function.process_params (node_modules/express/lib/router/index.js:346:12)
      at next (node_modules/express/lib/router/index.js:280:10)
      at Layer.handle_error (node_modules/express/lib/router/layer.js:67:12)
      at trim_prefix (node_modules/express/lib/router/index.js:326:13)
      at node_modules/express/lib/router/index.js:286:9
      at Function.process_params (node_modules/express/lib/router/index.js:346:12)
      at next (node_modules/express/lib/router/index.js:280:10)
      at node_modules/express/lib/router/index.js:646:15
      at next (node_modules/express/lib/router/index.js:265:14)
      at next (node_modules/express/lib/router/route.js:141:14)
      at next (src/controllers/AsistenciasController.js:33:7)

  console.log
    2026-04-26T15:04:26.905Z - POST /api/asistencias - 404 - 5ms

      at ServerResponse.log [as send] (src/middleware/errorHandler.js:89:13)

  console.log
    2026-04-26T15:04:26.912Z - POST /api/asistencias - IP: ::ffff:127.0.0.1

      at log (src/middleware/errorHandler.js:83:11)

  console.error
    Error capturado: {
      message: 'No se encontró un estudiante con el ID especificado',
      code: 'STUDENT_NOT_FOUND',
      statusCode: 404,
      stack: undefined,
      url: '/api/asistencias',
      method: 'POST',
      timestamp: '2026-04-26T15:04:26.914Z'
    }

      2 | const errorHandler = (err, req, res, next) => {
      3 |   // Log del error para debugging
    > 4 |   console.error('Error capturado:', {
        |           ^
      5 |     message: err.message,
      6 |     code: err.code,
      7 |     statusCode: err.statusCode,

      at error (src/middleware/errorHandler.js:4:11)
      at Layer.handle_error (node_modules/express/lib/router/layer.js:71:5)
      at trim_prefix (node_modules/express/lib/router/index.js:326:13)
      at node_modules/express/lib/router/index.js:286:9
      at Function.process_params (node_modules/express/lib/router/index.js:346:12)
      at next (node_modules/express/lib/router/index.js:280:10)
      at Layer.handle_error (node_modules/express/lib/router/layer.js:67:12)
      at trim_prefix (node_modules/express/lib/router/index.js:326:13)
      at node_modules/express/lib/router/index.js:286:9
      at Function.process_params (node_modules/express/lib/router/index.js:346:12)
      at next (node_modules/express/lib/router/index.js:280:10)
      at node_modules/express/lib/router/index.js:646:15
      at next (node_modules/express/lib/router/index.js:265:14)
      at next (node_modules/express/lib/router/route.js:141:14)
      at next (src/controllers/AsistenciasController.js:33:7)

  console.log
    2026-04-26T15:04:26.916Z - POST /api/asistencias - 404 - 4ms

      at ServerResponse.log [as send] (src/middleware/errorHandler.js:89:13)

  console.log
    2026-04-26T15:04:26.919Z - POST /api/asistencias - IP: ::ffff:127.0.0.1

      at log (src/middleware/errorHandler.js:83:11)

  console.error
    Error capturado: {
      message: 'No se encontró un estudiante con el ID especificado',
      code: 'STUDENT_NOT_FOUND',
      statusCode: 404,
      stack: undefined,
      url: '/api/asistencias',
      method: 'POST',
      timestamp: '2026-04-26T15:04:26.921Z'
    }

      2 | const errorHandler = (err, req, res, next) => {
      3 |   // Log del error para debugging
    > 4 |   console.error('Error capturado:', {
        |           ^
      5 |     message: err.message,
      6 |     code: err.code,
      7 |     statusCode: err.statusCode,

      at error (src/middleware/errorHandler.js:4:11)
      at Layer.handle_error (node_modules/express/lib/router/layer.js:71:5)
      at trim_prefix (node_modules/express/lib/router/index.js:326:13)
      at node_modules/express/lib/router/index.js:286:9
      at Function.process_params (node_modules/express/lib/router/index.js:346:12)
      at next (node_modules/express/lib/router/index.js:280:10)
      at Layer.handle_error (node_modules/express/lib/router/layer.js:67:12)
      at trim_prefix (node_modules/express/lib/router/index.js:326:13)
      at node_modules/express/lib/router/index.js:286:9
      at Function.process_params (node_modules/express/lib/router/index.js:346:12)
      at next (node_modules/express/lib/router/index.js:280:10)
      at node_modules/express/lib/router/index.js:646:15
      at next (node_modules/express/lib/router/index.js:265:14)
      at next (node_modules/express/lib/router/route.js:141:14)
      at next (src/controllers/AsistenciasController.js:33:7)

  console.log
    2026-04-26T15:04:26.923Z - POST /api/asistencias - 404 - 4ms

      at ServerResponse.log [as send] (src/middleware/errorHandler.js:89:13)

  console.log
    2026-04-26T15:04:26.927Z - POST /api/asistencias - IP: ::ffff:127.0.0.1

      at log (src/middleware/errorHandler.js:83:11)

  console.error
    Error capturado: {
      message: 'No se encontró un estudiante con el ID especificado',
      code: 'STUDENT_NOT_FOUND',
      statusCode: 404,
      stack: undefined,
      url: '/api/asistencias',
      method: 'POST',
      timestamp: '2026-04-26T15:04:26.929Z'
    }

      2 | const errorHandler = (err, req, res, next) => {
      3 |   // Log del error para debugging
    > 4 |   console.error('Error capturado:', {
        |           ^
      5 |     message: err.message,
      6 |     code: err.code,
      7 |     statusCode: err.statusCode,

      at error (src/middleware/errorHandler.js:4:11)
      at Layer.handle_error (node_modules/express/lib/router/layer.js:71:5)
      at trim_prefix (node_modules/express/lib/router/index.js:326:13)
      at node_modules/express/lib/router/index.js:286:9
      at Function.process_params (node_modules/express/lib/router/index.js:346:12)
      at next (node_modules/express/lib/router/index.js:280:10)
      at Layer.handle_error (node_modules/express/lib/router/layer.js:67:12)
      at trim_prefix (node_modules/express/lib/router/index.js:326:13)
      at node_modules/express/lib/router/index.js:286:9
      at Function.process_params (node_modules/express/lib/router/index.js:346:12)
      at next (node_modules/express/lib/router/index.js:280:10)
      at node_modules/express/lib/router/index.js:646:15
      at next (node_modules/express/lib/router/index.js:265:14)
      at next (node_modules/express/lib/router/route.js:141:14)
      at next (src/controllers/AsistenciasController.js:33:7)

  console.log
    2026-04-26T15:04:26.930Z - POST /api/asistencias - 404 - 3ms

      at ServerResponse.log [as send] (src/middleware/errorHandler.js:89:13)

  console.log
    2026-04-26T15:04:26.933Z - POST /api/asistencias - IP: ::ffff:127.0.0.1

      at log (src/middleware/errorHandler.js:83:11)

  console.error
    Error capturado: {
      message: 'No se encontró un estudiante con el ID especificado',
      code: 'STUDENT_NOT_FOUND',
      statusCode: 404,
      stack: undefined,
      url: '/api/asistencias',
      method: 'POST',
      timestamp: '2026-04-26T15:04:26.935Z'
    }

      2 | const errorHandler = (err, req, res, next) => {
      3 |   // Log del error para debugging
    > 4 |   console.error('Error capturado:', {
        |           ^
      5 |     message: err.message,
      6 |     code: err.code,
      7 |     statusCode: err.statusCode,

      at error (src/middleware/errorHandler.js:4:11)
      at Layer.handle_error (node_modules/express/lib/router/layer.js:71:5)
      at trim_prefix (node_modules/express/lib/router/index.js:326:13)
      at node_modules/express/lib/router/index.js:286:9
      at Function.process_params (node_modules/express/lib/router/index.js:346:12)
      at next (node_modules/express/lib/router/index.js:280:10)
      at Layer.handle_error (node_modules/express/lib/router/layer.js:67:12)
      at trim_prefix (node_modules/express/lib/router/index.js:326:13)
      at node_modules/express/lib/router/index.js:286:9
      at Function.process_params (node_modules/express/lib/router/index.js:346:12)
      at next (node_modules/express/lib/router/index.js:280:10)
      at node_modules/express/lib/router/index.js:646:15
      at next (node_modules/express/lib/router/index.js:265:14)
      at next (node_modules/express/lib/router/route.js:141:14)
      at next (src/controllers/AsistenciasController.js:33:7)

  console.log
    2026-04-26T15:04:26.937Z - POST /api/asistencias - 404 - 4ms

      at ServerResponse.log [as send] (src/middleware/errorHandler.js:89:13)

  console.log
    2026-04-26T15:04:26.942Z - GET /api/reportes/asistencias?fechaInicio=aaaaaaaaaaaaaaaaaaaaaaaaaaaaaaaaaaaaaaaaaaaaaaaaaaaaaaaaaaaaaaaaaaaaaaaaaaaaaaaaaaaaaaaaaaaaaaaaaaaaaaaaaaaaaaaaaaaaaaaaaaaaaaaaaaaaaaaaaaaaaaaaaaaaaaaaaaaaaaaaaaaaaaaaaaaaaaaaaaaaaaaaaaaaaaaaaaaaaaaaaaaaaaaaaaaaaaaaaaaaaaaaaaaaaaaaaaaaaaaaaaaaaaaaaaaaaaaaaaaaaaaaaaaaaaaaaaaaaaaaaaaaaaaaaaaaaaaaaaaaaaaaaaaaaaaaaaaaaaaaaaaaaaaaaaaaaaaaaaaaaaaaaaaaaaaaaaaaaaaaaaaaaaaaaaaaaaaaaaaaaaaaaaaaaaaaaaaaaaaaaaaaaaaaaaaaaaaaaaaaaaaaaaaaaaaaaaaaaaaaaaaaaaaaaaaaaaaaaaaaaaaaaaaaaaaaaaaaaaaaaaaaaaaaaaaaaaaaaaaa - IP: ::ffff:127.0.0.1

      at log (src/middleware/errorHandler.js:83:11)

  console.log
    2026-04-26T15:04:26.946Z - GET /asistencias?fechaInicio=aaaaaaaaaaaaaaaaaaaaaaaaaaaaaaaaaaaaaaaaaaaaaaaaaaaaaaaaaaaaaaaaaaaaaaaaaaaaaaaaaaaaaaaaaaaaaaaaaaaaaaaaaaaaaaaaaaaaaaaaaaaaaaaaaaaaaaaaaaaaaaaaaaaaaaaaaaaaaaaaaaaaaaaaaaaaaaaaaaaaaaaaaaaaaaaaaaaaaaaaaaaaaaaaaaaaaaaaaaaaaaaaaaaaaaaaaaaaaaaaaaaaaaaaaaaaaaaaaaaaaaaaaaaaaaaaaaaaaaaaaaaaaaaaaaaaaaaaaaaaaaaaaaaaaaaaaaaaaaaaaaaaaaaaaaaaaaaaaaaaaaaaaaaaaaaaaaaaaaaaaaaaaaaaaaaaaaaaaaaaaaaaaaaaaaaaaaaaaaaaaaaaaaaaaaaaaaaaaaaaaaaaaaaaaaaaaaaaaaaaaaaaaaaaaaaaaaaaaaaaaaaaaaaaaaaaaaaaaaaaaaaaaaaaaaaaaaaaaaaa - 200 - 4ms

      at ServerResponse.log [as send] (src/middleware/errorHandler.js:89:13)

FAIL tests/integration/reportes.integration.test.js
  Endpoints de Reportes - Tests de Integración
    GET /api/reportes/ausentismo
      ✓ debe retornar top 5 estudiantes con más ausencias ordenados correctamente (357 ms)
      ✓ debe retornar máximo 5 estudiantes cuando hay más de 5 (167 ms)
      ✓ debe retornar array vacío cuando no hay estudiantes (81 ms)
      ✓ debe incluir estudiantes sin asistencias con 0 ausencias (91 ms)
    GET /api/reportes/asistencias
      ✓ debe retornar reporte completo de asistencias por estudiante (75 ms)
      ✕ debe calcular correctamente las estadísticas por estudiante (85 ms)
    GET /api/reportes/estadisticas
      ✕ debe retornar estadísticas generales del sistema (74 ms)
      ✕ debe calcular correctamente el promedio de asistencias por estudiante (69 ms)
    GET /api/reportes/sin-asistencias
      ✕ debe retornar estudiantes sin registros de asistencia (62 ms)
      ✕ debe retornar array vacío cuando todos los estudiantes tienen asistencias (68 ms)
    Casos límite en reportes
      ✓ debe manejar correctamente sistema sin datos (108 ms)
      ✕ debe incluir asistencias justificadas en el reporte completo (86 ms)
      ✕ debe rechazar búsquedas con fecha de inicio mayor a fecha de fin (73 ms)
      ✕ debe manejar parámetros de búsqueda maliciosos o excesivamente largos (74 ms)

  ● Endpoints de Reportes - Tests de Integración › GET /api/reportes/asistencias › debe calcular correctamente las estadísticas por estudiante

    expect(received).toBe(expected) // Object.is equality

    Expected: 3
    Received: 0

      176 |
      177 |       const estudiante1 = response.body.data.find(e => e.codigo === 'EST00001');
    > 178 |       expect(estudiante1.ausente).toBe(3);
          |                                   ^
      179 |       expect(estudiante1.presente).toBe(0);
      180 |       expect(estudiante1.total).toBe(3);
      181 |

      at Object.toBe (tests/integration/reportes.integration.test.js:178:35)

  ● Endpoints de Reportes - Tests de Integración › GET /api/reportes/estadisticas › debe retornar estadísticas generales del sistema

    expect(received).toBe(expected) // Object.is equality

    Expected: 6
    Received: 0

      201 |
      202 |       expect(response.body.data.totalEstudiantes).toBe(3);
    > 203 |       expect(response.body.data.totalAsistencias).toBe(6);
          |                                                   ^
      204 |       expect(response.body.data.porEstado.presente).toBe(2);
      205 |       expect(response.body.data.porEstado.ausente).toBe(4);
      206 |       expect(response.body.data.porEstado.justificada).toBe(0);

      at Object.toBe (tests/integration/reportes.integration.test.js:203:51)

  ● Endpoints de Reportes - Tests de Integración › GET /api/reportes/estadisticas › debe calcular correctamente el promedio de asistencias por estudiante

    expect(received).toBe(expected) // Object.is equality

    Expected: 2
    Received: 0

      213 |
      214 |       // 6 asistencias / 3 estudiantes = 2
    > 215 |       expect(response.body.data.promedioAsistenciasPorEstudiante).toBe(2);
          |                                                                   ^
      216 |     });
      217 |   });
      218 |

      at Object.toBe (tests/integration/reportes.integration.test.js:215:67)

  ● Endpoints de Reportes - Tests de Integración › GET /api/reportes/sin-asistencias › debe retornar estudiantes sin registros de asistencia

    expect(received).toBe(expected) // Object.is equality

    Expected: 1
    Received: 4

      234 |       expect(response.body.success).toBe(true);
      235 |       expect(response.body.data).toBeInstanceOf(Array);
    > 236 |       expect(response.body.total).toBe(1);
          |                                   ^
      237 |       
      238 |       const estudianteSinAsistencias = response.body.data[0];
      239 |       expect(estudianteSinAsistencias.codigo).toBe('EST00999');

      at Object.toBe (tests/integration/reportes.integration.test.js:236:35)

  ● Endpoints de Reportes - Tests de Integración › GET /api/reportes/sin-asistencias › debe retornar array vacío cuando todos los estudiantes tienen asistencias

    expect(received).toEqual(expected) // deep equality

    - Expected  -  1
    + Received  + 17

    - Array []
    + Array [
    +   Object {
    +     "codigo": "EST00001",
    +     "id": "00862ee0-76b1-4e60-ad0c-c44530fc801f",
    +     "nombre": "Estudiante 1",
    +   },
    +   Object {
    +     "codigo": "EST00002",
    +     "id": "38252ee0-f0ea-42b4-b28b-a3b776852fd7",
    +     "nombre": "Estudiante 2",
    +   },
    +   Object {
    +     "codigo": "EST00003",
    +     "id": "467e64bf-1efa-41bb-a0e8-78fe48d0c44e",
    +     "nombre": "Estudiante 3",
    +   },
    + ]

      247 |
      248 |       expect(response.body.success).toBe(true);
    > 249 |       expect(response.body.data).toEqual([]);
          |                                  ^
      250 |       expect(response.body.total).toBe(0);
      251 |     });
      252 |   });

      at Object.toEqual (tests/integration/reportes.integration.test.js:249:34)

  ● Endpoints de Reportes - Tests de Integración › Casos límite en reportes › debe incluir asistencias justificadas en el reporte completo

    expect(received).toBe(expected) // Object.is equality

    Expected: 1
    Received: 0

      285 |
      286 |       const estudiante1 = response.body.data.find(e => e.codigo === 'EST00001');
    > 287 |       expect(estudiante1.justificada).toBe(1);
          |                                       ^
      288 |       expect(estudiante1.total).toBe(4); // 3 ausentes + 1 justificada
      289 |     });
      290 |

      at Object.toBe (tests/integration/reportes.integration.test.js:287:39)

  ● Endpoints de Reportes - Tests de Integración › Casos límite en reportes › debe rechazar búsquedas con fecha de inicio mayor a fecha de fin

    expected 400 "Bad Request", got 200 "OK"

      292 |       const response = await request(app)
      293 |         .get('/api/reportes/asistencias?fechaInicio=2024-01-20&fechaFin=2024-01-10')
    > 294 |         .expect(400);
          |          ^
      295 |
      296 |       expect(response.body.success).toBe(false);
      297 |     });

      at Object.expect (tests/integration/reportes.integration.test.js:294:10)
      ----
      at Test._assertStatus (node_modules/supertest/lib/test.js:309:14)
      at node_modules/supertest/lib/test.js:365:13
      at Test._assertFunction (node_modules/supertest/lib/test.js:342:13)
      at Test.assert (node_modules/supertest/lib/test.js:195:23)
      at localAssert (node_modules/supertest/lib/test.js:138:14)
      at Server.<anonymous> (node_modules/supertest/lib/test.js:152:11)

  ● Endpoints de Reportes - Tests de Integración › Casos límite en reportes › debe manejar parámetros de búsqueda maliciosos o excesivamente largos

    expected 400 "Bad Request", got 200 "OK"

      301 |       const response = await request(app)
      302 |         .get(`/api/reportes/asistencias?fechaInicio=${paramMalicioso}`)
    > 303 |         .expect(400); // Dependiendo de la implementación, podría fallar o retornar 400
          |          ^
      304 |
      305 |       expect(response.body.success).toBe(false);
      306 |     });

      at Object.expect (tests/integration/reportes.integration.test.js:303:10)
      ----
      at Test._assertStatus (node_modules/supertest/lib/test.js:309:14)
      at node_modules/supertest/lib/test.js:365:13
      at Test._assertFunction (node_modules/supertest/lib/test.js:342:13)
      at Test.assert (node_modules/supertest/lib/test.js:195:23)
      at localAssert (node_modules/supertest/lib/test.js:138:14)
      at Server.<anonymous> (node_modules/supertest/lib/test.js:152:11)

Test Suites: 1 failed, 3 passed, 4 total
Tests:       8 failed, 38 passed, 46 total
Snapshots:   0 total
Time:        2.995 s, estimated 3 s
Ran all test suites.
Force exiting Jest: Have you considered using `--detectOpenHandles` to detect async operations that kept running after all tests finished?
